WARNING: All log messages before absl::InitializeLog() is called are written to STDERR
I0000 00:00:1783884436.911559   12368 port.cc:153] oneDNN custom operations are on. You may see slightly different numerical results due to floating-point round-off errors from different computation orders. To turn them off, set the environment variable `TF_ENABLE_ONEDNN_OPTS=0`.
WARNING: All log messages before absl::InitializeLog() is called are written to STDERR
I0000 00:00:1783884444.029184   12368 port.cc:153] oneDNN custom operations are on. You may see slightly different numerical results due to floating-point round-off errors from different computation orders. To turn them off, set the environment variable `TF_ENABLE_ONEDNN_OPTS=0`.
Traceback (most recent call last):
  File "C:\Users\KAVYA\AppData\Roaming\Python\Python313\site-packages\transformers\activations_tf.py", line 22, in <module>
    import tf_keras as keras
ModuleNotFoundError: No module named 'tf_keras'

During handling of the above exception, another exception occurred:

Traceback (most recent call last):
  File "D:\Travel.IO\ml-service\test_embed.py", line 4, in <module>
    from ml.embedding_index import SemanticSearchIndex
  File "D:\Travel.IO\ml-service\ml\embedding_index.py", line 5, in <module>
    from sentence_transformers import SentenceTransformer
  File "C:\Users\KAVYA\AppData\Roaming\Python\Python313\site-packages\sentence_transformers\__init__.py", line 15, in <module>
    from sentence_transformers.base.sampler import DefaultBatchSampler, MultiDatasetDefaultBatchSampler
  File "C:\Users\KAVYA\AppData\Roaming\Python\Python313\site-packages\sentence_transformers\base\__init__.py", line 4, in <module>
    from .model import BaseModel
  File "C:\Users\KAVYA\AppData\Roaming\Python\Python313\site-packages\sentence_transformers\base\model.py", line 32, in <module>
    from sentence_transformers.base.model_card import BaseModelCardData, generate_model_card
  File "C:\Users\KAVYA\AppData\Roaming\Python\Python313\site-packages\sentence_transformers\base\model_card.py", line 28, in <module>
    from transformers.integrations import CodeCarbonCallback
  File "<frozen importlib._bootstrap>", line 1412, in _handle_fromlist
  File "C:\Users\KAVYA\AppData\Roaming\Python\Python313\site-packages\transformers\utils\import_utils.py", line 2302, in __getattr__
    module = self._get_module(self._class_to_module[name])
  File "C:\Users\KAVYA\AppData\Roaming\Python\Python313\site-packages\transformers\utils\import_utils.py", line 2332, in _get_module
    raise e
  File "C:\Users\KAVYA\AppData\Roaming\Python\Python313\site-packages\transformers\utils\import_utils.py", line 2330, in _get_module
    return importlib.import_module("." + module_name, self.__name__)
           ~~~~~~~~~~~~~~~~~~~~~~~^^^^^^^^^^^^^^^^^^^^^^^^^^^^^^^^^^
  File "C:\Python313\Lib\importlib\__init__.py", line 88, in import_module
    return _bootstrap._gcd_import(name[level:], package, level)
           ~~~~~~~~~~~~~~~~~~~~~~^^^^^^^^^^^^^^^^^^^^^^^^^^^^^^
  File "C:\Users\KAVYA\AppData\Roaming\Python\Python313\site-packages\transformers\integrations\integration_utils.py", line 60, in <module>
    from .. import TFPreTrainedModel
  File "<frozen importlib._bootstrap>", line 1412, in _handle_fromlist
  File "C:\Users\KAVYA\AppData\Roaming\Python\Python313\site-packages\transformers\utils\import_utils.py", line 2302, in __getattr__
    module = self._get_module(self._class_to_module[name])
  File "C:\Users\KAVYA\AppData\Roaming\Python\Python313\site-packages\transformers\utils\import_utils.py", line 2332, in _get_module
    raise e
  File "C:\Users\KAVYA\AppData\Roaming\Python\Python313\site-packages\transformers\utils\import_utils.py", line 2330, in _get_module
    return importlib.import_module("." + module_name, self.__name__)
           ~~~~~~~~~~~~~~~~~~~~~~~^^^^^^^^^^^^^^^^^^^^^^^^^^^^^^^^^^
  File "C:\Python313\Lib\importlib\__init__.py", line 88, in import_module
    return _bootstrap._gcd_import(name[level:], package, level)
           ~~~~~~~~~~~~~~~~~~~~~~^^^^^^^^^^^^^^^^^^^^^^^^^^^^^^
  File "C:\Users\KAVYA\AppData\Roaming\Python\Python313\site-packages\transformers\modeling_tf_utils.py", line 38, in <module>
    from .activations_tf import get_tf_activation
  File "C:\Users\KAVYA\AppData\Roaming\Python\Python313\site-packages\transformers\activations_tf.py", line 27, in <module>
    raise ValueError(
    ...<3 lines>...
    )
ValueError: Your currently installed version of Keras is Keras 3, but this is not yet supported in Transformers. Please install the backwards-compatible tf-keras package with `pip install tf-keras`.
