Defaulting to user installation because normal site-packages is not writeable
Collecting tf-keras
  Downloading tf_keras-2.21.0-py3-none-any.whl.metadata (1.8 kB)
Requirement already satisfied: tensorflow<2.22,>=2.21 in C:\Users\KAVYA\AppData\Roaming\Python\Python313\site-packages (from tf-keras) (2.21.0)
Requirement already satisfied: absl-py>=1.0.0 in C:\Users\KAVYA\AppData\Roaming\Python\Python313\site-packages (from tensorflow<2.22,>=2.21->tf-keras) (2.4.0)
Requirement already satisfied: astunparse>=1.6.0 in C:\Users\KAVYA\AppData\Roaming\Python\Python313\site-packages (from tensorflow<2.22,>=2.21->tf-keras) (1.6.3)
Requirement already satisfied: flatbuffers>=25.9.23 in C:\Users\KAVYA\AppData\Roaming\Python\Python313\site-packages (from tensorflow<2.22,>=2.21->tf-keras) (25.12.19)
Requirement already satisfied: gast!=0.5.0,!=0.5.1,!=0.5.2,>=0.2.1 in C:\Users\KAVYA\AppData\Roaming\Python\Python313\site-packages (from tensorflow<2.22,>=2.21->tf-keras) (0.7.0)
Requirement already satisfied: google_pasta>=0.1.1 in C:\Users\KAVYA\AppData\Roaming\Python\Python313\site-packages (from tensorflow<2.22,>=2.21->tf-keras) (0.2.0)
Requirement already satisfied: libclang>=13.0.0 in C:\Users\KAVYA\AppData\Roaming\Python\Python313\site-packages (from tensorflow<2.22,>=2.21->tf-keras) (18.1.1)
Requirement already satisfied: opt_einsum>=2.3.2 in C:\Users\KAVYA\AppData\Roaming\Python\Python313\site-packages (from tensorflow<2.22,>=2.21->tf-keras) (3.4.0)
Requirement already satisfied: packaging in C:\Users\KAVYA\AppData\Roaming\Python\Python313\site-packages (from tensorflow<2.22,>=2.21->tf-keras) (25.0)
Requirement already satisfied: protobuf<8.0.0,>=6.31.1 in C:\Users\KAVYA\AppData\Roaming\Python\Python313\site-packages (from tensorflow<2.22,>=2.21->tf-keras) (6.33.2)
Requirement already satisfied: requests<3,>=2.21.0 in C:\Users\KAVYA\AppData\Roaming\Python\Python313\site-packages (from tensorflow<2.22,>=2.21->tf-keras) (2.32.5)
Requirement already satisfied: setuptools in C:\Users\KAVYA\AppData\Roaming\Python\Python313\site-packages (from tensorflow<2.22,>=2.21->tf-keras) (82.0.1)
Requirement already satisfied: six>=1.12.0 in C:\Users\KAVYA\AppData\Roaming\Python\Python313\site-packages (from tensorflow<2.22,>=2.21->tf-keras) (1.17.0)
Requirement already satisfied: termcolor>=1.1.0 in C:\Users\KAVYA\AppData\Roaming\Python\Python313\site-packages (from tensorflow<2.22,>=2.21->tf-keras) (3.3.0)
Requirement already satisfied: typing_extensions>=3.6.6 in C:\Users\KAVYA\AppData\Roaming\Python\Python313\site-packages (from tensorflow<2.22,>=2.21->tf-keras) (4.15.0)
Requirement already satisfied: wrapt>=1.11.0 in C:\Users\KAVYA\AppData\Roaming\Python\Python313\site-packages (from tensorflow<2.22,>=2.21->tf-keras) (1.17.3)
Requirement already satisfied: grpcio<2.0,>=1.24.3 in C:\Users\KAVYA\AppData\Roaming\Python\Python313\site-packages (from tensorflow<2.22,>=2.21->tf-keras) (1.80.0)
Requirement already satisfied: keras>=3.12.0 in C:\Users\KAVYA\AppData\Roaming\Python\Python313\site-packages (from tensorflow<2.22,>=2.21->tf-keras) (3.15.0)
Requirement already satisfied: numpy>=1.26.0 in C:\Users\KAVYA\AppData\Roaming\Python\Python313\site-packages (from tensorflow<2.22,>=2.21->tf-keras) (2.3.3)
Requirement already satisfied: h5py<3.15.0,>=3.11.0 in C:\Users\KAVYA\AppData\Roaming\Python\Python313\site-packages (from tensorflow<2.22,>=2.21->tf-keras) (3.14.0)
Requirement already satisfied: ml_dtypes<1.0.0,>=0.5.1 in C:\Users\KAVYA\AppData\Roaming\Python\Python313\site-packages (from tensorflow<2.22,>=2.21->tf-keras) (0.5.4)
Requirement already satisfied: charset_normalizer<4,>=2 in C:\Users\KAVYA\AppData\Roaming\Python\Python313\site-packages (from requests<3,>=2.21.0->tensorflow<2.22,>=2.21->tf-keras) (3.4.3)
Requirement already satisfied: idna<4,>=2.5 in C:\Users\KAVYA\AppData\Roaming\Python\Python313\site-packages (from requests<3,>=2.21.0->tensorflow<2.22,>=2.21->tf-keras) (3.10)
Requirement already satisfied: urllib3<3,>=1.21.1 in C:\Users\KAVYA\AppData\Roaming\Python\Python313\site-packages (from requests<3,>=2.21.0->tensorflow<2.22,>=2.21->tf-keras) (2.5.0)
Requirement already satisfied: certifi>=2017.4.17 in C:\Users\KAVYA\AppData\Roaming\Python\Python313\site-packages (from requests<3,>=2.21.0->tensorflow<2.22,>=2.21->tf-keras) (2025.8.3)
Requirement already satisfied: wheel<1.0,>=0.23.0 in C:\Users\KAVYA\AppData\Roaming\Python\Python313\site-packages (from astunparse>=1.6.0->tensorflow<2.22,>=2.21->tf-keras) (0.46.3)
Requirement already satisfied: rich in C:\Users\KAVYA\AppData\Roaming\Python\Python313\site-packages (from keras>=3.12.0->tensorflow<2.22,>=2.21->tf-keras) (14.1.0)
Requirement already satisfied: namex in C:\Users\KAVYA\AppData\Roaming\Python\Python313\site-packages (from keras>=3.12.0->tensorflow<2.22,>=2.21->tf-keras) (0.1.0)
Requirement already satisfied: optree in C:\Users\KAVYA\AppData\Roaming\Python\Python313\site-packages (from keras>=3.12.0->tensorflow<2.22,>=2.21->tf-keras) (0.19.1)
Requirement already satisfied: markdown-it-py>=2.2.0 in C:\Users\KAVYA\AppData\Roaming\Python\Python313\site-packages (from rich->keras>=3.12.0->tensorflow<2.22,>=2.21->tf-keras) (4.0.0)
Requirement already satisfied: pygments<3.0.0,>=2.13.0 in C:\Users\KAVYA\AppData\Roaming\Python\Python313\site-packages (from rich->keras>=3.12.0->tensorflow<2.22,>=2.21->tf-keras) (2.19.2)
Requirement already satisfied: mdurl~=0.1 in C:\Users\KAVYA\AppData\Roaming\Python\Python313\site-packages (from markdown-it-py>=2.2.0->rich->keras>=3.12.0->tensorflow<2.22,>=2.21->tf-keras) (0.1.2)
Downloading tf_keras-2.21.0-py3-none-any.whl (1.7 MB)
   ---------------------------------------- 1.7/1.7 MB 4.1 MB/s  0:00:00
Installing collected packages: tf-keras
Successfully installed tf-keras-2.21.0

[notice] A new release of pip is available: 26.0.1 -> 26.1.2
[notice] To update, run: python.exe -m pip install --upgrade pip
