
FullName                      
--------                      
D:\Temp\WanderIQ\client       
D:\Temp\WanderIQ\client\public
D:\Temp\WanderIQ\client\pub...
D:\Temp\WanderIQ\client\pub...
D:\Temp\WanderIQ\client\src   
D:\Temp\WanderIQ\client\src...
D:\Temp\WanderIQ\client\src...
D:\Temp\WanderIQ\client\src...
D:\Temp\WanderIQ\client\src...
D:\Temp\WanderIQ\client\src...
D:\Temp\WanderIQ\client\src...
D:\Temp\WanderIQ\client\src...
D:\Temp\WanderIQ\client\src...
D:\Temp\WanderIQ\client\src...
D:\Temp\WanderIQ\client\src...
D:\Temp\WanderIQ\client\src...
D:\Temp\WanderIQ\client\src...
D:\Temp\WanderIQ\client\src...
D:\Temp\WanderIQ\client\src...
D:\Temp\WanderIQ\client\src...
D:\Temp\WanderIQ\client\src...
D:\Temp\WanderIQ\client\src...
D:\Temp\WanderIQ\client\src...
D:\Temp\WanderIQ\client\src...
D:\Temp\WanderIQ\client\src...
D:\Temp\WanderIQ\client\src...
D:\Temp\WanderIQ\client\src...
D:\Temp\WanderIQ\client\src...
D:\Temp\WanderIQ\client\src...
D:\Temp\WanderIQ\client\src...
D:\Temp\WanderIQ\client\src...
D:\Temp\WanderIQ\client\src...
D:\Temp\WanderIQ\client\src...
D:\Temp\WanderIQ\client\src...
D:\Temp\WanderIQ\client\src...
D:\Temp\WanderIQ\client\src...
D:\Temp\WanderIQ\client\src...
D:\Temp\WanderIQ\client\src...
D:\Temp\WanderIQ\client\src...
D:\Temp\WanderIQ\client\src...
D:\Temp\WanderIQ\client\src...
D:\Temp\WanderIQ\client\src...
D:\Temp\WanderIQ\client\src...
D:\Temp\WanderIQ\client\src...
D:\Temp\WanderIQ\client\src...
D:\Temp\WanderIQ\client\src...
D:\Temp\WanderIQ\client\src...
D:\Temp\WanderIQ\client\src...
D:\Temp\WanderIQ\client\src...
D:\Temp\WanderIQ\client\src...
D:\Temp\WanderIQ\client\src...
D:\Temp\WanderIQ\client\src...
D:\Temp\WanderIQ\client\src...
D:\Temp\WanderIQ\client\src...
D:\Temp\WanderIQ\client\src...
D:\Temp\WanderIQ\client\src...
D:\Temp\WanderIQ\client\src...
D:\Temp\WanderIQ\client\src...
D:\Temp\WanderIQ\client\src...
D:\Temp\WanderIQ\client\src...
D:\Temp\WanderIQ\client\src...
D:\Temp\WanderIQ\client\.gi...
D:\Temp\WanderIQ\client\.ox...
D:\Temp\WanderIQ\client\ind...
D:\Temp\WanderIQ\client\pac...
D:\Temp\WanderIQ\client\pac...
D:\Temp\WanderIQ\client\REA...
D:\Temp\WanderIQ\client\vit...
D:\Temp\WanderIQ\datasets     
D:\Temp\WanderIQ\datasets\b...
D:\Temp\WanderIQ\datasets\b...
D:\Temp\WanderIQ\datasets\b...
D:\Temp\WanderIQ\datasets\b...
D:\Temp\WanderIQ\datasets\d...
D:\Temp\WanderIQ\datasets\d...
D:\Temp\WanderIQ\datasets\d...
D:\Temp\WanderIQ\datasets\d...
D:\Temp\WanderIQ\datasets\s...
D:\Temp\WanderIQ\datasets\s...
D:\Temp\WanderIQ\datasets\e...
D:\Temp\WanderIQ\ml-service   
D:\Temp\WanderIQ\ml-service...
D:\Temp\WanderIQ\ml-service...
D:\Temp\WanderIQ\ml-service...
D:\Temp\WanderIQ\ml-service...
D:\Temp\WanderIQ\ml-service...
D:\Temp\WanderIQ\ml-service...
D:\Temp\WanderIQ\ml-service...
D:\Temp\WanderIQ\ml-service...
D:\Temp\WanderIQ\ml-service...
D:\Temp\WanderIQ\ml-service...
D:\Temp\WanderIQ\ml-service...
D:\Temp\WanderIQ\ml-service...
D:\Temp\WanderIQ\ml-service...
D:\Temp\WanderIQ\ml-service...
D:\Temp\WanderIQ\ml-service...
D:\Temp\WanderIQ\ml-service...
D:\Temp\WanderIQ\ml-service...
D:\Temp\WanderIQ\ml-service...
D:\Temp\WanderIQ\ml-service...


