
removed 1 package, and audited 432 packages in 22s

45 packages are looking for funding
  run `npm fund` for details

found 0 vulnerabilities

> client@0.0.0 build
> vite build

vite v8.1.4 building client environment for production...
transforming...✓ 1077 modules transformed.
✗ Build failed in 1.26s
error during build:
Build failed with 2 errors:

[UNRESOLVED_IMPORT] Could not resolve './Journal.css' in src/pages/Journal.jsx
   ╭─[ src/pages/Journal.jsx:4:8 ]
   │
 4 │ import "./Journal.css";
   │        ───────┬───────  
   │               ╰───────── Module not found.
   │ 
   │ Help: 'src/pages/Journal.jsx' is imported by the following path:
   │         - src/pages/Journal.jsx
   │         - src/App.jsx
   │         - src/main.jsx
   │         - index.html
───╯

[builtin:vite-transform] Expected `,` or `}` but found `-`
    ╭─[ src/components/common/SpinBadge.jsx:15:12 ]
    │
 10 │     <div style={{
    │                 ┬  
    │                 ╰── Opened here
    │ 
 15 │       align-items: 'center',
    │            ┬  
    │            ╰── `,` or `}` expected
────╯

    at aggregateBindingErrorsIntoJsError (file:///D:/Travel.IO/client/node_modules/rolldown/dist/shared/error-BHRSI0R7.mjs:48:18)
    at unwrapBindingResult (file:///D:/Travel.IO/client/node_modules/rolldown/dist/shared/error-BHRSI0R7.mjs:18:128)
    at #build (file:///D:/Travel.IO/client/node_modules/rolldown/dist/shared/rolldown-build-CtPvmZgJ.mjs:3276:34)
    at async buildEnvironment (file:///D:/Travel.IO/client/node_modules/vite/dist/node/chunks/node.js:33011:66)
    at async Object.build (file:///D:/Travel.IO/client/node_modules/vite/dist/node/chunks/node.js:33433:19)
    at async Object.buildApp (file:///D:/Travel.IO/client/node_modules/vite/dist/node/chunks/node.js:33430:153)
    at async CAC.<anonymous> (file:///D:/Travel.IO/client/node_modules/vite/dist/node/cli.js:776:3) {
  errors: [Getter/Setter]
}
