Watching for file changes with StatReloader
Performing system checks...

[TravelIO] Graph loaded with 10 nodes and 71 edges.
System check identified no issues (0 silenced).

You have 18 unapplied migration(s). Your project may not work properly until you apply the migrations for app(s): admin, auth, contenttypes, sessions.
Run 'python manage.py migrate' to apply them.
July 21, 2026 - 21:54:10
Django version 4.2.30, using settings 'travelio.settings'
Starting development server at http://127.0.0.1:8000/
Quit the server with CTRL-BREAK.

CityIndex: loading places data...
D:\Travel.IO\ml-service\ml\city_index.py:83: FutureWarning: The behavior of DataFrame concatenation with empty or all-NA entries is deprecated. In a future version, this will no longer exclude empty or all-NA columns when determining the result dtypes. To retain the old behavior, exclude the relevant entries before the concat operation.
  merged = pd.concat(frames, ignore_index=True)
  CityIndex: 1135 places across 241 cities in 37 states.
WARNING: All log messages before absl::InitializeLog() is called are written to STDERR
I0000 00:00:1784651084.118406   21960 port.cc:153] oneDNN custom operations are on. You may see slightly different numerical results due to floating-point round-off errors from different computation orders. To turn them off, set the environment variable `TF_ENABLE_ONEDNN_OPTS=0`.
WARNING: All log messages before absl::InitializeLog() is called are written to STDERR
I0000 00:00:1784651089.529397   21960 port.cc:153] oneDNN custom operations are on. You may see slightly different numerical results due to floating-point round-off errors from different computation orders. To turn them off, set the environment variable `TF_ENABLE_ONEDNN_OPTS=0`.
WARNING:tensorflow:From C:\Users\KAVYA\AppData\Roaming\Python\Python313\site-packages\tf_keras\src\losses.py:2976: The name tf.losses.sparse_softmax_cross_entropy is deprecated. Please use tf.compat.v1.losses.sparse_softmax_cross_entropy instead.

Initializing Semantic Search Index... (This might take a moment)
Found 1167 valid embeddings out of 1167 rows. Parsing...
Success: Loaded 1167 location embeddings into memory.
[21/Jul/2026 21:55:49] "GET /api/cities/?page=1 HTTP/1.1" 200 5514
[21/Jul/2026 21:55:51] "GET /api/cities/?page=1 HTTP/1.1" 200 5514
[21/Jul/2026 21:56:04] "GET /api/cities/agartala/places/?page=1 HTTP/1.1" 200 7189
[21/Jul/2026 21:56:07] "GET /api/cities/agra/places/?page=1 HTTP/1.1" 200 8845
[21/Jul/2026 21:56:11] "GET /api/cities/agra/places/?page=2 HTTP/1.1" 200 1834
[21/Jul/2026 21:56:14] "GET /api/cities/ahemdabad/places/?page=1 HTTP/1.1" 200 2527
[21/Jul/2026 21:56:18] "GET /api/cities/ahmedabad/places/?page=1 HTTP/1.1" 200 4231
[21/Jul/2026 21:56:22] "GET /api/cities/ajanta/places/?page=1 HTTP/1.1" 200 916
[21/Jul/2026 21:56:25] "GET /api/cities/ajmer/places/?page=1 HTTP/1.1" 200 3638
[21/Jul/2026 21:56:29] "GET /api/cities/alappuzha/places/?page=1 HTTP/1.1" 200 7364
[21/Jul/2026 21:56:32] "GET /api/cities/alibaug/places/?page=1 HTTP/1.1" 200 2477
[21/Jul/2026 21:56:36] "GET /api/cities/alibaug/places/?page=1 HTTP/1.1" 200 2477
[21/Jul/2026 21:57:04] "GET /api/cities/aligarh/places/?page=1 HTTP/1.1" 200 8651
[21/Jul/2026 21:57:07] "GET /api/cities/allahabad/places/?page=1 HTTP/1.1" 200 8287
[21/Jul/2026 21:57:11] "GET /api/cities/allahabad/places/?page=2 HTTP/1.1" 200 1662
[21/Jul/2026 21:57:15] "GET /api/cities/almora/places/?page=1 HTTP/1.1" 200 912
[21/Jul/2026 21:57:18] "GET /api/cities/amarkantak/places/?page=1 HTTP/1.1" 200 903
[21/Jul/2026 21:57:22] "GET /api/cities/amravati/places/?page=1 HTTP/1.1" 200 970
[21/Jul/2026 21:57:25] "GET /api/cities/amritsar/places/?page=1 HTTP/1.1" 200 7159
[21/Jul/2026 21:57:29] "GET /api/cities/anantapur/places/?page=1 HTTP/1.1" 200 929
[21/Jul/2026 21:57:32] "GET /api/cities/anantnag/places/?page=1 HTTP/1.1" 200 963
[21/Jul/2026 21:57:36] "GET /api/cities/auli/places/?page=1 HTTP/1.1" 200 4679
[21/Jul/2026 21:57:40] "GET /api/cities/aurangabad/places/?page=1 HTTP/1.1" 200 4055
[21/Jul/2026 21:57:43] "GET /api/cities/aurangabad/places/?page=1 HTTP/1.1" 200 4055
[21/Jul/2026 21:57:47] "GET /api/cities/?page=2 HTTP/1.1" 200 5057
[21/Jul/2026 21:57:51] "GET /api/cities/auroville/places/?page=1 HTTP/1.1" 200 879
[21/Jul/2026 21:58:08] "GET /api/cities/ayodhya/places/?page=1 HTTP/1.1" 200 5493
[21/Jul/2026 21:58:11] "GET /api/cities/badami/places/?page=1 HTTP/1.1" 200 2571
[21/Jul/2026 21:58:15] "GET /api/cities/badrinath/places/?page=1 HTTP/1.1" 200 861
[21/Jul/2026 21:58:29] "GET /api/cities/balasore/places/?page=1 HTTP/1.1" 200 3772
[21/Jul/2026 21:58:53] "GET /api/cities/bandhavgarh/places/?page=1 HTTP/1.1" 200 953
[21/Jul/2026 21:58:56] "GET /api/cities/bandipur/places/?page=1 HTTP/1.1" 200 903
[21/Jul/2026 21:59:00] "GET /api/cities/bangalore/places/?page=1 HTTP/1.1" 200 8045
[21/Jul/2026 21:59:03] "GET /api/cities/baratang-island/places/?page=1 HTTP/1.1" 200 95
[21/Jul/2026 21:59:07] "GET /api/cities/barot/places/?page=1 HTTP/1.1" 200 815
[21/Jul/2026 21:59:10] "GET /api/cities/bastar/places/?page=1 HTTP/1.1" 200 4282
[21/Jul/2026 21:59:14] "GET /api/cities/bekal/places/?page=1 HTTP/1.1" 200 775
[21/Jul/2026 21:59:18] "GET /api/cities/bengaluru/places/?page=1 HTTP/1.1" 200 1821
[21/Jul/2026 21:59:21] "GET /api/cities/berhampur/places/?page=1 HTTP/1.1" 200 4859
[21/Jul/2026 21:59:25] "GET /api/cities/bhimbetka/places/?page=1 HTTP/1.1" 200 915
[21/Jul/2026 21:59:28] "GET /api/cities/bhopal/places/?page=1 HTTP/1.1" 200 6415
[21/Jul/2026 21:59:32] "GET /api/cities/bhubaneswar/places/?page=1 HTTP/1.1" 200 1884
[21/Jul/2026 21:59:35] "GET /api/cities/bhuj/places/?page=1 HTTP/1.1" 200 4266
[21/Jul/2026 21:59:39] "GET /api/cities/bhuj/places/?page=1 HTTP/1.1" 200 4266
[21/Jul/2026 21:59:43] "GET /api/cities/bijapur/places/?page=1 HTTP/1.1" 200 4805
[21/Jul/2026 21:59:51] "GET /api/cities/?page=3 HTTP/1.1" 200 5025
[21/Jul/2026 21:59:55] "GET /api/cities/bijapur/places/?page=1 HTTP/1.1" 200 4805
[21/Jul/2026 21:59:58] "GET /api/cities/bikaner/places/?page=1 HTTP/1.1" 200 923
[21/Jul/2026 22:00:02] "GET /api/cities/bir-billing/places/?page=1 HTTP/1.1" 200 91
[21/Jul/2026 22:00:06] "GET /api/cities/bodh-gaya/places/?page=1 HTTP/1.1" 200 89
[21/Jul/2026 22:00:09] "GET /api/cities/bolpur/places/?page=1 HTTP/1.1" 200 840
[21/Jul/2026 22:00:13] "GET /api/cities/chamba/places/?page=1 HTTP/1.1" 200 817
[21/Jul/2026 22:00:24] "GET /api/cities/chandigarh/places/?page=1 HTTP/1.1" 200 6707
[21/Jul/2026 22:00:28] "GET /api/cities/chennai/places/?page=1 HTTP/1.1" 200 9131
[21/Jul/2026 22:00:31] "GET /api/cities/chennai/places/?page=2 HTTP/1.1" 200 4791
[21/Jul/2026 22:00:35] "GET /api/cities/cherrapunji/places/?page=1 HTTP/1.1" 200 7662
[21/Jul/2026 22:00:38] "GET /api/cities/chidambaram/places/?page=1 HTTP/1.1" 200 868
[21/Jul/2026 22:00:42] "GET /api/cities/chikmagalur/places/?page=1 HTTP/1.1" 200 1720
[21/Jul/2026 22:00:46] "GET /api/cities/chikmanglur/places/?page=1 HTTP/1.1" 200 5345
[21/Jul/2026 22:00:49] "GET /api/cities/chikmanglur/places/?page=1 HTTP/1.1" 200 5345
[21/Jul/2026 22:00:53] "GET /api/cities/chilika/places/?page=1 HTTP/1.1" 200 1018
[21/Jul/2026 22:00:56] "GET /api/cities/chitrakoot/places/?page=1 HTTP/1.1" 200 882
[21/Jul/2026 22:01:00] "GET /api/cities/chittorgarh/places/?page=1 HTTP/1.1" 200 974
[21/Jul/2026 22:01:03] "GET /api/cities/chopta/places/?page=1 HTTP/1.1" 200 830
[21/Jul/2026 22:01:07] "GET /api/cities/coimbatore/places/?page=1 HTTP/1.1" 200 9780
[21/Jul/2026 22:01:20] "GET /api/cities/coimbatore/places/?page=2 HTTP/1.1" 200 5614
[21/Jul/2026 22:01:24] "GET /api/cities/cooch-behar/places/?page=1 HTTP/1.1" 200 91
[21/Jul/2026 22:01:28] "GET /api/cities/coorg/places/?page=1 HTTP/1.1" 200 7592
[21/Jul/2026 22:01:31] "GET /api/cities/?page=4 HTTP/1.1" 200 5260
[21/Jul/2026 22:01:43] "GET /api/cities/cuttack/places/?page=1 HTTP/1.1" 200 6607
[21/Jul/2026 22:01:47] "GET /api/cities/dalhousie/places/?page=1 HTTP/1.1" 200 7546
[21/Jul/2026 22:01:50] "GET /api/cities/daman/places/?page=1 HTTP/1.1" 200 1629
[21/Jul/2026 22:02:15] "GET /api/cities/darjeeling/places/?page=1 HTTP/1.1" 200 9406
[21/Jul/2026 22:02:33] "GET /api/cities/darjeeling/places/?page=2 HTTP/1.1" 200 9162
[21/Jul/2026 22:02:37] "GET /api/cities/darjeeling/places/?page=3 HTTP/1.1" 200 1847
[21/Jul/2026 22:02:40] "GET /api/cities/dehradun/places/?page=1 HTTP/1.1" 200 9079
[21/Jul/2026 22:02:44] "GET /api/cities/dehradun/places/?page=2 HTTP/1.1" 200 3715
[21/Jul/2026 22:02:48] "GET /api/cities/delhi/places/?page=1 HTTP/1.1" 200 8388
[21/Jul/2026 22:03:02] "GET /api/cities/delhi/places/?page=2 HTTP/1.1" 200 6005
[21/Jul/2026 22:03:13] "GET /api/cities/deoghar/places/?page=1 HTTP/1.1" 200 2736
[21/Jul/2026 22:03:29] "GET /api/cities/digha/places/?page=1 HTTP/1.1" 200 797
[21/Jul/2026 22:03:32] "GET /api/cities/diskit/places/?page=1 HTTP/1.1" 200 3087
[21/Jul/2026 22:03:36] "GET /api/cities/diu/places/?page=1 HTTP/1.1" 200 4420
[21/Jul/2026 22:03:39] "GET /api/cities/dras/places/?page=1 HTTP/1.1" 200 856
[21/Jul/2026 22:03:43] "GET /api/cities/dumboor/places/?page=1 HTTP/1.1" 200 811
[21/Jul/2026 22:03:46] "GET /api/cities/dwarka/places/?page=1 HTTP/1.1" 200 3288
[21/Jul/2026 22:03:50] "GET /api/cities/dwarka/places/?page=1 HTTP/1.1" 200 3288
[21/Jul/2026 22:03:54] "GET /api/cities/dz%C3%BCkou-valley/places/?page=1 HTTP/1.1" 200 94
[21/Jul/2026 22:03:57] "GET /api/cities/fatehpur-sikri/places/?page=1 HTTP/1.1" 200 94
[21/Jul/2026 22:04:01] "GET /api/cities/gandhinagar/places/?page=1 HTTP/1.1" 200 4436
[21/Jul/2026 22:04:04] "GET /api/cities/gandhinagar/places/?page=1 HTTP/1.1" 200 4436
[21/Jul/2026 22:04:15] "GET /api/cities/gangtok/places/?page=1 HTTP/1.1" 200 8177
[21/Jul/2026 22:05:11] "GET /api/cities/gangtok/places/?page=2 HTTP/1.1" 200 8378
[21/Jul/2026 22:05:26] "GET /api/cities/gangtok/places/?page=3 HTTP/1.1" 200 894
Image Scraper Error: error sending request for url (https://duckduckgo.com/?q=Arambol+Beach+Goa+india) > operation timed out
Image Scraper Error: error sending request for url (https://www.bing.com/images/async?q=Colva+Beach+Goa+india&async=1&first=1&count=35) > operation timed out
[21/Jul/2026 22:08:22] "GET /api/cities/goa/places/?page=1 HTTP/1.1" 200 7559
[21/Jul/2026 22:10:14] "GET /api/cities/goa/places/?page=2 HTTP/1.1" 200 4395
[21/Jul/2026 22:11:03] "GET /api/cities/?page=5 HTTP/1.1" 200 5568
[21/Jul/2026 22:11:19] "GET /api/cities/gokarna/places/?page=1 HTTP/1.1" 200 778
[21/Jul/2026 22:11:23] "GET /api/cities/greater-noida/places/?page=1 HTTP/1.1" 200 93
[21/Jul/2026 22:11:37] "GET /api/cities/guntur/places/?page=1 HTTP/1.1" 200 1014
Image Scraper Error: error sending request for url (https://duckduckgo.com/i.js?o=json&q=DLF+CyberHub+Gurugram+india&l=us-en&vqd=4-148928434197760343306578907035712100259&p=1&ct=AT) > operation timed out
[21/Jul/2026 22:13:39] "GET /api/cities/gurugram/places/?page=1 HTTP/1.1" 200 9210
[21/Jul/2026 22:14:36] "GET /api/cities/gurugram/places/?page=2 HTTP/1.1" 200 4751
Image Scraper Error: error sending request for url (https://duckduckgo.com/?q=Kalakshetra+theatre+and+artifact+museum+Guwahati+india) > operation timed out
[21/Jul/2026 22:17:04] "GET /api/cities/guwahati/places/?page=1 HTTP/1.1" 200 9260
[21/Jul/2026 22:17:14] "GET /api/cities/guwahati/places/?page=2 HTTP/1.1" 200 932
Image Scraper Error: error sending request for url (https://www.bing.com/images/async?q=Teli+ka+Mandir+Gwalior+india&async=1&first=1&count=35) > operation timed out
[21/Jul/2026 22:19:11] "GET /api/cities/gwalior/places/?page=1 HTTP/1.1" 200 9265
Image Scraper Error: error sending request for url (https://www.bing.com/images/async?q=Hayagriva+Madhava+Temple+Hajo+india&async=1&first=1&count=35) > operation timed out
[21/Jul/2026 22:19:21] "GET /api/cities/hajo/places/?page=1 HTTP/1.1" 200 907
[21/Jul/2026 22:19:35] "GET /api/cities/halebidu/places/?page=1 HTTP/1.1" 200 933
[21/Jul/2026 22:21:58] "GET /api/cities/hampi/places/?page=1 HTTP/1.1" 200 6369
[21/Jul/2026 22:22:01] "GET /api/cities/hampi/places/?page=1 HTTP/1.1" 200 6369
Image Scraper Error: error sending request for url (https://www.bing.com/images/async?q=Har+Ki+Pauri+Haridwar+india&async=1&first=1&count=35) > operation timed out
Image Scraper Error: error sending request for url (https://www.bing.com/images/async?q=Jwalapur+Bazar++Haridwar+india&async=1&first=1&count=35) > operation timed out
Image Scraper Error: error sending request for url (https://duckduckgo.com/?q=Moti+Bazar+Haridwar+india) > operation timed out
[21/Jul/2026 22:24:06] "GET /api/cities/haridwar/places/?page=1 HTTP/1.1" 200 8954
[21/Jul/2026 22:24:16] "GET /api/cities/haridwar/places/?page=2 HTTP/1.1" 200 1030
[21/Jul/2026 22:24:20] "GET /api/cities/havelock-island/places/?page=1 HTTP/1.1" 200 95
[21/Jul/2026 22:24:52] "GET /api/cities/hemis/places/?page=1 HTTP/1.1" 200 857
[21/Jul/2026 22:25:22] "GET /api/cities/hooghly/places/?page=1 HTTP/1.1" 200 820
Image Scraper Error: error sending request for url (https://www.bing.com/images/async?q=Lumbini+Park+Hyderabad+india&async=1&first=1&count=35) > operation timed out
[21/Jul/2026 22:31:33] "GET /api/cities/hyderabad/places/?page=1 HTTP/1.1" 200 8819
[21/Jul/2026 22:32:13] "GET /api/cities/hyderabad/places/?page=2 HTTP/1.1" 200 2808
[21/Jul/2026 22:34:09] "GET /api/cities/indore/places/?page=1 HTTP/1.1" 200 6272
Image Scraper Error: error sending request for url (https://duckduckgo.com/?q=Chausath+Yogini+temple+Jabalpur+india) > operation timed out
Image Scraper Error: error sending request for url (https://duckduckgo.com/?q=Dhuandhar+Falls+Jabalpur+india) > operation timed out
[21/Jul/2026 22:36:45] "GET /api/cities/jabalpur/places/?page=1 HTTP/1.1" 200 9405
[21/Jul/2026 22:37:01] "GET /api/cities/jabalpur/places/?page=2 HTTP/1.1" 200 972
[21/Jul/2026 22:39:24] "GET /api/cities/jaipur/places/?page=1 HTTP/1.1" 200 8489
Image Scraper Error: error sending request for url (https://duckduckgo.com/?q=Shree+Khole+Ki+Hanuman+Mandir+Jaipur+india) > operation timed out
[21/Jul/2026 22:39:59] "GET /api/cities/jaipur/places/?page=2 HTTP/1.1" 200 1889
Image Scraper Error: error sending request for url (https://www.bing.com/images/async?q=Patwa+Haweli+Jaisalmer+india&async=1&first=1&count=35) > operation timed out
[21/Jul/2026 22:41:18] "GET /api/cities/jaisalmer/places/?page=1 HTTP/1.1" 200 3278
[21/Jul/2026 22:41:51] "GET /api/cities/jalpaiguri/places/?page=1 HTTP/1.1" 200 1091
[21/Jul/2026 22:43:38] "GET /api/cities/?page=6 HTTP/1.1" 200 5164
[21/Jul/2026 22:43:55] "GET /api/cities/jammu/places/?page=1 HTTP/1.1" 200 905
[21/Jul/2026 22:44:10] "GET /api/cities/jhansi/places/?page=1 HTTP/1.1" 200 914
[21/Jul/2026 22:44:13] "GET /api/cities/jim-corbett/places/?page=1 HTTP/1.1" 200 91
[21/Jul/2026 22:44:54] "GET /api/cities/jodhpur/places/?page=1 HTTP/1.1" 200 2669
[21/Jul/2026 22:45:07] "GET /api/cities/joshimath/places/?page=1 HTTP/1.1" 200 881
[21/Jul/2026 22:46:39] "GET /api/cities/junagadh/places/?page=1 HTTP/1.1" 200 3567
[21/Jul/2026 22:46:43] "GET /api/cities/junagadh/places/?page=1 HTTP/1.1" 200 3567
[21/Jul/2026 22:46:53] "GET /api/cities/kadapa/places/?page=1 HTTP/1.1" 200 944
[21/Jul/2026 22:47:14] "GET /api/cities/kangra/places/?page=1 HTTP/1.1" 200 778
[21/Jul/2026 22:47:33] "GET /api/cities/kanha/places/?page=1 HTTP/1.1" 200 889
[21/Jul/2026 22:48:12] "GET /api/cities/kannur/places/?page=1 HTTP/1.1" 200 2765
[21/Jul/2026 22:50:00] "GET /api/cities/kanpur/places/?page=1 HTTP/1.1" 200 9054
[21/Jul/2026 22:50:15] "GET /api/cities/kanpur/places/?page=2 HTTP/1.1" 200 1860
Image Scraper Error: No results found.
Image Scraper Error: error sending request for url (https://duckduckgo.com/?q=Thiruvalluvar+Statue+Kanyakumari+india) > operation timed out
[21/Jul/2026 22:52:25] "GET /api/cities/kanyakumari/places/?page=1 HTTP/1.1" 200 8468
Image Scraper Error: error sending request for url (https://duckduckgo.com/?q=Drass+Valley+Kargil+india) > operation timed out
[21/Jul/2026 22:52:57] "GET /api/cities/kargil/places/?page=1 HTTP/1.1" 200 1698
[21/Jul/2026 22:53:38] "GET /api/cities/kaziranga/places/?page=1 HTTP/1.1" 200 2511
[21/Jul/2026 22:55:18] "GET /api/cities/kedarnath/places/?page=1 HTTP/1.1" 200 4916
[21/Jul/2026 22:55:36] "GET /api/cities/kendujhar/places/?page=1 HTTP/1.1" 200 890
[21/Jul/2026 22:56:05] "GET /api/cities/keonjhar/places/?page=1 HTTP/1.1" 200 4955
[21/Jul/2026 22:56:39] "GET /api/cities/kevadia/places/?page=1 HTTP/1.1" 200 832
[21/Jul/2026 22:57:23] "GET /api/cities/khajuraho/places/?page=1 HTTP/1.1" 200 3537
Image Scraper Error: error sending request for url (https://duckduckgo.com/?q=Kinnaur+Himachal+Pradesh+india+tourism) > operation timed out
Image Scraper Error: No results found.
Image Scraper Error: error sending request for url (https://duckduckgo.com/?q=Kufri+Himachal+Pradesh+india+tourism) > operation timed out
[21/Jul/2026 22:58:31] "GET /api/cities/?page=7 HTTP/1.1" 200 5384
Image Scraper Error: error sending request for url (https://www.bing.com/images/async?q=Sangla+Valley+Kinnaur+india&async=1&first=1&count=35) > operation timed out
[21/Jul/2026 22:58:42] "GET /api/cities/kinnaur/places/?page=1 HTTP/1.1" 200 928
[21/Jul/2026 22:58:54] "GET /api/cities/kishtwar/places/?page=1 HTTP/1.1" 200 914
Image Scraper Error: error sending request for url (https://duckduckgo.com/?q=Kerala+Folklore+Museum+Kochi+india) > operation timed out
[21/Jul/2026 23:00:48] "GET /api/cities/kochi/places/?page=1 HTTP/1.1" 200 9093
Image Scraper Error: DecodeError: DecodeError('Body collection error: error decoding response body')
[21/Jul/2026 23:00:57] "GET /api/cities/kochi/places/?page=1 HTTP/1.1" 200 9093
Image Scraper Error: error sending request for url (https://www.bing.com/images/async?q=Dolphin%27s+Nose+Kodaikanal+india&async=1&first=1&count=35) > operation timed out
[21/Jul/2026 23:04:35] "GET /api/cities/kodaikanal/places/?page=1 HTTP/1.1" 200 8629
[21/Jul/2026 23:04:48] "GET /api/cities/kodaikanal/places/?page=2 HTTP/1.1" 200 861
Image Scraper Error: No results found.
Image Scraper Error: error sending request for url (https://duckduckgo.com/?q=Ntangki+national+park+Kohima+india) > operation timed out
[21/Jul/2026 23:05:46] "GET /api/cities/kohima/places/?page=1 HTTP/1.1" 200 4576
[21/Jul/2026 23:06:51] "GET /api/cities/kolhapur/places/?page=1 HTTP/1.1" 200 3324
Image Scraper Error: error sending request for url (https://duckduckgo.com/?q=Eden+Gardens+Kolkata+india) > operation timed out
[21/Jul/2026 23:09:25] "GET /api/cities/kolkata/places/?page=1 HTTP/1.1" 200 8890
Image Scraper Error: DecodeError: DecodeError('Body collection error: error decoding response body')
[21/Jul/2026 23:11:38] "GET /api/cities/kolkata/places/?page=2 HTTP/1.1" 200 7214
Image Scraper Error: error sending request for url (https://www.bing.com/images/async?q=Konark+Sun+Temple+Konark+india&async=1&first=1&count=35) > operation timed out
Image Scraper Error: error sending request for url (https://duckduckgo.com/?q=Lingaraj+Temple+Konark+india) > operation timed out
[21/Jul/2026 23:12:57] "GET /api/cities/konark/places/?page=1 HTTP/1.1" 200 4987
[21/Jul/2026 23:13:24] "GET /api/cities/kovalam/places/?page=1 HTTP/1.1" 200 797
[21/Jul/2026 23:14:14] "GET /api/cities/kozhikode/places/?page=1 HTTP/1.1" 200 4643
[21/Jul/2026 23:14:34] "GET /api/cities/kufri/places/?page=1 HTTP/1.1" 200 840
[21/Jul/2026 23:17:18] "GET /api/cities/kullu/places/?page=1 HTTP/1.1" 200 8154
[21/Jul/2026 23:17:36] "GET /api/cities/kumarakom/places/?page=1 HTTP/1.1" 200 917
[21/Jul/2026 23:18:41] "GET /api/cities/kurnool/places/?page=1 HTTP/1.1" 200 5464
Image Scraper Error: DecodeError: DecodeError('Body collection error: error decoding response body')
Image Scraper Error: error sending request for url (https://duckduckgo.com/?q=Lamayuru+%E2%80%93+For+Stargazing+Leh+india) > operation timed out
[21/Jul/2026 23:22:05] "GET /api/cities/leh/places/?page=1 HTTP/1.1" 200 8295
[21/Jul/2026 23:25:25] "GET /api/cities/leh/places/?page=2 HTTP/1.1" 200 7733
[21/Jul/2026 23:25:49] "GET /api/cities/leh/places/?page=3 HTTP/1.1" 200 1571
Image Scraper Error: error sending request for url (https://www.bing.com/images/async?q=Karla+Caves+Lonavala+india&async=1&first=1&count=35) > operation timed out
Image Scraper Error: error sending request for url (https://duckduckgo.com/?q=Lions+Point++Lonavala+india) > operation timed out
[21/Jul/2026 23:27:31] "GET /api/cities/lonavala/places/?page=1 HTTP/1.1" 200 8827
Image Scraper Error: DecodeError: DecodeError('Body collection error: error decoding response body')
[21/Jul/2026 23:27:44] "GET /api/cities/lonavla/places/?page=1 HTTP/1.1" 200 950
Image Scraper Error: DecodeError: DecodeError('Body collection error: error decoding response body')
[21/Jul/2026 23:29:33] "GET /api/cities/lucknow/places/?page=1 HTTP/1.1" 200 7246
[21/Jul/2026 23:31:19] "GET /api/cities/madurai/places/?page=1 HTTP/1.1" 200 9175
[21/Jul/2026 23:31:40] "GET /api/cities/madurai/places/?page=2 HTTP/1.1" 200 957
[21/Jul/2026 23:33:26] "GET /api/cities/?page=8 HTTP/1.1" 200 5235
Image Scraper Error: error sending request for url (https://www.bing.com/images/async?q=Crocodile+farm+Mahabalipuram+india&async=1&first=1&count=35) > operation timed out
[21/Jul/2026 23:35:37] "GET /api/cities/mahabalipuram/places/?page=1 HTTP/1.1" 200 6014
[21/Jul/2026 23:35:51] "GET /api/cities/majuli/places/?page=1 HTTP/1.1" 200 828
[21/Jul/2026 23:37:25] "GET /api/cities/manali/places/?page=1 HTTP/1.1" 200 4780
[21/Jul/2026 23:37:37] "GET /api/cities/manas/places/?page=1 HTTP/1.1" 200 849
[21/Jul/2026 23:37:51] "GET /api/cities/mandi/places/?page=1 HTTP/1.1" 200 1171
[21/Jul/2026 23:38:00] "GET /api/cities/mandu/places/?page=1 HTTP/1.1" 200 804
[21/Jul/2026 23:38:54] "GET /api/cities/mangalore/places/?page=1 HTTP/1.1" 200 4919
[21/Jul/2026 23:39:14] "GET /api/cities/manikaran/places/?page=1 HTTP/1.1" 200 930
[21/Jul/2026 23:39:18] "GET /api/cities/matheran/places/?page=1 HTTP/1.1" 200 6845
[21/Jul/2026 23:41:21] "GET /api/cities/mathura/places/?page=1 HTTP/1.1" 200 9025
[21/Jul/2026 23:41:24] "GET /api/cities/mcleod-ganj/places/?page=1 HTTP/1.1" 200 91
[21/Jul/2026 23:44:08] "GET /api/cities/meerut/places/?page=1 HTTP/1.1" 200 8854
[21/Jul/2026 23:44:27] "GET /api/cities/meerut/places/?page=2 HTTP/1.1" 200 971
[21/Jul/2026 23:44:30] "GET /api/cities/mount-abu/places/?page=1 HTTP/1.1" 200 89
[21/Jul/2026 23:46:00] "GET /api/cities/mumbai/places/?page=1 HTTP/1.1" 200 9036
[21/Jul/2026 23:47:31] "GET /api/cities/mumbai/places/?page=2 HTTP/1.1" 200 6771
[21/Jul/2026 23:48:27] "GET /api/cities/munnar/places/?page=1 HTTP/1.1" 200 3296
[21/Jul/2026 23:49:11] "GET /api/cities/murshidabad/places/?page=1 HTTP/1.1" 200 3871
[21/Jul/2026 23:49:27] "GET /api/cities/murudeshwar/places/?page=1 HTTP/1.1" 200 887
Image Scraper Error: error sending request for url (https://www.bing.com/images/async?q=Kulri+Bazaar+Mussoorie+india&async=1&first=1&count=35) > operation timed out
[21/Jul/2026 23:51:27] "GET /api/cities/mussoorie/places/?page=1 HTTP/1.1" 200 9351
[21/Jul/2026 23:52:08] "GET /api/cities/mussoorie/places/?page=2 HTTP/1.1" 200 3824
[21/Jul/2026 23:53:08] "GET /api/cities/mysore/places/?page=1 HTTP/1.1" 200 5140
[21/Jul/2026 23:53:11] "GET /api/cities/mysore/places/?page=1 HTTP/1.1" 200 5140
[21/Jul/2026 23:54:14] "GET /api/cities/?page=9 HTTP/1.1" 200 5621
Image Scraper Error: No results found.
Image Scraper Error: error sending request for url (https://www.bing.com/images/async?q=Khindsi+Lake+Nagpur+india&async=1&first=1&count=35) > operation timed out
[21/Jul/2026 23:55:17] "GET /api/cities/nagpur/places/?page=1 HTTP/1.1" 200 7557
[21/Jul/2026 23:55:28] "GET /api/cities/nagpur/places/?page=1 HTTP/1.1" 200 7399
Image Scraper Error: error sending request for url (https://duckduckgo.com/?q=Cave+garden+Nainital+india) > operation timed out
Image Scraper Error: DecodeError: DecodeError('Body collection error: error decoding response body')
[21/Jul/2026 23:57:48] "GET /api/cities/nainital/places/?page=1 HTTP/1.1" 200 9261
[21/Jul/2026 23:58:11] "GET /api/cities/nainital/places/?page=2 HTTP/1.1" 200 1936
[21/Jul/2026 23:59:11] "GET /api/cities/namchi/places/?page=1 HTTP/1.1" 200 4747
[21/Jul/2026 23:59:32] "GET /api/cities/narkanda/places/?page=1 HTTP/1.1" 200 778
[21/Jul/2026 23:59:54] "GET /api/cities/nashik/places/?page=1 HTTP/1.1" 200 2784
[21/Jul/2026 23:59:57] "GET /api/cities/nashik/places/?page=1 HTTP/1.1" 200 2784
[22/Jul/2026 00:00:01] "GET /api/cities/neil-island/places/?page=1 HTTP/1.1" 200 91
[22/Jul/2026 00:00:10] "GET /api/cities/nelliyampathy/places/?page=1 HTTP/1.1" 200 932
[22/Jul/2026 00:00:13] "GET /api/cities/new-delhi/places/?page=1 HTTP/1.1" 200 89
[22/Jul/2026 00:02:08] "GET /api/cities/noida/places/?page=1 HTTP/1.1" 200 9080
[22/Jul/2026 00:02:11] "GET /api/cities/nubra-valley/places/?page=1 HTTP/1.1" 200 92
[22/Jul/2026 00:02:29] "GET /api/cities/ooty/places/?page=1 HTTP/1.1" 200 1037
[22/Jul/2026 00:02:44] "GET /api/cities/orchha/places/?page=1 HTTP/1.1" 200 800
[22/Jul/2026 00:02:58] "GET /api/cities/pachmarhi/places/?page=1 HTTP/1.1" 200 825
[22/Jul/2026 00:03:21] "GET /api/cities/pahalgam/places/?page=1 HTTP/1.1" 200 844
[22/Jul/2026 00:03:47] "GET /api/cities/palampur/places/?page=1 HTTP/1.1" 200 952
Image Scraper Error: error sending request for url (https://www.bing.com/images/async?q=Shopping+at+M.G.Road+Panjim+india&async=1&first=1&count=35) > operation timed out
[22/Jul/2026 00:04:49] "GET /api/cities/panjim/places/?page=1 HTTP/1.1" 200 3413
Image Scraper Error: DecodeError: DecodeError('Body collection error: error decoding response body')
[22/Jul/2026 00:06:12] "GET /api/cities/patna/places/?page=1 HTTP/1.1" 200 5692
[22/Jul/2026 00:08:33] "GET /api/cities/pelling/places/?page=1 HTTP/1.1" 200 7887
[22/Jul/2026 00:09:36] "GET /api/cities/?page=10 HTTP/1.1" 200 5720
[22/Jul/2026 00:09:48] "GET /api/cities/porbandar/places/?page=1 HTTP/1.1" 200 948
[22/Jul/2026 00:09:51] "GET /api/cities/port-blair/places/?page=1 HTTP/1.1" 200 90
[22/Jul/2026 00:11:32] "GET /api/cities/puducherry/places/?page=1 HTTP/1.1" 200 9203
[22/Jul/2026 00:11:55] "GET /api/cities/puducherry/places/?page=2 HTTP/1.1" 200 3046
Image Scraper Error: No results found.
[22/Jul/2026 00:13:10] "GET /api/cities/pune/places/?page=1 HTTP/1.1" 200 7323
[22/Jul/2026 00:13:22] "GET /api/cities/pune/places/?page=1 HTTP/1.1" 200 7338
[22/Jul/2026 00:14:22] "GET /api/cities/puri/places/?page=1 HTTP/1.1" 200 3503
[22/Jul/2026 00:14:35] "GET /api/cities/purulia/places/?page=1 HTTP/1.1" 200 961
[22/Jul/2026 00:14:57] "GET /api/cities/pushkar/places/?page=1 HTTP/1.1" 200 813
[22/Jul/2026 00:15:08] "GET /api/cities/puttaparthi/places/?page=1 HTTP/1.1" 200 981
[22/Jul/2026 00:15:46] "GET /api/cities/raipur/places/?page=1 HTTP/1.1" 200 3605
[22/Jul/2026 00:16:05] "GET /api/cities/rajahmundry/places/?page=1 HTTP/1.1" 200 846
[22/Jul/2026 00:18:08] "GET /api/cities/rameswaram/places/?page=1 HTTP/1.1" 200 8231
Image Scraper Error: error sending request for url (https://www.bing.com/images/async?q=Dassam+falls++Ranchi+india&async=1&first=1&count=35) > operation timed out
[22/Jul/2026 00:19:41] "GET /api/cities/ranchi/places/?page=1 HTTP/1.1" 200 7003
[22/Jul/2026 00:20:56] "GET /api/cities/ranikhet/places/?page=1 HTTP/1.1" 200 5578
[22/Jul/2026 00:20:59] "GET /api/cities/rann-of-kutch/places/?page=1 HTTP/1.1" 200 93
[22/Jul/2026 00:21:28] "GET /api/cities/ranthambore/places/?page=1 HTTP/1.1" 200 2655
Image Scraper Error: error sending request for url (https://duckduckgo.com/?q=Ganapatipule+Temple+Ratnagiri+india) > operation timed out
[22/Jul/2026 00:22:05] "GET /api/cities/ratnagiri/places/?page=1 HTTP/1.1" 200 2811
[22/Jul/2026 00:22:24] "GET /api/cities/ratnagiri/places/?page=1 HTTP/1.1" 200 2863
