Watching for file changes with StatReloader
Performing system checks...

[TravelIO] Graph loaded with 10 nodes and 71 edges.
System check identified no issues (0 silenced).

You have 18 unapplied migration(s). Your project may not work properly until you apply the migrations for app(s): admin, auth, contenttypes, sessions.
Run 'python manage.py migrate' to apply them.
July 22, 2026 - 08:07:30
Django version 4.2.30, using settings 'travelio.settings'
Starting development server at http://127.0.0.1:8000/
Quit the server with CTRL-BREAK.

CityIndex: loading places data...
D:\Travel.IO\ml-service\ml\city_index.py:83: FutureWarning: The behavior of DataFrame concatenation with empty or all-NA entries is deprecated. In a future version, this will no longer exclude empty or all-NA columns when determining the result dtypes. To retain the old behavior, exclude the relevant entries before the concat operation.
  merged = pd.concat(frames, ignore_index=True)
  CityIndex: 1135 places across 241 cities in 37 states.
WARNING: All log messages before absl::InitializeLog() is called are written to STDERR
I0000 00:00:1784687954.352073    2656 port.cc:153] oneDNN custom operations are on. You may see slightly different numerical results due to floating-point round-off errors from different computation orders. To turn them off, set the environment variable `TF_ENABLE_ONEDNN_OPTS=0`.
WARNING: All log messages before absl::InitializeLog() is called are written to STDERR
I0000 00:00:1784687990.280290    2656 port.cc:153] oneDNN custom operations are on. You may see slightly different numerical results due to floating-point round-off errors from different computation orders. To turn them off, set the environment variable `TF_ENABLE_ONEDNN_OPTS=0`.
WARNING:tensorflow:From C:\Users\KAVYA\AppData\Roaming\Python\Python313\site-packages\tf_keras\src\losses.py:2976: The name tf.losses.sparse_softmax_cross_entropy is deprecated. Please use tf.compat.v1.losses.sparse_softmax_cross_entropy instead.

Initializing Semantic Search Index... (This might take a moment)
Found 1167 valid embeddings out of 1167 rows. Parsing...
Success: Loaded 1167 location embeddings into memory.
[22/Jul/2026 08:10:48] "GET /api/cities/?page=1 HTTP/1.1" 200 5514
[22/Jul/2026 08:10:50] "GET /api/cities/?page=1 HTTP/1.1" 200 5514
[22/Jul/2026 08:10:54] "GET /api/cities/agartala/places/?page=1 HTTP/1.1" 200 7189
[22/Jul/2026 08:10:58] "GET /api/cities/agra/places/?page=1 HTTP/1.1" 200 8845
[22/Jul/2026 08:11:02] "GET /api/cities/agra/places/?page=2 HTTP/1.1" 200 1834
[22/Jul/2026 08:11:05] "GET /api/cities/ahemdabad/places/?page=1 HTTP/1.1" 200 2527
[22/Jul/2026 08:11:09] "GET /api/cities/ahmedabad/places/?page=1 HTTP/1.1" 200 4231
[22/Jul/2026 08:11:12] "GET /api/cities/ajanta/places/?page=1 HTTP/1.1" 200 916
[22/Jul/2026 08:11:16] "GET /api/cities/ajmer/places/?page=1 HTTP/1.1" 200 3638
[22/Jul/2026 08:11:19] "GET /api/cities/alappuzha/places/?page=1 HTTP/1.1" 200 7364
[22/Jul/2026 08:11:23] "GET /api/cities/alibaug/places/?page=1 HTTP/1.1" 200 2477
[22/Jul/2026 08:11:27] "GET /api/cities/alibaug/places/?page=1 HTTP/1.1" 200 2477
[22/Jul/2026 08:11:30] "GET /api/cities/aligarh/places/?page=1 HTTP/1.1" 200 8651
[22/Jul/2026 08:11:34] "GET /api/cities/allahabad/places/?page=1 HTTP/1.1" 200 8287
[22/Jul/2026 08:11:37] "GET /api/cities/allahabad/places/?page=2 HTTP/1.1" 200 1662
[22/Jul/2026 08:11:41] "GET /api/cities/almora/places/?page=1 HTTP/1.1" 200 912
[22/Jul/2026 08:11:44] "GET /api/cities/amarkantak/places/?page=1 HTTP/1.1" 200 903
[22/Jul/2026 08:11:48] "GET /api/cities/amravati/places/?page=1 HTTP/1.1" 200 970
[22/Jul/2026 08:11:51] "GET /api/cities/amritsar/places/?page=1 HTTP/1.1" 200 7159
[22/Jul/2026 08:11:55] "GET /api/cities/anantapur/places/?page=1 HTTP/1.1" 200 929
[22/Jul/2026 08:11:59] "GET /api/cities/anantnag/places/?page=1 HTTP/1.1" 200 963
[22/Jul/2026 08:12:02] "GET /api/cities/auli/places/?page=1 HTTP/1.1" 200 4679
[22/Jul/2026 08:12:06] "GET /api/cities/aurangabad/places/?page=1 HTTP/1.1" 200 4055
[22/Jul/2026 08:12:09] "GET /api/cities/aurangabad/places/?page=1 HTTP/1.1" 200 4055
[22/Jul/2026 08:12:13] "GET /api/cities/?page=2 HTTP/1.1" 200 5057
[22/Jul/2026 08:12:17] "GET /api/cities/auroville/places/?page=1 HTTP/1.1" 200 879
[22/Jul/2026 08:12:20] "GET /api/cities/ayodhya/places/?page=1 HTTP/1.1" 200 5493
[22/Jul/2026 08:12:24] "GET /api/cities/badami/places/?page=1 HTTP/1.1" 200 2571
[22/Jul/2026 08:12:28] "GET /api/cities/badrinath/places/?page=1 HTTP/1.1" 200 861
[22/Jul/2026 08:12:31] "GET /api/cities/balasore/places/?page=1 HTTP/1.1" 200 3772
[22/Jul/2026 08:12:35] "GET /api/cities/bandhavgarh/places/?page=1 HTTP/1.1" 200 953
[22/Jul/2026 08:12:38] "GET /api/cities/bandipur/places/?page=1 HTTP/1.1" 200 903
[22/Jul/2026 08:12:42] "GET /api/cities/bangalore/places/?page=1 HTTP/1.1" 200 8045
[22/Jul/2026 08:12:45] "GET /api/cities/baratang-island/places/?page=1 HTTP/1.1" 200 95
[22/Jul/2026 08:12:49] "GET /api/cities/barot/places/?page=1 HTTP/1.1" 200 815
[22/Jul/2026 08:12:52] "GET /api/cities/bastar/places/?page=1 HTTP/1.1" 200 4282
[22/Jul/2026 08:12:56] "GET /api/cities/bekal/places/?page=1 HTTP/1.1" 200 775
[22/Jul/2026 08:13:00] "GET /api/cities/bengaluru/places/?page=1 HTTP/1.1" 200 1821
[22/Jul/2026 08:13:03] "GET /api/cities/berhampur/places/?page=1 HTTP/1.1" 200 4859
[22/Jul/2026 08:13:07] "GET /api/cities/bhimbetka/places/?page=1 HTTP/1.1" 200 915
[22/Jul/2026 08:13:10] "GET /api/cities/bhopal/places/?page=1 HTTP/1.1" 200 6415
[22/Jul/2026 08:13:14] "GET /api/cities/bhubaneswar/places/?page=1 HTTP/1.1" 200 1884
[22/Jul/2026 08:13:17] "GET /api/cities/bhuj/places/?page=1 HTTP/1.1" 200 4266
[22/Jul/2026 08:13:21] "GET /api/cities/bhuj/places/?page=1 HTTP/1.1" 200 4266
[22/Jul/2026 08:13:24] "GET /api/cities/bijapur/places/?page=1 HTTP/1.1" 200 4805
[22/Jul/2026 08:13:28] "GET /api/cities/?page=3 HTTP/1.1" 200 5025
[22/Jul/2026 08:13:32] "GET /api/cities/bijapur/places/?page=1 HTTP/1.1" 200 4805
[22/Jul/2026 08:13:36] "GET /api/cities/bikaner/places/?page=1 HTTP/1.1" 200 923
[22/Jul/2026 08:13:39] "GET /api/cities/bir-billing/places/?page=1 HTTP/1.1" 200 91
[22/Jul/2026 08:13:43] "GET /api/cities/bodh-gaya/places/?page=1 HTTP/1.1" 200 89
[22/Jul/2026 08:13:46] "GET /api/cities/bolpur/places/?page=1 HTTP/1.1" 200 840
[22/Jul/2026 08:13:50] "GET /api/cities/chamba/places/?page=1 HTTP/1.1" 200 817
[22/Jul/2026 08:13:53] "GET /api/cities/chandigarh/places/?page=1 HTTP/1.1" 200 6707
[22/Jul/2026 08:13:57] "GET /api/cities/chennai/places/?page=1 HTTP/1.1" 200 9131
[22/Jul/2026 08:14:00] "GET /api/cities/chennai/places/?page=2 HTTP/1.1" 200 4791
[22/Jul/2026 08:14:04] "GET /api/cities/cherrapunji/places/?page=1 HTTP/1.1" 200 7662
[22/Jul/2026 08:14:08] "GET /api/cities/chidambaram/places/?page=1 HTTP/1.1" 200 868
[22/Jul/2026 08:14:11] "GET /api/cities/chikmagalur/places/?page=1 HTTP/1.1" 200 1720
[22/Jul/2026 08:14:15] "GET /api/cities/chikmanglur/places/?page=1 HTTP/1.1" 200 5345
[22/Jul/2026 08:14:18] "GET /api/cities/chikmanglur/places/?page=1 HTTP/1.1" 200 5345
[22/Jul/2026 08:14:22] "GET /api/cities/chilika/places/?page=1 HTTP/1.1" 200 1018
[22/Jul/2026 08:14:25] "GET /api/cities/chitrakoot/places/?page=1 HTTP/1.1" 200 882
[22/Jul/2026 08:14:29] "GET /api/cities/chittorgarh/places/?page=1 HTTP/1.1" 200 974
[22/Jul/2026 08:14:32] "GET /api/cities/chopta/places/?page=1 HTTP/1.1" 200 830
[22/Jul/2026 08:14:36] "GET /api/cities/coimbatore/places/?page=1 HTTP/1.1" 200 9780
[22/Jul/2026 08:14:39] "GET /api/cities/coimbatore/places/?page=2 HTTP/1.1" 200 5614
[22/Jul/2026 08:14:43] "GET /api/cities/cooch-behar/places/?page=1 HTTP/1.1" 200 91
[22/Jul/2026 08:14:47] "GET /api/cities/coorg/places/?page=1 HTTP/1.1" 200 7592
[22/Jul/2026 08:14:50] "GET /api/cities/?page=4 HTTP/1.1" 200 5260
[22/Jul/2026 08:14:54] "GET /api/cities/cuttack/places/?page=1 HTTP/1.1" 200 6607
[22/Jul/2026 08:14:58] "GET /api/cities/dalhousie/places/?page=1 HTTP/1.1" 200 7546
[22/Jul/2026 08:15:01] "GET /api/cities/daman/places/?page=1 HTTP/1.1" 200 1629
[22/Jul/2026 08:15:05] "GET /api/cities/darjeeling/places/?page=1 HTTP/1.1" 200 9406
[22/Jul/2026 08:15:09] "GET /api/cities/darjeeling/places/?page=2 HTTP/1.1" 200 9162
[22/Jul/2026 08:15:12] "GET /api/cities/darjeeling/places/?page=3 HTTP/1.1" 200 1847
[22/Jul/2026 08:15:16] "GET /api/cities/dehradun/places/?page=1 HTTP/1.1" 200 9079
[22/Jul/2026 08:15:19] "GET /api/cities/dehradun/places/?page=2 HTTP/1.1" 200 3715
[22/Jul/2026 08:15:23] "GET /api/cities/delhi/places/?page=1 HTTP/1.1" 200 8388
[22/Jul/2026 08:15:26] "GET /api/cities/delhi/places/?page=2 HTTP/1.1" 200 6005
[22/Jul/2026 08:15:30] "GET /api/cities/deoghar/places/?page=1 HTTP/1.1" 200 2736
[22/Jul/2026 08:15:33] "GET /api/cities/digha/places/?page=1 HTTP/1.1" 200 797
[22/Jul/2026 08:15:37] "GET /api/cities/diskit/places/?page=1 HTTP/1.1" 200 3087
[22/Jul/2026 08:15:41] "GET /api/cities/diu/places/?page=1 HTTP/1.1" 200 4420
[22/Jul/2026 08:15:44] "GET /api/cities/dras/places/?page=1 HTTP/1.1" 200 856
[22/Jul/2026 08:15:48] "GET /api/cities/dumboor/places/?page=1 HTTP/1.1" 200 811
[22/Jul/2026 08:15:51] "GET /api/cities/dwarka/places/?page=1 HTTP/1.1" 200 3288
[22/Jul/2026 08:15:55] "GET /api/cities/dwarka/places/?page=1 HTTP/1.1" 200 3288
[22/Jul/2026 08:15:58] "GET /api/cities/dz%C3%BCkou-valley/places/?page=1 HTTP/1.1" 200 94
[22/Jul/2026 08:16:02] "GET /api/cities/fatehpur-sikri/places/?page=1 HTTP/1.1" 200 94
[22/Jul/2026 08:16:05] "GET /api/cities/gandhinagar/places/?page=1 HTTP/1.1" 200 4436
[22/Jul/2026 08:16:09] "GET /api/cities/gandhinagar/places/?page=1 HTTP/1.1" 200 4436
[22/Jul/2026 08:16:13] "GET /api/cities/gangtok/places/?page=1 HTTP/1.1" 200 8177
[22/Jul/2026 08:16:16] "GET /api/cities/gangtok/places/?page=2 HTTP/1.1" 200 8378
[22/Jul/2026 08:16:20] "GET /api/cities/gangtok/places/?page=3 HTTP/1.1" 200 894
[22/Jul/2026 08:16:58] "GET /api/cities/goa/places/?page=1 HTTP/1.1" 200 7268
[22/Jul/2026 08:17:02] "GET /api/cities/goa/places/?page=2 HTTP/1.1" 200 4395
[22/Jul/2026 08:17:05] "GET /api/cities/?page=5 HTTP/1.1" 200 5568
[22/Jul/2026 08:17:10] "GET /api/cities/gokarna/places/?page=1 HTTP/1.1" 200 778
[22/Jul/2026 08:17:13] "GET /api/cities/greater-noida/places/?page=1 HTTP/1.1" 200 93
[22/Jul/2026 08:17:17] "GET /api/cities/guntur/places/?page=1 HTTP/1.1" 200 1014
[22/Jul/2026 08:17:30] "GET /api/cities/gurugram/places/?page=1 HTTP/1.1" 200 9188
[22/Jul/2026 08:17:33] "GET /api/cities/gurugram/places/?page=2 HTTP/1.1" 200 4751
Image Scraper Error: error sending request for url (https://www.bing.com/images/async?q=Kalakshetra+theatre+and+artifact+museum+Guwahati+india&async=1&first=1&count=35) > operation timed out
[22/Jul/2026 08:17:42] "GET /api/cities/guwahati/places/?page=1 HTTP/1.1" 200 9260
[22/Jul/2026 08:17:46] "GET /api/cities/guwahati/places/?page=2 HTTP/1.1" 200 932
[22/Jul/2026 08:18:11] "GET /api/cities/gwalior/places/?page=1 HTTP/1.1" 200 9306
[22/Jul/2026 08:18:24] "GET /api/cities/hajo/places/?page=1 HTTP/1.1" 200 866
[22/Jul/2026 08:18:28] "GET /api/cities/halebidu/places/?page=1 HTTP/1.1" 200 933
[22/Jul/2026 08:18:32] "GET /api/cities/hampi/places/?page=1 HTTP/1.1" 200 6369
[22/Jul/2026 08:18:35] "GET /api/cities/hampi/places/?page=1 HTTP/1.1" 200 6369
Image Scraper Error: No results found.
[22/Jul/2026 08:19:08] "GET /api/cities/haridwar/places/?page=1 HTTP/1.1" 200 8794
[22/Jul/2026 08:19:11] "GET /api/cities/haridwar/places/?page=2 HTTP/1.1" 200 1030
[22/Jul/2026 08:19:15] "GET /api/cities/havelock-island/places/?page=1 HTTP/1.1" 200 95
[22/Jul/2026 08:19:19] "GET /api/cities/hemis/places/?page=1 HTTP/1.1" 200 857
[22/Jul/2026 08:19:22] "GET /api/cities/hooghly/places/?page=1 HTTP/1.1" 200 820
[22/Jul/2026 08:19:32] "GET /api/cities/hyderabad/places/?page=1 HTTP/1.1" 200 8751
[22/Jul/2026 08:19:36] "GET /api/cities/hyderabad/places/?page=2 HTTP/1.1" 200 2808
[22/Jul/2026 08:19:39] "GET /api/cities/indore/places/?page=1 HTTP/1.1" 200 6272
Image Scraper Error: No results found.
[22/Jul/2026 08:19:59] "GET /api/cities/jabalpur/places/?page=1 HTTP/1.1" 200 9345
[22/Jul/2026 08:20:02] "GET /api/cities/jabalpur/places/?page=2 HTTP/1.1" 200 972
[22/Jul/2026 08:20:06] "GET /api/cities/jaipur/places/?page=1 HTTP/1.1" 200 8489
[22/Jul/2026 08:20:26] "GET /api/cities/jaipur/places/?page=2 HTTP/1.1" 200 1883
[22/Jul/2026 08:20:56] "GET /api/cities/jaisalmer/places/?page=1 HTTP/1.1" 200 3376
[22/Jul/2026 08:21:00] "GET /api/cities/jalpaiguri/places/?page=1 HTTP/1.1" 200 1091
[22/Jul/2026 08:21:04] "GET /api/cities/?page=6 HTTP/1.1" 200 5164
[22/Jul/2026 08:21:08] "GET /api/cities/jammu/places/?page=1 HTTP/1.1" 200 905
[22/Jul/2026 08:21:11] "GET /api/cities/jhansi/places/?page=1 HTTP/1.1" 200 914
[22/Jul/2026 08:21:15] "GET /api/cities/jim-corbett/places/?page=1 HTTP/1.1" 200 91
[22/Jul/2026 08:21:18] "GET /api/cities/jodhpur/places/?page=1 HTTP/1.1" 200 2669
[22/Jul/2026 08:21:22] "GET /api/cities/joshimath/places/?page=1 HTTP/1.1" 200 881
[22/Jul/2026 08:21:25] "GET /api/cities/junagadh/places/?page=1 HTTP/1.1" 200 3567
[22/Jul/2026 08:21:29] "GET /api/cities/junagadh/places/?page=1 HTTP/1.1" 200 3567
[22/Jul/2026 08:21:33] "GET /api/cities/kadapa/places/?page=1 HTTP/1.1" 200 944
[22/Jul/2026 08:21:36] "GET /api/cities/kangra/places/?page=1 HTTP/1.1" 200 778
[22/Jul/2026 08:21:40] "GET /api/cities/kanha/places/?page=1 HTTP/1.1" 200 889
[22/Jul/2026 08:21:43] "GET /api/cities/kannur/places/?page=1 HTTP/1.1" 200 2765
[22/Jul/2026 08:21:47] "GET /api/cities/kanpur/places/?page=1 HTTP/1.1" 200 9054
[22/Jul/2026 08:21:50] "GET /api/cities/kanpur/places/?page=2 HTTP/1.1" 200 1860
Image Scraper Error: DecodeError: DecodeError('Body collection error: error decoding response body')
[22/Jul/2026 08:22:14] "GET /api/cities/kanyakumari/places/?page=1 HTTP/1.1" 200 8414
[22/Jul/2026 08:22:23] "GET /api/cities/kargil/places/?page=1 HTTP/1.1" 200 1597
[22/Jul/2026 08:22:26] "GET /api/cities/kaziranga/places/?page=1 HTTP/1.1" 200 2511
[22/Jul/2026 08:22:30] "GET /api/cities/kedarnath/places/?page=1 HTTP/1.1" 200 4916
[22/Jul/2026 08:22:34] "GET /api/cities/kendujhar/places/?page=1 HTTP/1.1" 200 890
[22/Jul/2026 08:22:37] "GET /api/cities/keonjhar/places/?page=1 HTTP/1.1" 200 4955
[22/Jul/2026 08:22:41] "GET /api/cities/kevadia/places/?page=1 HTTP/1.1" 200 832
[22/Jul/2026 08:22:44] "GET /api/cities/khajuraho/places/?page=1 HTTP/1.1" 200 3537
[22/Jul/2026 08:23:10] "GET /api/cities/?page=7 HTTP/1.1" 200 5361
[22/Jul/2026 08:23:24] "GET /api/cities/kinnaur/places/?page=1 HTTP/1.1" 200 863
[22/Jul/2026 08:23:28] "GET /api/cities/kishtwar/places/?page=1 HTTP/1.1" 200 914
[22/Jul/2026 08:23:47] "GET /api/cities/kochi/places/?page=1 HTTP/1.1" 200 9020
[22/Jul/2026 08:23:51] "GET /api/cities/kochi/places/?page=1 HTTP/1.1" 200 9020
Image Scraper Error: error sending request for url (https://duckduckgo.com/?q=Dolphin%27s+Nose+Kodaikanal+india) > operation timed out
[22/Jul/2026 08:24:05] "GET /api/cities/kodaikanal/places/?page=1 HTTP/1.1" 200 8629
[22/Jul/2026 08:24:08] "GET /api/cities/kodaikanal/places/?page=2 HTTP/1.1" 200 861
[22/Jul/2026 08:24:48] "GET /api/cities/kohima/places/?page=1 HTTP/1.1" 200 4447
[22/Jul/2026 08:24:52] "GET /api/cities/kolhapur/places/?page=1 HTTP/1.1" 200 3324
[22/Jul/2026 08:25:16] "GET /api/cities/kolkata/places/?page=1 HTTP/1.1" 200 8825
[22/Jul/2026 08:25:33] "GET /api/cities/kolkata/places/?page=2 HTTP/1.1" 200 7341
[22/Jul/2026 08:25:54] "GET /api/cities/konark/places/?page=1 HTTP/1.1" 200 4860
[22/Jul/2026 08:25:58] "GET /api/cities/kovalam/places/?page=1 HTTP/1.1" 200 797
[22/Jul/2026 08:26:01] "GET /api/cities/kozhikode/places/?page=1 HTTP/1.1" 200 4643
[22/Jul/2026 08:26:05] "GET /api/cities/kufri/places/?page=1 HTTP/1.1" 200 840
[22/Jul/2026 08:26:08] "GET /api/cities/kullu/places/?page=1 HTTP/1.1" 200 8154
[22/Jul/2026 08:26:12] "GET /api/cities/kumarakom/places/?page=1 HTTP/1.1" 200 917
[22/Jul/2026 08:26:15] "GET /api/cities/kurnool/places/?page=1 HTTP/1.1" 200 5464
[22/Jul/2026 08:26:37] "GET /api/cities/leh/places/?page=1 HTTP/1.1" 200 8137
[22/Jul/2026 08:26:40] "GET /api/cities/leh/places/?page=2 HTTP/1.1" 200 7733
[22/Jul/2026 08:26:44] "GET /api/cities/leh/places/?page=3 HTTP/1.1" 200 1571
[22/Jul/2026 08:27:08] "GET /api/cities/lonavala/places/?page=1 HTTP/1.1" 200 8672
[22/Jul/2026 08:27:28] "GET /api/cities/lonavla/places/?page=1 HTTP/1.1" 200 1050
[22/Jul/2026 08:27:41] "GET /api/cities/lucknow/places/?page=1 HTTP/1.1" 200 7171
[22/Jul/2026 08:27:44] "GET /api/cities/madurai/places/?page=1 HTTP/1.1" 200 9175
[22/Jul/2026 08:27:48] "GET /api/cities/madurai/places/?page=2 HTTP/1.1" 200 957
[22/Jul/2026 08:27:51] "GET /api/cities/?page=8 HTTP/1.1" 200 5235
[22/Jul/2026 08:28:09] "GET /api/cities/mahabalipuram/places/?page=1 HTTP/1.1" 200 6069
[22/Jul/2026 08:28:13] "GET /api/cities/majuli/places/?page=1 HTTP/1.1" 200 828
[22/Jul/2026 08:28:16] "GET /api/cities/manali/places/?page=1 HTTP/1.1" 200 4780
[22/Jul/2026 08:28:20] "GET /api/cities/manas/places/?page=1 HTTP/1.1" 200 849
[22/Jul/2026 08:28:23] "GET /api/cities/mandi/places/?page=1 HTTP/1.1" 200 1171
[22/Jul/2026 08:28:27] "GET /api/cities/mandu/places/?page=1 HTTP/1.1" 200 804
[22/Jul/2026 08:28:31] "GET /api/cities/mangalore/places/?page=1 HTTP/1.1" 200 4919
[22/Jul/2026 08:28:34] "GET /api/cities/manikaran/places/?page=1 HTTP/1.1" 200 930
[22/Jul/2026 08:28:38] "GET /api/cities/matheran/places/?page=1 HTTP/1.1" 200 6845
[22/Jul/2026 08:28:41] "GET /api/cities/mathura/places/?page=1 HTTP/1.1" 200 9025
[22/Jul/2026 08:28:45] "GET /api/cities/mcleod-ganj/places/?page=1 HTTP/1.1" 200 91
[22/Jul/2026 08:28:48] "GET /api/cities/meerut/places/?page=1 HTTP/1.1" 200 8854
[22/Jul/2026 08:28:52] "GET /api/cities/meerut/places/?page=2 HTTP/1.1" 200 971
[22/Jul/2026 08:28:56] "GET /api/cities/mount-abu/places/?page=1 HTTP/1.1" 200 89
[22/Jul/2026 08:28:59] "GET /api/cities/mumbai/places/?page=1 HTTP/1.1" 200 9036
[22/Jul/2026 08:29:03] "GET /api/cities/mumbai/places/?page=2 HTTP/1.1" 200 6771
[22/Jul/2026 08:29:06] "GET /api/cities/munnar/places/?page=1 HTTP/1.1" 200 3296
[22/Jul/2026 08:29:10] "GET /api/cities/murshidabad/places/?page=1 HTTP/1.1" 200 3871
[22/Jul/2026 08:29:14] "GET /api/cities/murudeshwar/places/?page=1 HTTP/1.1" 200 887
[22/Jul/2026 08:29:29] "GET /api/cities/mussoorie/places/?page=1 HTTP/1.1" 200 9283
[22/Jul/2026 08:29:33] "GET /api/cities/mussoorie/places/?page=2 HTTP/1.1" 200 3824
[22/Jul/2026 08:29:37] "GET /api/cities/mysore/places/?page=1 HTTP/1.1" 200 5140
[22/Jul/2026 08:29:40] "GET /api/cities/mysore/places/?page=1 HTTP/1.1" 200 5140
[22/Jul/2026 08:29:44] "GET /api/cities/?page=9 HTTP/1.1" 200 5621
[22/Jul/2026 08:29:48] "GET /api/cities/nagpur/places/?page=1 HTTP/1.1" 200 7399
[22/Jul/2026 08:29:52] "GET /api/cities/nagpur/places/?page=1 HTTP/1.1" 200 7399
[22/Jul/2026 08:30:26] "GET /api/cities/nainital/places/?page=1 HTTP/1.1" 200 9189
[22/Jul/2026 08:30:30] "GET /api/cities/nainital/places/?page=2 HTTP/1.1" 200 1936
[22/Jul/2026 08:30:34] "GET /api/cities/namchi/places/?page=1 HTTP/1.1" 200 4747
[22/Jul/2026 08:30:37] "GET /api/cities/narkanda/places/?page=1 HTTP/1.1" 200 778
[22/Jul/2026 08:30:41] "GET /api/cities/nashik/places/?page=1 HTTP/1.1" 200 2784
[22/Jul/2026 08:30:44] "GET /api/cities/nashik/places/?page=1 HTTP/1.1" 200 2784
[22/Jul/2026 08:30:48] "GET /api/cities/neil-island/places/?page=1 HTTP/1.1" 200 91
[22/Jul/2026 08:30:51] "GET /api/cities/nelliyampathy/places/?page=1 HTTP/1.1" 200 932
[22/Jul/2026 08:30:55] "GET /api/cities/new-delhi/places/?page=1 HTTP/1.1" 200 89
[22/Jul/2026 08:30:58] "GET /api/cities/noida/places/?page=1 HTTP/1.1" 200 9080
[22/Jul/2026 08:31:02] "GET /api/cities/nubra-valley/places/?page=1 HTTP/1.1" 200 92
[22/Jul/2026 08:31:06] "GET /api/cities/ooty/places/?page=1 HTTP/1.1" 200 1037
[22/Jul/2026 08:31:09] "GET /api/cities/orchha/places/?page=1 HTTP/1.1" 200 800
[22/Jul/2026 08:31:13] "GET /api/cities/pachmarhi/places/?page=1 HTTP/1.1" 200 825
[22/Jul/2026 08:31:16] "GET /api/cities/pahalgam/places/?page=1 HTTP/1.1" 200 844
[22/Jul/2026 08:31:20] "GET /api/cities/palampur/places/?page=1 HTTP/1.1" 200 952
[22/Jul/2026 08:31:41] "GET /api/cities/panjim/places/?page=1 HTTP/1.1" 200 3440
[22/Jul/2026 08:31:54] "GET /api/cities/patna/places/?page=1 HTTP/1.1" 200 5602
[22/Jul/2026 08:31:57] "GET /api/cities/pelling/places/?page=1 HTTP/1.1" 200 7887
[22/Jul/2026 08:32:01] "GET /api/cities/?page=10 HTTP/1.1" 200 5720
[22/Jul/2026 08:32:05] "GET /api/cities/porbandar/places/?page=1 HTTP/1.1" 200 948
[22/Jul/2026 08:32:08] "GET /api/cities/port-blair/places/?page=1 HTTP/1.1" 200 90
[22/Jul/2026 08:32:12] "GET /api/cities/puducherry/places/?page=1 HTTP/1.1" 200 9203
[22/Jul/2026 08:32:16] "GET /api/cities/puducherry/places/?page=2 HTTP/1.1" 200 3046
[22/Jul/2026 08:32:19] "GET /api/cities/pune/places/?page=1 HTTP/1.1" 200 7338
[22/Jul/2026 08:32:23] "GET /api/cities/pune/places/?page=1 HTTP/1.1" 200 7338
[22/Jul/2026 08:32:26] "GET /api/cities/puri/places/?page=1 HTTP/1.1" 200 3503
[22/Jul/2026 08:32:30] "GET /api/cities/purulia/places/?page=1 HTTP/1.1" 200 961
[22/Jul/2026 08:32:34] "GET /api/cities/pushkar/places/?page=1 HTTP/1.1" 200 813
[22/Jul/2026 08:32:37] "GET /api/cities/puttaparthi/places/?page=1 HTTP/1.1" 200 981
[22/Jul/2026 08:32:41] "GET /api/cities/raipur/places/?page=1 HTTP/1.1" 200 3605
[22/Jul/2026 08:32:44] "GET /api/cities/rajahmundry/places/?page=1 HTTP/1.1" 200 846
[22/Jul/2026 08:32:48] "GET /api/cities/rameswaram/places/?page=1 HTTP/1.1" 200 8231
[22/Jul/2026 08:33:03] "GET /api/cities/ranchi/places/?page=1 HTTP/1.1" 200 6923
[22/Jul/2026 08:33:06] "GET /api/cities/ranikhet/places/?page=1 HTTP/1.1" 200 5578
[22/Jul/2026 08:33:10] "GET /api/cities/rann-of-kutch/places/?page=1 HTTP/1.1" 200 93
[22/Jul/2026 08:33:13] "GET /api/cities/ranthambore/places/?page=1 HTTP/1.1" 200 2655
[22/Jul/2026 08:33:17] "GET /api/cities/ratnagiri/places/?page=1 HTTP/1.1" 200 2863
[22/Jul/2026 08:33:21] "GET /api/cities/ratnagiri/places/?page=1 HTTP/1.1" 200 2863
[22/Jul/2026 08:33:24] "GET /api/cities/ratnagiri/places/?page=1 HTTP/1.1" 200 2863
[22/Jul/2026 08:35:38] "GET /api/cities/ravangla/places/?page=1 HTTP/1.1" 200 6431
[22/Jul/2026 08:36:17] "GET /api/cities/?page=11 HTTP/1.1" 200 5616
[22/Jul/2026 08:38:24] "GET /api/cities/rishikesh/places/?page=1 HTTP/1.1" 200 9306
[22/Jul/2026 08:39:10] "GET /api/cities/rishikesh/places/?page=2 HTTP/1.1" 200 3647
Image Scraper Error: No results found.
Image Scraper Error: error sending request for url (https://www.bing.com/images/async?q=Khandadhar+Waterfall+Rourkela+india&async=1&first=1&count=35) > operation timed out
[22/Jul/2026 08:40:15] "GET /api/cities/rourkela/places/?page=1 HTTP/1.1" 200 5303
[22/Jul/2026 08:41:05] "GET /api/cities/sambalpur/places/?page=1 HTTP/1.1" 200 3663
[22/Jul/2026 08:41:21] "GET /api/cities/sarnath/places/?page=1 HTTP/1.1" 200 823
[22/Jul/2026 08:42:32] "GET /api/cities/satara/places/?page=1 HTTP/1.1" 200 7172
[22/Jul/2026 08:42:35] "GET /api/cities/sawai-madhopur/places/?page=1 HTTP/1.1" 200 94
[22/Jul/2026 08:44:31] "GET /api/cities/shimla/places/?page=1 HTTP/1.1" 200 9014
[22/Jul/2026 08:45:21] "GET /api/cities/shimla/places/?page=2 HTTP/1.1" 200 4529
[22/Jul/2026 08:45:42] "GET /api/cities/shirdi/places/?page=1 HTTP/1.1" 200 934
[22/Jul/2026 08:45:52] "GET /api/cities/shivamogga/places/?page=1 HTTP/1.1" 200 933
[22/Jul/2026 08:46:05] "GET /api/cities/shoja/places/?page=1 HTTP/1.1" 200 819
[22/Jul/2026 08:47:02] "GET /api/cities/siliguri/places/?page=1 HTTP/1.1" 200 6606
[22/Jul/2026 08:47:15] "GET /api/cities/sivasagar/places/?page=1 HTTP/1.1" 200 923
[22/Jul/2026 08:47:46] "GET /api/cities/somnath/places/?page=1 HTTP/1.1" 200 1574
[22/Jul/2026 08:47:50] "GET /api/cities/somnath/places/?page=1 HTTP/1.1" 200 1574
[22/Jul/2026 08:47:53] "GET /api/cities/spiti-valley/places/?page=1 HTTP/1.1" 200 92
Image Scraper Error: error sending request for url (https://www.bing.com/images/async?q=Betaab+Valley++Srinagar+india&async=1&first=1&count=35) > operation timed out
[22/Jul/2026 08:49:26] "GET /api/cities/srinagar/places/?page=1 HTTP/1.1" 200 9318
[22/Jul/2026 08:50:50] "GET /api/cities/srinagar/places/?page=2 HTTP/1.1" 200 8314
[22/Jul/2026 08:51:37] "GET /api/cities/srisailam/places/?page=1 HTTP/1.1" 200 3597
[22/Jul/2026 08:52:45] "GET /api/cities/sundarbans/places/?page=1 HTTP/1.1" 200 5876
[22/Jul/2026 08:53:04] "GET /api/cities/tarkarli/places/?page=1 HTTP/1.1" 200 861
[22/Jul/2026 08:54:47] "GET /api/cities/tawang/places/?page=1 HTTP/1.1" 200 7613
[22/Jul/2026 08:55:31] "GET /api/cities/?page=12 HTTP/1.1" 200 5952
[22/Jul/2026 08:56:36] "GET /api/cities/thanjavur/places/?page=1 HTTP/1.1" 200 4773
[22/Jul/2026 08:56:55] "GET /api/cities/thekkady/places/?page=1 HTTP/1.1" 200 885
[22/Jul/2026 08:57:08] "GET /api/cities/thiruvananthapuram/places/?page=1 HTTP/1.1" 200 988
[22/Jul/2026 08:58:06] "GET /api/cities/thiruvanthapuram/places/?page=1 HTTP/1.1" 200 5263
[22/Jul/2026 08:58:15] "GET /api/cities/tirunelveli/places/?page=1 HTTP/1.1" 200 950
[22/Jul/2026 08:59:27] "GET /api/cities/udaipur/places/?page=1 HTTP/1.1" 200 7382
[22/Jul/2026 08:59:35] "GET /api/cities/udhampur/places/?page=1 HTTP/1.1" 200 974
Image Scraper Error: error sending request for url (https://www.bing.com/images/async?q=Kaliadeh+Palace+Ujjain+india&async=1&first=1&count=35) > operation timed out
[22/Jul/2026 09:00:40] "GET /api/cities/ujjain/places/?page=1 HTTP/1.1" 200 7278
[22/Jul/2026 09:00:55] "GET /api/cities/unakoti/places/?page=1 HTTP/1.1" 200 883
Image Scraper Error: error sending request for url (https://duckduckgo.com/?q=Harsil+Uttarkashi+india) > operation timed out
Image Scraper Error: error sending request for url (https://www.bing.com/images/async?q=Nachiketa+lake+Uttarkashi+india&async=1&first=1&count=35) > operation timed out
[22/Jul/2026 09:03:10] "GET /api/cities/uttarkashi/places/?page=1 HTTP/1.1" 200 8440
[22/Jul/2026 09:03:50] "GET /api/cities/uttarkashi/places/?page=2 HTTP/1.1" 200 2451
[22/Jul/2026 09:05:20] "GET /api/cities/vadodara/places/?page=1 HTTP/1.1" 200 5435
[22/Jul/2026 09:05:24] "GET /api/cities/vadodara/places/?page=1 HTTP/1.1" 200 5435
[22/Jul/2026 09:07:09] "GET /api/cities/varanasi/places/?page=1 HTTP/1.1" 200 9187
[22/Jul/2026 09:07:18] "GET /api/cities/varanasi/places/?page=2 HTTP/1.1" 200 1044
[22/Jul/2026 09:07:29] "GET /api/cities/varkala/places/?page=1 HTTP/1.1" 200 914
[22/Jul/2026 09:09:13] "GET /api/cities/vijayawada/places/?page=1 HTTP/1.1" 200 7462
[22/Jul/2026 09:10:47] "GET /api/cities/visakhapatnam/places/?page=1 HTTP/1.1" 200 9440
[22/Jul/2026 09:10:59] "GET /api/cities/visakhapatnam/places/?page=2 HTTP/1.1" 200 992
[22/Jul/2026 09:11:10] "GET /api/cities/vizianagaram/places/?page=1 HTTP/1.1" 200 1016
[22/Jul/2026 09:12:14] "GET /api/cities/vrindavan/places/?page=1 HTTP/1.1" 200 4506
[22/Jul/2026 09:13:10] "GET /api/cities/wayanad/places/?page=1 HTTP/1.1" 200 3376
[22/Jul/2026 09:13:40] "GET /api/cities/yercaud/places/?page=1 HTTP/1.1" 200 2421
[22/Jul/2026 09:13:43] "GET /api/cities/?page=13 HTTP/1.1" 200 758
[22/Jul/2026 09:13:47] "GET /api/cities/dalhousie/places/?page=1 HTTP/1.1" 200 7546
