Traceback (most recent call last):
  File "C:\Users\KAVYA\AppData\Roaming\Python\Python313\site-packages\requests\models.py", line 976, in json
    return complexjson.loads(self.text, **kwargs)
           ~~~~~~~~~~~~~~~~~^^^^^^^^^^^^^^^^^^^^^
  File "C:\Python313\Lib\json\__init__.py", line 346, in loads
    return _default_decoder.decode(s)
           ~~~~~~~~~~~~~~~~~~~~~~~^^^
  File "C:\Python313\Lib\json\decoder.py", line 345, in decode
    obj, end = self.raw_decode(s, idx=_w(s, 0).end())
               ~~~~~~~~~~~~~~~^^^^^^^^^^^^^^^^^^^^^^^
  File "C:\Python313\Lib\json\decoder.py", line 363, in raw_decode
    raise JSONDecodeError("Expecting value", s, err.value) from None
json.decoder.JSONDecodeError: Expecting value: line 1 column 1 (char 0)

During handling of the above exception, another exception occurred:

Traceback (most recent call last):
  File "<string>", line 1, in <module>
    import requests; res=requests.get('https://en.wikipedia.org/w/api.php?action=query&generator=search&gsrsearch=Goa%20beaches&prop=pageimages&piprop=original&format=json&pithumbsize=1000'); print([v.get('original',{}).get('source') for v in res.json()['query']['pages'].values() if 'original' in v])
                                                                                                                                                                                                                                                   ~~~~~~~~^^
  File "C:\Users\KAVYA\AppData\Roaming\Python\Python313\site-packages\requests\models.py", line 980, in json
    raise RequestsJSONDecodeError(e.msg, e.doc, e.pos)
requests.exceptions.JSONDecodeError: Expecting value: line 1 column 1 (char 0)
