Watching for file changes with StatReloader
Performing system checks...

[TravelIO] Graph loaded with 10 nodes and 71 edges.
System check identified no issues (0 silenced).

You have 18 unapplied migration(s). Your project may not work properly until you apply the migrations for app(s): admin, auth, contenttypes, sessions.
Run 'python manage.py migrate' to apply them.
July 20, 2026 - 21:36:24
Django version 4.2.30, using settings 'travelio.settings'
Starting development server at http://127.0.0.1:8000/
Quit the server with CTRL-BREAK.

CityIndex: loading places data...
D:\Travel.IO\ml-service\ml\city_index.py:83: FutureWarning: The behavior of DataFrame concatenation with empty or all-NA entries is deprecated. In a future version, this will no longer exclude empty or all-NA columns when determining the result dtypes. To retain the old behavior, exclude the relevant entries before the concat operation.
  merged = pd.concat(frames, ignore_index=True)
  CityIndex: 1135 places across 241 cities in 37 states.
[20/Jul/2026 21:38:44] "GET /api/cities/?page=1&limit=20&sort=alpha HTTP/1.1" 200 4718
[20/Jul/2026 21:38:54] "GET /api/cities/?page=1&limit=20&sort=alpha HTTP/1.1" 200 4718
[20/Jul/2026 21:38:54] "GET /api/cities/?page=1&limit=20&sort=alpha HTTP/1.1" 200 4718
[20/Jul/2026 21:39:05] "GET /api/cities/?page=2&limit=20&sort=alpha HTTP/1.1" 200 4721
WARNING: All log messages before absl::InitializeLog() is called are written to STDERR
I0000 00:00:1784563764.460268   15856 port.cc:153] oneDNN custom operations are on. You may see slightly different numerical results due to floating-point round-off errors from different computation orders. To turn them off, set the environment variable `TF_ENABLE_ONEDNN_OPTS=0`.
[20/Jul/2026 21:39:27] "GET /api/cities/?page=1&limit=20&sort=alpha HTTP/1.1" 200 4718
WARNING: All log messages before absl::InitializeLog() is called are written to STDERR
I0000 00:00:1784563781.694634   15856 port.cc:153] oneDNN custom operations are on. You may see slightly different numerical results due to floating-point round-off errors from different computation orders. To turn them off, set the environment variable `TF_ENABLE_ONEDNN_OPTS=0`.
[20/Jul/2026 21:40:26] "POST /api/recommend/ HTTP/1.1" 200 1375
WARNING:tensorflow:From C:\Users\KAVYA\AppData\Roaming\Python\Python313\site-packages\tf_keras\src\losses.py:2976: The name tf.losses.sparse_softmax_cross_entropy is deprecated. Please use tf.compat.v1.losses.sparse_softmax_cross_entropy instead.

[20/Jul/2026 21:40:29] "GET /api/seasonal/?destination=Delhi&month=7 HTTP/1.1" 200 273
[20/Jul/2026 21:40:30] "GET /api/safety/Delhi/ HTTP/1.1" 200 188
[20/Jul/2026 21:40:31] "POST /api/budget/predict/ HTTP/1.1" 200 221
Initializing Semantic Search Index... (This might take a moment)
Found 1167 valid embeddings out of 1167 rows. Parsing...
Success: Loaded 1167 location embeddings into memory.
[20/Jul/2026 21:40:58,612] - Broken pipe from ('127.0.0.1', 64105)
[20/Jul/2026 21:56:55] "GET /api/cities/?page=1&limit=20&sort=alpha HTTP/1.1" 200 5586
[20/Jul/2026 21:56:55] "GET /api/cities/?page=1&limit=20&sort=alpha HTTP/1.1" 200 5586
[20/Jul/2026 21:57:07] "GET /api/cities/agra/detail/ HTTP/1.1" 200 639
[20/Jul/2026 21:57:07] "GET /api/cities/agra/nearby/?limit=6 HTTP/1.1" 200 1855
[20/Jul/2026 21:57:07] "GET /api/cities/agra/detail/ HTTP/1.1" 200 639
[20/Jul/2026 21:57:07] "GET /api/cities/agra/nearby/?limit=6 HTTP/1.1" 200 1855
[20/Jul/2026 21:57:07] "GET /api/cities/Agra/places/?page=1&limit=12&sort=alpha HTTP/1.1" 200 5691
[20/Jul/2026 21:57:07] "GET /api/cities/Agra/places/?page=1&limit=12&sort=alpha HTTP/1.1" 200 5691
[20/Jul/2026 22:00:47] "GET /api/cities/?page=1&limit=20&sort=alpha HTTP/1.1" 200 5586
[20/Jul/2026 22:00:47] "GET /api/cities/?page=1&limit=20&sort=alpha HTTP/1.1" 200 5586
D:\Travel.IO\ml-service\ml\city_index.py changed, reloading.
Watching for file changes with StatReloader
Performing system checks...

[TravelIO] Graph loaded with 10 nodes and 71 edges.
System check identified no issues (0 silenced).

You have 18 unapplied migration(s). Your project may not work properly until you apply the migrations for app(s): admin, auth, contenttypes, sessions.
Run 'python manage.py migrate' to apply them.
July 20, 2026 - 22:03:27
Django version 4.2.30, using settings 'travelio.settings'
Starting development server at http://127.0.0.1:8000/
Quit the server with CTRL-BREAK.

CityIndex: loading places data...
D:\Travel.IO\ml-service\ml\city_index.py:83: FutureWarning: The behavior of DataFrame concatenation with empty or all-NA entries is deprecated. In a future version, this will no longer exclude empty or all-NA columns when determining the result dtypes. To retain the old behavior, exclude the relevant entries before the concat operation.
  merged = pd.concat(frames, ignore_index=True)
  CityIndex: 1135 places across 241 cities in 37 states.
[20/Jul/2026 22:04:57] "GET /api/cities/?page=1&limit=20&sort=alpha HTTP/1.1" 200 4718
[20/Jul/2026 22:05:27] "GET /api/cities/ahmedabad/detail/ HTTP/1.1" 200 236
[20/Jul/2026 22:05:27] "GET /api/cities/ahmedabad/nearby/?limit=6 HTTP/1.1" 200 1341
[20/Jul/2026 22:05:27] "GET /api/cities/ahmedabad/detail/ HTTP/1.1" 200 236
[20/Jul/2026 22:05:27] "GET /api/cities/ahmedabad/nearby/?limit=6 HTTP/1.1" 200 1341
D:\Travel.IO\ml-service\ml\image_scraper.py:23: RuntimeWarning: This package (`duckduckgo_search`) has been renamed to `ddgs`! Use `pip install ddgs` instead.
  with DDGS() as ddgs:
Image Scraper Error: https://duckduckgo.com/i.js?o=json&q=Kankaria+Lake+Ahmedabad+india&l=us-en&vqd=4-145683319374215460106657029765242448756&p=1&f=%2C%2C%2C%2C%2C 403 Ratelimit
D:\Travel.IO\ml-service\ml\image_scraper.py:23: RuntimeWarning: This package (`duckduckgo_search`) has been renamed to `ddgs`! Use `pip install ddgs` instead.
  with DDGS() as ddgs:
Image Scraper Error: https://duckduckgo.com/i.js?o=json&q=Manek+Chowk+Ahmedabad+india&l=us-en&vqd=4-163339926532761118451103279345345616077&p=1&f=%2C%2C%2C%2C%2C 403 Ratelimit
D:\Travel.IO\ml-service\ml\image_scraper.py:23: RuntimeWarning: This package (`duckduckgo_search`) has been renamed to `ddgs`! Use `pip install ddgs` instead.
  with DDGS() as ddgs:
WARNING: All log messages before absl::InitializeLog() is called are written to STDERR
I0000 00:00:1784565337.850159   15588 port.cc:153] oneDNN custom operations are on. You may see slightly different numerical results due to floating-point round-off errors from different computation orders. To turn them off, set the environment variable `TF_ENABLE_ONEDNN_OPTS=0`.
D:\Travel.IO\ml-service\ml\image_scraper.py:23: RuntimeWarning: This package (`duckduckgo_search`) has been renamed to `ddgs`! Use `pip install ddgs` instead.
  with DDGS() as ddgs:
Image Scraper Error: https://duckduckgo.com/i.js?o=json&q=Sabarmati+Ashram+Ahmedabad+india&l=us-en&vqd=4-313987851160383433200345247868003455472&p=1&f=%2C%2C%2C%2C%2C 403 Ratelimit
D:\Travel.IO\ml-service\ml\image_scraper.py:23: RuntimeWarning: This package (`duckduckgo_search`) has been renamed to `ddgs`! Use `pip install ddgs` instead.
  with DDGS() as ddgs:
Image Scraper Error: https://duckduckgo.com/i.js?o=json&q=Kankaria+Lake+Ahmedabad+india&l=us-en&vqd=4-145683319374215460106657029765242448756&p=1&f=%2C%2C%2C%2C%2C 403 Ratelimit
D:\Travel.IO\ml-service\ml\image_scraper.py:23: RuntimeWarning: This package (`duckduckgo_search`) has been renamed to `ddgs`! Use `pip install ddgs` instead.
  with DDGS() as ddgs:
Image Scraper Error: https://duckduckgo.com/i.js?o=json&q=Manek+Chowk+Ahmedabad+india&l=us-en&vqd=4-163339926532761118451103279345345616077&p=1&f=%2C%2C%2C%2C%2C 403 Ratelimit
D:\Travel.IO\ml-service\ml\image_scraper.py:23: RuntimeWarning: This package (`duckduckgo_search`) has been renamed to `ddgs`! Use `pip install ddgs` instead.
  with DDGS() as ddgs:
D:\Travel.IO\ml-service\ml\image_scraper.py:23: RuntimeWarning: This package (`duckduckgo_search`) has been renamed to `ddgs`! Use `pip install ddgs` instead.
  with DDGS() as ddgs:
Image Scraper Error: https://duckduckgo.com/i.js?o=json&q=Sabarmati+Ashram+Ahmedabad+india&l=us-en&vqd=4-313987851160383433200345247868003455472&p=1&f=%2C%2C%2C%2C%2C 403 Ratelimit
D:\Travel.IO\ml-service\ml\image_scraper.py:23: RuntimeWarning: This package (`duckduckgo_search`) has been renamed to `ddgs`! Use `pip install ddgs` instead.
  with DDGS() as ddgs:
WARNING: All log messages before absl::InitializeLog() is called are written to STDERR
I0000 00:00:1784565358.923561   15588 port.cc:153] oneDNN custom operations are on. You may see slightly different numerical results due to floating-point round-off errors from different computation orders. To turn them off, set the environment variable `TF_ENABLE_ONEDNN_OPTS=0`.
Image Scraper Error: https://duckduckgo.com/i.js?o=json&q=Science+City+Ahmedabad+india&l=us-en&vqd=4-130784901363748491152283734461439022930&p=1&f=%2C%2C%2C%2C%2C 403 Ratelimit
[20/Jul/2026 22:06:02] "GET /api/cities/Ahmedabad/places/?page=1&limit=12&sort=alpha HTTP/1.1" 200 4252
Image Scraper Error: https://duckduckgo.com TimeoutError: error sending request for url (https://duckduckgo.com/?q=Science+City+Ahmedabad+india) > operation timed out
[20/Jul/2026 22:06:03] "GET /api/cities/Ahmedabad/places/?page=1&limit=12&sort=alpha HTTP/1.1" 200 4252
[20/Jul/2026 22:06:18] "GET /api/cities/?page=1&limit=20&sort=alpha HTTP/1.1" 200 4718
[20/Jul/2026 22:06:18] "GET /api/cities/?page=1&limit=20&sort=alpha HTTP/1.1" 200 4718
WARNING:tensorflow:From C:\Users\KAVYA\AppData\Roaming\Python\Python313\site-packages\tf_keras\src\losses.py:2976: The name tf.losses.sparse_softmax_cross_entropy is deprecated. Please use tf.compat.v1.losses.sparse_softmax_cross_entropy instead.

Initializing Semantic Search Index... (This might take a moment)
Found 1167 valid embeddings out of 1167 rows. Parsing...
Success: Loaded 1167 location embeddings into memory.
[20/Jul/2026 22:07:02,734] - Broken pipe from ('127.0.0.1', 51247)
[20/Jul/2026 22:07:54] "GET /api/cities/?page=2&limit=20&sort=alpha HTTP/1.1" 200 5183
[20/Jul/2026 22:08:02] "GET /api/cities/?page=1&limit=20&sort=alpha HTTP/1.1" 200 5586
[20/Jul/2026 22:08:15] "GET /api/cities/?page=2&limit=20&sort=alpha HTTP/1.1" 200 5183
[20/Jul/2026 22:08:24] "GET /api/cities/?page=3&limit=20&sort=alpha HTTP/1.1" 200 5093
[20/Jul/2026 22:08:32] "GET /api/cities/coorg/detail/ HTTP/1.1" 200 230
[20/Jul/2026 22:08:32] "GET /api/cities/coorg/detail/ HTTP/1.1" 200 230
[20/Jul/2026 22:08:32] "GET /api/cities/coorg/nearby/?limit=6 HTTP/1.1" 200 1551
[20/Jul/2026 22:08:32] "GET /api/cities/coorg/nearby/?limit=6 HTTP/1.1" 200 1551
D:\Travel.IO\ml-service\ml\image_scraper.py:23: RuntimeWarning: This package (`duckduckgo_search`) has been renamed to `ddgs`! Use `pip install ddgs` instead.
  with DDGS() as ddgs:
Image Scraper Error: https://duckduckgo.com/i.js?o=json&q=Abbey+Falls+Coorg+india&l=us-en&vqd=4-160952250478718913176943868955172077001&p=1&f=%2C%2C%2C%2C%2C 403 Ratelimit
D:\Travel.IO\ml-service\ml\image_scraper.py:23: RuntimeWarning: This package (`duckduckgo_search`) has been renamed to `ddgs`! Use `pip install ddgs` instead.
  with DDGS() as ddgs:
Image Scraper Error: https://duckduckgo.com/i.js?o=json&q=Brahmagiri+Wildlife+Sanctuary+Coorg+india&l=us-en&vqd=4-320744664509204052091228083643697902253&p=1&f=%2C%2C%2C%2C%2C 403 Ratelimit
D:\Travel.IO\ml-service\ml\image_scraper.py:23: RuntimeWarning: This package (`duckduckgo_search`) has been renamed to `ddgs`! Use `pip install ddgs` instead.
  with DDGS() as ddgs:
Image Scraper Error: https://duckduckgo.com/i.js?o=json&q=Coorg+river+rafting+Barapole+Coorg+india&l=us-en&vqd=4-227432470193368136476823036394420303272&p=1&f=%2C%2C%2C%2C%2C 403 Ratelimit
D:\Travel.IO\ml-service\ml\image_scraper.py:23: RuntimeWarning: This package (`duckduckgo_search`) has been renamed to `ddgs`! Use `pip install ddgs` instead.
  with DDGS() as ddgs:
Image Scraper Error: https://duckduckgo.com/i.js?o=json&q=Dubare+Elephant+camp+and+bathing+spot+Coorg+india&l=us-en&vqd=4-330131284385523001856107644906941651464&p=1&f=%2C%2C%2C%2C%2C 403 Ratelimit
D:\Travel.IO\ml-service\ml\image_scraper.py:23: RuntimeWarning: This package (`duckduckgo_search`) has been renamed to `ddgs`! Use `pip install ddgs` instead.
  with DDGS() as ddgs:
Image Scraper Error: https://duckduckgo.com/i.js?o=json&q=Iruppu+Falls-Brahmagiri+Coorg+india&l=us-en&vqd=4-232024131997412115647442215976308453690&p=1&f=%2C%2C%2C%2C%2C 403 Ratelimit
D:\Travel.IO\ml-service\ml\image_scraper.py:23: RuntimeWarning: This package (`duckduckgo_search`) has been renamed to `ddgs`! Use `pip install ddgs` instead.
  with DDGS() as ddgs:
Image Scraper Error: https://duckduckgo.com/i.js?o=json&q=Mallalli+Falls+Coorg+india&l=us-en&vqd=4-137954963192664897203627936096481908646&p=1&f=%2C%2C%2C%2C%2C 403 Ratelimit
D:\Travel.IO\ml-service\ml\image_scraper.py:23: RuntimeWarning: This package (`duckduckgo_search`) has been renamed to `ddgs`! Use `pip install ddgs` instead.
  with DDGS() as ddgs:
Image Scraper Error: https://duckduckgo.com/i.js?o=json&q=Nagarhole+Tiger+Reserve+Coorg+india&l=us-en&vqd=4-60884410215833842943283590466890811021&p=1&f=%2C%2C%2C%2C%2C 403 Ratelimit
D:\Travel.IO\ml-service\ml\image_scraper.py:23: RuntimeWarning: This package (`duckduckgo_search`) has been renamed to `ddgs`! Use `pip install ddgs` instead.
  with DDGS() as ddgs:
Image Scraper Error: https://duckduckgo.com/i.js?o=json&q=Namdroling+Monastery+Coorg+india&l=us-en&vqd=4-251609493579873100843013868525900284095&p=1&f=%2C%2C%2C%2C%2C 403 Ratelimit
D:\Travel.IO\ml-service\ml\image_scraper.py:23: RuntimeWarning: This package (`duckduckgo_search`) has been renamed to `ddgs`! Use `pip install ddgs` instead.
  with DDGS() as ddgs:
Image Scraper Error: https://duckduckgo.com/i.js?o=json&q=Raja%27s+Seat+garden+Coorg+india&l=us-en&vqd=4-231882967940778782266882331345723377062&p=1&f=%2C%2C%2C%2C%2C 403 Ratelimit
[20/Jul/2026 22:08:47] "GET /api/cities/Coorg/places/?page=1&limit=12&sort=alpha HTTP/1.1" 200 7755
D:\Travel.IO\ml-service\ml\image_scraper.py:23: RuntimeWarning: This package (`duckduckgo_search`) has been renamed to `ddgs`! Use `pip install ddgs` instead.
  with DDGS() as ddgs:
Image Scraper Error: https://duckduckgo.com/i.js?o=json&q=Abbey+Falls+Coorg+india&l=us-en&vqd=4-160952250478718913176943868955172077001&p=1&f=%2C%2C%2C%2C%2C 403 Ratelimit
D:\Travel.IO\ml-service\ml\image_scraper.py:23: RuntimeWarning: This package (`duckduckgo_search`) has been renamed to `ddgs`! Use `pip install ddgs` instead.
  with DDGS() as ddgs:
Image Scraper Error: https://duckduckgo.com/i.js?o=json&q=Brahmagiri+Wildlife+Sanctuary+Coorg+india&l=us-en&vqd=4-320744664509204052091228083643697902253&p=1&f=%2C%2C%2C%2C%2C 403 Ratelimit
D:\Travel.IO\ml-service\ml\image_scraper.py:23: RuntimeWarning: This package (`duckduckgo_search`) has been renamed to `ddgs`! Use `pip install ddgs` instead.
  with DDGS() as ddgs:
Image Scraper Error: https://duckduckgo.com/i.js?o=json&q=Coorg+river+rafting+Barapole+Coorg+india&l=us-en&vqd=4-227432470193368136476823036394420303272&p=1&f=%2C%2C%2C%2C%2C 403 Ratelimit
D:\Travel.IO\ml-service\ml\image_scraper.py:23: RuntimeWarning: This package (`duckduckgo_search`) has been renamed to `ddgs`! Use `pip install ddgs` instead.
  with DDGS() as ddgs:
D:\Travel.IO\ml-service\ml\image_scraper.py:23: RuntimeWarning: This package (`duckduckgo_search`) has been renamed to `ddgs`! Use `pip install ddgs` instead.
  with DDGS() as ddgs:
Image Scraper Error: https://duckduckgo.com TimeoutError: error sending request for url (https://duckduckgo.com/?q=Dubare+Elephant+camp+and+bathing+spot+Coorg+india) > operation timed out
D:\Travel.IO\ml-service\ml\image_scraper.py:23: RuntimeWarning: This package (`duckduckgo_search`) has been renamed to `ddgs`! Use `pip install ddgs` instead.
  with DDGS() as ddgs:
Image Scraper Error: https://duckduckgo.com/i.js?o=json&q=Brahmagiri+Wildlife+Sanctuary+Coorg+india&l=us-en&vqd=4-320744664509204052091228083643697902253&p=1&f=%2C%2C%2C%2C%2C 403 Ratelimit
[20/Jul/2026 22:09:03] "GET /api/cities/coorg/places/brahmagiri-wildlife-sanctuary/detail/ HTTP/1.1" 200 987
D:\Travel.IO\ml-service\ml\image_scraper.py:23: RuntimeWarning: This package (`duckduckgo_search`) has been renamed to `ddgs`! Use `pip install ddgs` instead.
  with DDGS() as ddgs:
Image Scraper Error: https://duckduckgo.com/i.js?o=json&q=Iruppu+Falls-Brahmagiri+Coorg+india&l=us-en&vqd=4-232024131997412115647442215976308453690&p=1&f=%2C%2C%2C%2C%2C 403 Ratelimit
D:\Travel.IO\ml-service\ml\image_scraper.py:23: RuntimeWarning: This package (`duckduckgo_search`) has been renamed to `ddgs`! Use `pip install ddgs` instead.
  with DDGS() as ddgs:
Image Scraper Error: https://duckduckgo.com/i.js?o=json&q=Mallalli+Falls+Coorg+india&l=us-en&vqd=4-137954963192664897203627936096481908646&p=1&f=%2C%2C%2C%2C%2C 403 Ratelimit
Image Scraper Error: https://duckduckgo.com/i.js?o=json&q=Brahmagiri+Wildlife+Sanctuary+Coorg+india&l=us-en&vqd=4-320744664509204052091228083643697902253&p=1&f=%2C%2C%2C%2C%2C 403 Ratelimit
D:\Travel.IO\ml-service\ml\image_scraper.py:23: RuntimeWarning: This package (`duckduckgo_search`) has been renamed to `ddgs`! Use `pip install ddgs` instead.
  with DDGS() as ddgs:
[20/Jul/2026 22:09:05] "GET /api/cities/coorg/places/brahmagiri-wildlife-sanctuary/detail/ HTTP/1.1" 200 987
D:\Travel.IO\ml-service\ml\image_scraper.py:23: RuntimeWarning: This package (`duckduckgo_search`) has been renamed to `ddgs`! Use `pip install ddgs` instead.
  with DDGS() as ddgs:
Image Scraper Error: https://duckduckgo.com/i.js?o=json&q=Namdroling+Monastery+Coorg+india&l=us-en&vqd=4-251609493579873100843013868525900284095&p=1&f=%2C%2C%2C%2C%2C 403 Ratelimit
D:\Travel.IO\ml-service\ml\image_scraper.py:23: RuntimeWarning: This package (`duckduckgo_search`) has been renamed to `ddgs`! Use `pip install ddgs` instead.
  with DDGS() as ddgs:
Image Scraper Error: https://duckduckgo.com/i.js?o=json&q=Raja%27s+Seat+garden+Coorg+india&l=us-en&vqd=4-231882967940778782266882331345723377062&p=1&f=%2C%2C%2C%2C%2C 403 Ratelimit
[20/Jul/2026 22:09:11] "GET /api/cities/Coorg/places/?page=1&limit=12&sort=alpha HTTP/1.1" 200 7930
[20/Jul/2026 22:10:00] "GET /api/cities/coorg/detail/ HTTP/1.1" 200 230
[20/Jul/2026 22:10:00] "GET /api/cities/coorg/nearby/?limit=6 HTTP/1.1" 200 1551
[20/Jul/2026 22:10:00] "GET /api/cities/coorg/detail/ HTTP/1.1" 200 230
D:\Travel.IO\ml-service\ml\image_scraper.py:23: RuntimeWarning: This package (`duckduckgo_search`) has been renamed to `ddgs`! Use `pip install ddgs` instead.
  with DDGS() as ddgs:
[20/Jul/2026 22:10:00] "GET /api/cities/coorg/nearby/?limit=6 HTTP/1.1" 200 1551
[20/Jul/2026 22:10:01] "GET /api/cities/?page=1&limit=20&sort=alpha HTTP/1.1" 200 5586
[20/Jul/2026 22:10:01] "GET /api/cities/?page=1&limit=20&sort=alpha HTTP/1.1" 200 5586
Image Scraper Error: https://duckduckgo.com/i.js?o=json&q=Abbey+Falls+Coorg+india&l=us-en&vqd=4-160952250478718913176943868955172077001&p=1&f=%2C%2C%2C%2C%2C 403 Ratelimit
D:\Travel.IO\ml-service\ml\image_scraper.py:23: RuntimeWarning: This package (`duckduckgo_search`) has been renamed to `ddgs`! Use `pip install ddgs` instead.
  with DDGS() as ddgs:
Image Scraper Error: https://duckduckgo.com/i.js?o=json&q=Brahmagiri+Wildlife+Sanctuary+Coorg+india&l=us-en&vqd=4-320744664509204052091228083643697902253&p=1&f=%2C%2C%2C%2C%2C 403 Ratelimit
D:\Travel.IO\ml-service\ml\image_scraper.py:23: RuntimeWarning: This package (`duckduckgo_search`) has been renamed to `ddgs`! Use `pip install ddgs` instead.
  with DDGS() as ddgs:
Image Scraper Error: https://duckduckgo.com/i.js?o=json&q=Coorg+river+rafting+Barapole+Coorg+india&l=us-en&vqd=4-227432470193368136476823036394420303272&p=1&f=%2C%2C%2C%2C%2C 403 Ratelimit
D:\Travel.IO\ml-service\ml\image_scraper.py:23: RuntimeWarning: This package (`duckduckgo_search`) has been renamed to `ddgs`! Use `pip install ddgs` instead.
  with DDGS() as ddgs:
Image Scraper Error: https://duckduckgo.com/i.js?o=json&q=Dubare+Elephant+camp+and+bathing+spot+Coorg+india&l=us-en&vqd=4-330131284385523001856107644906941651464&p=1&f=%2C%2C%2C%2C%2C 403 Ratelimit
D:\Travel.IO\ml-service\ml\image_scraper.py:23: RuntimeWarning: This package (`duckduckgo_search`) has been renamed to `ddgs`! Use `pip install ddgs` instead.
  with DDGS() as ddgs:
[20/Jul/2026 22:10:09] "POST /api/search/semantic/ HTTP/1.1" 200 2702
Image Scraper Error: https://duckduckgo.com/i.js?o=json&q=Iruppu+Falls-Brahmagiri+Coorg+india&l=us-en&vqd=4-232024131997412115647442215976308453690&p=1&f=%2C%2C%2C%2C%2C 403 Ratelimit
D:\Travel.IO\ml-service\ml\image_scraper.py:23: RuntimeWarning: This package (`duckduckgo_search`) has been renamed to `ddgs`! Use `pip install ddgs` instead.
  with DDGS() as ddgs:
[20/Jul/2026 22:10:09] "POST /api/search/semantic/ HTTP/1.1" 200 2974
Image Scraper Error: https://duckduckgo.com/i.js?o=json&q=Mallalli+Falls+Coorg+india&l=us-en&vqd=4-137954963192664897203627936096481908646&p=1&f=%2C%2C%2C%2C%2C 403 Ratelimit
D:\Travel.IO\ml-service\ml\image_scraper.py:23: RuntimeWarning: This package (`duckduckgo_search`) has been renamed to `ddgs`! Use `pip install ddgs` instead.
  with DDGS() as ddgs:
Image Scraper Error: https://duckduckgo.com/i.js?o=json&q=Namdroling+Monastery+Coorg+india&l=us-en&vqd=4-251609493579873100843013868525900284095&p=1&f=%2C%2C%2C%2C%2C 403 Ratelimit
D:\Travel.IO\ml-service\ml\image_scraper.py:23: RuntimeWarning: This package (`duckduckgo_search`) has been renamed to `ddgs`! Use `pip install ddgs` instead.
  with DDGS() as ddgs:
Image Scraper Error: https://duckduckgo.com/i.js?o=json&q=Raja%27s+Seat+garden+Coorg+india&l=us-en&vqd=4-231882967940778782266882331345723377062&p=1&f=%2C%2C%2C%2C%2C 403 Ratelimit
[20/Jul/2026 22:10:15] "GET /api/cities/Coorg/places/?page=1&limit=12&sort=alpha HTTP/1.1" 200 7930
D:\Travel.IO\ml-service\ml\image_scraper.py:23: RuntimeWarning: This package (`duckduckgo_search`) has been renamed to `ddgs`! Use `pip install ddgs` instead.
  with DDGS() as ddgs:
Image Scraper Error: https://duckduckgo.com/i.js?o=json&q=Abbey+Falls+Coorg+india&l=us-en&vqd=4-160952250478718913176943868955172077001&p=1&f=%2C%2C%2C%2C%2C 403 Ratelimit
D:\Travel.IO\ml-service\ml\image_scraper.py:23: RuntimeWarning: This package (`duckduckgo_search`) has been renamed to `ddgs`! Use `pip install ddgs` instead.
  with DDGS() as ddgs:
Image Scraper Error: https://duckduckgo.com/i.js?o=json&q=Brahmagiri+Wildlife+Sanctuary+Coorg+india&l=us-en&vqd=4-320744664509204052091228083643697902253&p=1&f=%2C%2C%2C%2C%2C 403 Ratelimit
D:\Travel.IO\ml-service\ml\image_scraper.py:23: RuntimeWarning: This package (`duckduckgo_search`) has been renamed to `ddgs`! Use `pip install ddgs` instead.
  with DDGS() as ddgs:
Image Scraper Error: https://duckduckgo.com/i.js?o=json&q=Coorg+river+rafting+Barapole+Coorg+india&l=us-en&vqd=4-227432470193368136476823036394420303272&p=1&f=%2C%2C%2C%2C%2C 403 Ratelimit
D:\Travel.IO\ml-service\ml\image_scraper.py:23: RuntimeWarning: This package (`duckduckgo_search`) has been renamed to `ddgs`! Use `pip install ddgs` instead.
  with DDGS() as ddgs:
Image Scraper Error: https://duckduckgo.com/i.js?o=json&q=Dubare+Elephant+camp+and+bathing+spot+Coorg+india&l=us-en&vqd=4-330131284385523001856107644906941651464&p=1&f=%2C%2C%2C%2C%2C 403 Ratelimit
D:\Travel.IO\ml-service\ml\image_scraper.py:23: RuntimeWarning: This package (`duckduckgo_search`) has been renamed to `ddgs`! Use `pip install ddgs` instead.
  with DDGS() as ddgs:
Image Scraper Error: https://duckduckgo.com/i.js?o=json&q=Iruppu+Falls-Brahmagiri+Coorg+india&l=us-en&vqd=4-232024131997412115647442215976308453690&p=1&f=%2C%2C%2C%2C%2C 403 Ratelimit
D:\Travel.IO\ml-service\ml\image_scraper.py:23: RuntimeWarning: This package (`duckduckgo_search`) has been renamed to `ddgs`! Use `pip install ddgs` instead.
  with DDGS() as ddgs:
Image Scraper Error: https://duckduckgo.com/i.js?o=json&q=Mallalli+Falls+Coorg+india&l=us-en&vqd=4-137954963192664897203627936096481908646&p=1&f=%2C%2C%2C%2C%2C 403 Ratelimit
D:\Travel.IO\ml-service\ml\image_scraper.py:23: RuntimeWarning: This package (`duckduckgo_search`) has been renamed to `ddgs`! Use `pip install ddgs` instead.
  with DDGS() as ddgs:
Image Scraper Error: https://duckduckgo.com/i.js?o=json&q=Namdroling+Monastery+Coorg+india&l=us-en&vqd=4-251609493579873100843013868525900284095&p=1&f=%2C%2C%2C%2C%2C 403 Ratelimit
D:\Travel.IO\ml-service\ml\image_scraper.py:23: RuntimeWarning: This package (`duckduckgo_search`) has been renamed to `ddgs`! Use `pip install ddgs` instead.
  with DDGS() as ddgs:
[20/Jul/2026 22:10:26] "GET /api/cities/?page=1&limit=20&sort=alpha HTTP/1.1" 200 5586
Image Scraper Error: https://duckduckgo.com/i.js?o=json&q=Raja%27s+Seat+garden+Coorg+india&l=us-en&vqd=4-231882967940778782266882331345723377062&p=1&f=%2C%2C%2C%2C%2C 403 Ratelimit
[20/Jul/2026 22:10:27] "GET /api/cities/Coorg/places/?page=1&limit=12&sort=alpha HTTP/1.1" 200 7930
[20/Jul/2026 22:10:28] "GET /api/cities/agra/detail/ HTTP/1.1" 200 639
[20/Jul/2026 22:10:28] "GET /api/cities/agra/nearby/?limit=6 HTTP/1.1" 200 1855
[20/Jul/2026 22:10:28] "GET /api/cities/agra/detail/ HTTP/1.1" 200 639
[20/Jul/2026 22:10:28] "GET /api/cities/agra/nearby/?limit=6 HTTP/1.1" 200 1855
D:\Travel.IO\ml-service\ml\image_scraper.py:23: RuntimeWarning: This package (`duckduckgo_search`) has been renamed to `ddgs`! Use `pip install ddgs` instead.
  with DDGS() as ddgs:
Image Scraper Error: https://duckduckgo.com/i.js?o=json&q=Agra+Fort+Agra+india&l=us-en&vqd=4-101854141002196969960225183874797943503&p=1&f=%2C%2C%2C%2C%2C 403 Ratelimit
D:\Travel.IO\ml-service\ml\image_scraper.py:23: RuntimeWarning: This package (`duckduckgo_search`) has been renamed to `ddgs`! Use `pip install ddgs` instead.
  with DDGS() as ddgs:
Image Scraper Error: https://duckduckgo.com/i.js?o=json&q=Fatehpur+Sikri+Agra+india&l=us-en&vqd=4-81908074904480187497239532461759828213&p=1&f=%2C%2C%2C%2C%2C 403 Ratelimit
D:\Travel.IO\ml-service\ml\image_scraper.py:23: RuntimeWarning: This package (`duckduckgo_search`) has been renamed to `ddgs`! Use `pip install ddgs` instead.
  with DDGS() as ddgs:
Image Scraper Error: https://duckduckgo.com/i.js?o=json&q=Humayun%27s+Mosque+Agra+india&l=us-en&vqd=4-139817462037014996059255856998381208274&p=1&f=%2C%2C%2C%2C%2C 403 Ratelimit
D:\Travel.IO\ml-service\ml\image_scraper.py:23: RuntimeWarning: This package (`duckduckgo_search`) has been renamed to `ddgs`! Use `pip install ddgs` instead.
  with DDGS() as ddgs:
Image Scraper Error: https://duckduckgo.com/i.js?o=json&q=Jahangir+Mahal+Agra+india&l=us-en&vqd=4-242247521256607607953078323948165336172&p=1&f=%2C%2C%2C%2C%2C 403 Ratelimit
D:\Travel.IO\ml-service\ml\image_scraper.py:23: RuntimeWarning: This package (`duckduckgo_search`) has been renamed to `ddgs`! Use `pip install ddgs` instead.
  with DDGS() as ddgs:
Image Scraper Error: https://duckduckgo.com/i.js?o=json&q=Jama+Masjid+Agra+india&l=us-en&vqd=4-138625075736063246070946693728652834239&p=1&f=%2C%2C%2C%2C%2C 403 Ratelimit
D:\Travel.IO\ml-service\ml\image_scraper.py:23: RuntimeWarning: This package (`duckduckgo_search`) has been renamed to `ddgs`! Use `pip install ddgs` instead.
  with DDGS() as ddgs:
Image Scraper Error: https://duckduckgo.com/i.js?o=json&q=Kinari+bazar+Agra+india&l=us-en&vqd=4-155304599975920592728360423457182811854&p=1&f=%2C%2C%2C%2C%2C 403 Ratelimit
D:\Travel.IO\ml-service\ml\image_scraper.py:23: RuntimeWarning: This package (`duckduckgo_search`) has been renamed to `ddgs`! Use `pip install ddgs` instead.
  with DDGS() as ddgs:
D:\Travel.IO\ml-service\ml\image_scraper.py:23: RuntimeWarning: This package (`duckduckgo_search`) has been renamed to `ddgs`! Use `pip install ddgs` instead.
  with DDGS() as ddgs:
Image Scraper Error: https://duckduckgo.com/i.js?o=json&q=Sadar+bazaar+Agra+india&l=us-en&vqd=4-244171078932380845926383557040761008161&p=1&f=%2C%2C%2C%2C%2C 403 Ratelimit
D:\Travel.IO\ml-service\ml\image_scraper.py:23: RuntimeWarning: This package (`duckduckgo_search`) has been renamed to `ddgs`! Use `pip install ddgs` instead.
  with DDGS() as ddgs:
Image Scraper Error: https://duckduckgo.com/i.js?o=json&q=Agra+Fort+Agra+india&l=us-en&vqd=4-101854141002196969960225183874797943503&p=1&f=%2C%2C%2C%2C%2C 403 Ratelimit
D:\Travel.IO\ml-service\ml\image_scraper.py:23: RuntimeWarning: This package (`duckduckgo_search`) has been renamed to `ddgs`! Use `pip install ddgs` instead.
  with DDGS() as ddgs:
Image Scraper Error: https://duckduckgo.com/i.js?o=json&q=Shah+market+Agra+india&l=us-en&vqd=4-219477454721317216272251370603109164596&p=1&f=%2C%2C%2C%2C%2C 403 Ratelimit
D:\Travel.IO\ml-service\ml\image_scraper.py:23: RuntimeWarning: This package (`duckduckgo_search`) has been renamed to `ddgs`! Use `pip install ddgs` instead.
  with DDGS() as ddgs:
Image Scraper Error: https://duckduckgo.com/i.js?o=json&q=Fatehpur+Sikri+Agra+india&l=us-en&vqd=4-81908074904480187497239532461759828213&p=1&f=%2C%2C%2C%2C%2C 403 Ratelimit
D:\Travel.IO\ml-service\ml\image_scraper.py:23: RuntimeWarning: This package (`duckduckgo_search`) has been renamed to `ddgs`! Use `pip install ddgs` instead.
  with DDGS() as ddgs:
Image Scraper Error: https://duckduckgo.com/i.js?o=json&q=Sheesh+Mahal+Agra+india&l=us-en&vqd=4-295928716780590683812158270635354855069&p=1&f=%2C%2C%2C%2C%2C 403 Ratelimit
D:\Travel.IO\ml-service\ml\image_scraper.py:23: RuntimeWarning: This package (`duckduckgo_search`) has been renamed to `ddgs`! Use `pip install ddgs` instead.
  with DDGS() as ddgs:
Image Scraper Error: https://duckduckgo.com/i.js?o=json&q=Humayun%27s+Mosque+Agra+india&l=us-en&vqd=4-139817462037014996059255856998381208274&p=1&f=%2C%2C%2C%2C%2C 403 Ratelimit
D:\Travel.IO\ml-service\ml\image_scraper.py:23: RuntimeWarning: This package (`duckduckgo_search`) has been renamed to `ddgs`! Use `pip install ddgs` instead.
  with DDGS() as ddgs:
Image Scraper Error: https://duckduckgo.com/i.js?o=json&q=Subhash+bazzar+Agra+india&l=us-en&vqd=4-107505022367998102654972560738151158869&p=1&f=%2C%2C%2C%2C%2C 403 Ratelimit
D:\Travel.IO\ml-service\ml\image_scraper.py:23: RuntimeWarning: This package (`duckduckgo_search`) has been renamed to `ddgs`! Use `pip install ddgs` instead.
  with DDGS() as ddgs:
Image Scraper Error: https://duckduckgo.com/i.js?o=json&q=Jahangir+Mahal+Agra+india&l=us-en&vqd=4-242247521256607607953078323948165336172&p=1&f=%2C%2C%2C%2C%2C 403 Ratelimit
D:\Travel.IO\ml-service\ml\image_scraper.py:23: RuntimeWarning: This package (`duckduckgo_search`) has been renamed to `ddgs`! Use `pip install ddgs` instead.
  with DDGS() as ddgs:
Image Scraper Error: https://duckduckgo.com/i.js?o=json&q=TDI+mall+Agra+india&l=us-en&vqd=4-156024571133013771265069639112933885372&p=1&f=%2C%2C%2C%2C%2C 403 Ratelimit
D:\Travel.IO\ml-service\ml\image_scraper.py:23: RuntimeWarning: This package (`duckduckgo_search`) has been renamed to `ddgs`! Use `pip install ddgs` instead.
  with DDGS() as ddgs:
Image Scraper Error: https://duckduckgo.com/i.js?o=json&q=Jama+Masjid+Agra+india&l=us-en&vqd=4-138625075736063246070946693728652834239&p=1&f=%2C%2C%2C%2C%2C 403 Ratelimit
D:\Travel.IO\ml-service\ml\image_scraper.py:23: RuntimeWarning: This package (`duckduckgo_search`) has been renamed to `ddgs`! Use `pip install ddgs` instead.
  with DDGS() as ddgs:
Image Scraper Error: https://duckduckgo.com/i.js?o=json&q=Taj+Mahal+Agra+india&l=us-en&vqd=4-302047555312617116776808741139597123160&p=1&f=%2C%2C%2C%2C%2C 403 Ratelimit
[20/Jul/2026 22:10:57] "GET /api/cities/Agra/places/?page=1&limit=12&sort=alpha HTTP/1.1" 200 11523
Image Scraper Error: https://duckduckgo.com/i.js?o=json&q=Kinari+bazar+Agra+india&l=us-en&vqd=4-155304599975920592728360423457182811854&p=1&f=%2C%2C%2C%2C%2C 403 Ratelimit
D:\Travel.IO\ml-service\ml\image_scraper.py:23: RuntimeWarning: This package (`duckduckgo_search`) has been renamed to `ddgs`! Use `pip install ddgs` instead.
  with DDGS() as ddgs:
Image Scraper Error: https://duckduckgo.com/i.js?o=json&q=Sadar+bazaar+Agra+india&l=us-en&vqd=4-244171078932380845926383557040761008161&p=1&f=%2C%2C%2C%2C%2C 403 Ratelimit
D:\Travel.IO\ml-service\ml\image_scraper.py:23: RuntimeWarning: This package (`duckduckgo_search`) has been renamed to `ddgs`! Use `pip install ddgs` instead.
  with DDGS() as ddgs:
Image Scraper Error: https://duckduckgo.com/i.js?o=json&q=Shah+market+Agra+india&l=us-en&vqd=4-219477454721317216272251370603109164596&p=1&f=%2C%2C%2C%2C%2C 403 Ratelimit
D:\Travel.IO\ml-service\ml\image_scraper.py:23: RuntimeWarning: This package (`duckduckgo_search`) has been renamed to `ddgs`! Use `pip install ddgs` instead.
  with DDGS() as ddgs:
Image Scraper Error: https://duckduckgo.com/i.js?o=json&q=Sheesh+Mahal+Agra+india&l=us-en&vqd=4-295928716780590683812158270635354855069&p=1&f=%2C%2C%2C%2C%2C 403 Ratelimit
D:\Travel.IO\ml-service\ml\image_scraper.py:23: RuntimeWarning: This package (`duckduckgo_search`) has been renamed to `ddgs`! Use `pip install ddgs` instead.
  with DDGS() as ddgs:
Image Scraper Error: https://duckduckgo.com/i.js?o=json&q=Subhash+bazzar+Agra+india&l=us-en&vqd=4-107505022367998102654972560738151158869&p=1&f=%2C%2C%2C%2C%2C 403 Ratelimit
D:\Travel.IO\ml-service\ml\image_scraper.py:23: RuntimeWarning: This package (`duckduckgo_search`) has been renamed to `ddgs`! Use `pip install ddgs` instead.
  with DDGS() as ddgs:
Image Scraper Error: https://duckduckgo.com/i.js?o=json&q=TDI+mall+Agra+india&l=us-en&vqd=4-156024571133013771265069639112933885372&p=1&f=%2C%2C%2C%2C%2C 403 Ratelimit
D:\Travel.IO\ml-service\ml\image_scraper.py:23: RuntimeWarning: This package (`duckduckgo_search`) has been renamed to `ddgs`! Use `pip install ddgs` instead.
  with DDGS() as ddgs:
Image Scraper Error: https://duckduckgo.com/i.js?o=json&q=Taj+Mahal+Agra+india&l=us-en&vqd=4-302047555312617116776808741139597123160&p=1&f=%2C%2C%2C%2C%2C 403 Ratelimit
[20/Jul/2026 22:11:06] "GET /api/cities/Agra/places/?page=1&limit=12&sort=alpha HTTP/1.1" 200 11523
D:\Travel.IO\ml-service\ml\image_scraper.py changed, reloading.
<sys>:0: ResourceWarning: unclosed database in <sqlite3.Connection object at 0x0000013BFFD6B010>
ResourceWarning: Enable tracemalloc to get the object allocation traceback
Watching for file changes with StatReloader
Performing system checks...

[TravelIO] Graph loaded with 10 nodes and 71 edges.
System check identified no issues (0 silenced).

You have 18 unapplied migration(s). Your project may not work properly until you apply the migrations for app(s): admin, auth, contenttypes, sessions.
Run 'python manage.py migrate' to apply them.
July 20, 2026 - 22:11:41
Django version 4.2.30, using settings 'travelio.settings'
Starting development server at http://127.0.0.1:8000/
Quit the server with CTRL-BREAK.

CityIndex: loading places data...
D:\Travel.IO\ml-service\ml\city_index.py:83: FutureWarning: The behavior of DataFrame concatenation with empty or all-NA entries is deprecated. In a future version, this will no longer exclude empty or all-NA columns when determining the result dtypes. To retain the old behavior, exclude the relevant entries before the concat operation.
  merged = pd.concat(frames, ignore_index=True)
  CityIndex: 1135 places across 241 cities in 37 states.
[20/Jul/2026 22:13:11] "GET /api/cities/agra/places/taj-mahal/detail/ HTTP/1.1" 200 888
WARNING: All log messages before absl::InitializeLog() is called are written to STDERR
I0000 00:00:1784565842.818935    8040 port.cc:153] oneDNN custom operations are on. You may see slightly different numerical results due to floating-point round-off errors from different computation orders. To turn them off, set the environment variable `TF_ENABLE_ONEDNN_OPTS=0`.
WARNING: All log messages before absl::InitializeLog() is called are written to STDERR
I0000 00:00:1784565863.711457    8040 port.cc:153] oneDNN custom operations are on. You may see slightly different numerical results due to floating-point round-off errors from different computation orders. To turn them off, set the environment variable `TF_ENABLE_ONEDNN_OPTS=0`.
WARNING:tensorflow:From C:\Users\KAVYA\AppData\Roaming\Python\Python313\site-packages\tf_keras\src\losses.py:2976: The name tf.losses.sparse_softmax_cross_entropy is deprecated. Please use tf.compat.v1.losses.sparse_softmax_cross_entropy instead.

Initializing Semantic Search Index... (This might take a moment)
D:\Travel.IO\ml-service\ml\image_scraper.py changed, reloading.
Watching for file changes with StatReloader
Performing system checks...

[TravelIO] Graph loaded with 10 nodes and 71 edges.
System check identified no issues (0 silenced).

You have 18 unapplied migration(s). Your project may not work properly until you apply the migrations for app(s): admin, auth, contenttypes, sessions.
Run 'python manage.py migrate' to apply them.
July 20, 2026 - 22:15:26
Django version 4.2.30, using settings 'travelio.settings'
Starting development server at http://127.0.0.1:8000/
Quit the server with CTRL-BREAK.

CityIndex: loading places data...
D:\Travel.IO\ml-service\ml\city_index.py:83: FutureWarning: The behavior of DataFrame concatenation with empty or all-NA entries is deprecated. In a future version, this will no longer exclude empty or all-NA columns when determining the result dtypes. To retain the old behavior, exclude the relevant entries before the concat operation.
  merged = pd.concat(frames, ignore_index=True)
  CityIndex: 1135 places across 241 cities in 37 states.
Image Scraper Error: HTTPSConnectionPool(host='en.wikipedia.org', port=443): Read timed out. (read timeout=5)
Image Scraper Error: HTTPSConnectionPool(host='en.wikipedia.org', port=443): Max retries exceeded with url: /w/api.php?action=query&generator=search&gsrsearch=Noida%20Uttar%20Pradesh%20india%20tourism&prop=pageimages&piprop=original&format=json&pithumbsize=1000 (Caused by ConnectTimeoutError(<urllib3.connection.HTTPSConnection object at 0x0000027711E9A710>, 'Connection to en.wikipedia.org timed out. (connect timeout=5)'))
[20/Jul/2026 22:16:20] "GET /api/cities/agra/nearby/?limit=6 HTTP/1.1" 200 1468
WARNING: All log messages before absl::InitializeLog() is called are written to STDERR
I0000 00:00:1784565989.744943   18364 port.cc:153] oneDNN custom operations are on. You may see slightly different numerical results due to floating-point round-off errors from different computation orders. To turn them off, set the environment variable `TF_ENABLE_ONEDNN_OPTS=0`.
WARNING: All log messages before absl::InitializeLog() is called are written to STDERR
I0000 00:00:1784565998.397081   18364 port.cc:153] oneDNN custom operations are on. You may see slightly different numerical results due to floating-point round-off errors from different computation orders. To turn them off, set the environment variable `TF_ENABLE_ONEDNN_OPTS=0`.
Image Scraper Error: HTTPSConnectionPool(host='en.wikipedia.org', port=443): Read timed out. (read timeout=5)
Image Scraper Error: HTTPSConnectionPool(host='en.wikipedia.org', port=443): Read timed out. (read timeout=5)
Image Scraper Error:Image Scraper Error:  HTTPSConnectionPool(host='en.wikipedia.org', port=443): Read timed out. (read timeout=5)HTTPSConnectionPool(host='en.wikipedia.org', port=443): Read timed out. (read timeout=5)

WARNING:tensorflow:From C:\Users\KAVYA\AppData\Roaming\Python\Python313\site-packages\tf_keras\src\losses.py:2976: The name tf.losses.sparse_softmax_cross_entropy is deprecated. Please use tf.compat.v1.losses.sparse_softmax_cross_entropy instead.

Initializing Semantic Search Index... (This might take a moment)
[20/Jul/2026 22:17:10] "GET /api/cities/?page=1&limit=20&sort=alpha HTTP/1.1" 200 4610
[20/Jul/2026 22:17:11] "GET /api/cities/?page=1&limit=20&sort=alpha HTTP/1.1" 200 4637
[20/Jul/2026 22:17:11] "GET /api/cities/?page=1&limit=20&sort=alpha HTTP/1.1" 200 4653
[20/Jul/2026 22:17:11] "GET /api/cities/?page=1&limit=20&sort=alpha HTTP/1.1" 200 4653
Found 1167 valid embeddings out of 1167 rows. Parsing...
Success: Loaded 1167 location embeddings into memory.
[20/Jul/2026 22:17:24] "GET /api/cities/agra/detail/ HTTP/1.1" 200 639
[20/Jul/2026 22:17:28] "GET /api/cities/ahemdabad/detail/ HTTP/1.1" 200 202
[20/Jul/2026 22:17:28] "GET /api/cities/ahemdabad/detail/ HTTP/1.1" 200 202
[20/Jul/2026 22:17:36] "GET /api/cities/Ahemdabad/places/?page=1&limit=12&sort=alpha HTTP/1.1" 200 2011
[20/Jul/2026 22:17:36] "GET /api/cities/Ahemdabad/places/?page=1&limit=12&sort=alpha HTTP/1.1" 200 2011
[20/Jul/2026 22:17:37] "GET /api/cities/ahemdabad/nearby/?limit=6 HTTP/1.1" 200 1522
[20/Jul/2026 22:17:37] "GET /api/cities/ahemdabad/nearby/?limit=6 HTTP/1.1" 200 1522
[20/Jul/2026 22:17:53] "GET /api/cities/ahemdabad/places/statue-of-unity/detail/ HTTP/1.1" 200 769
[20/Jul/2026 22:17:53] "GET /api/cities/ahemdabad/places/statue-of-unity/detail/ HTTP/1.1" 200 769
[20/Jul/2026 22:18:34] "GET /api/cities/?page=1&limit=20&sort=alpha HTTP/1.1" 200 5544
[20/Jul/2026 22:18:34] "GET /api/cities/?page=1&limit=20&sort=alpha HTTP/1.1" 200 5544
[20/Jul/2026 22:19:34] "GET /api/cities/?page=2&limit=20&sort=alpha HTTP/1.1" 200 5226
[20/Jul/2026 22:20:15] "GET /api/cities/bijapur/detail/ HTTP/1.1" 200 221
[20/Jul/2026 22:20:15] "GET /api/cities/bijapur/detail/ HTTP/1.1" 200 221
[20/Jul/2026 22:20:19] "GET /api/cities/bijapur/nearby/?limit=6 HTTP/1.1" 200 622
[20/Jul/2026 22:20:19] "GET /api/cities/bijapur/nearby/?limit=6 HTTP/1.1" 200 622
Image Scraper Error: HTTPSConnectionPool(host='en.wikipedia.org', port=443): Read timed out. (read timeout=5)
[20/Jul/2026 22:20:39] "GET /api/cities/Bijapur/places/?page=1&limit=12&sort=alpha HTTP/1.1" 200 4481
[20/Jul/2026 22:20:39] "GET /api/cities/Bijapur/places/?page=1&limit=12&sort=alpha HTTP/1.1" 200 4520
[20/Jul/2026 22:21:24] "GET /api/cities/bijapur/places/bara-kaman/detail/ HTTP/1.1" 200 828
[20/Jul/2026 22:21:24] "GET /api/cities/bijapur/places/bara-kaman/detail/ HTTP/1.1" 200 828
[20/Jul/2026 22:23:48] "GET /api/cities/bijapur/detail/ HTTP/1.1" 200 221
[20/Jul/2026 22:23:49] "GET /api/cities/bijapur/detail/ HTTP/1.1" 200 221
[20/Jul/2026 22:23:49] "GET /api/cities/bijapur/nearby/?limit=6 HTTP/1.1" 200 622
[20/Jul/2026 22:23:49] "GET /api/cities/bijapur/nearby/?limit=6 HTTP/1.1" 200 622
[20/Jul/2026 22:23:49] "GET /api/cities/Bijapur/places/?page=1&limit=12&sort=alpha HTTP/1.1" 200 4481
[20/Jul/2026 22:23:50] "GET /api/cities/Bijapur/places/?page=1&limit=12&sort=alpha HTTP/1.1" 200 4481
[20/Jul/2026 22:23:53] "GET /api/cities/bijapur/places/gol-gumbaz-museum/detail/ HTTP/1.1" 200 966
[20/Jul/2026 22:23:53] "GET /api/cities/bijapur/places/gol-gumbaz-museum/detail/ HTTP/1.1" 200 966
[20/Jul/2026 22:28:36] "GET /api/cities/bijapur/detail/ HTTP/1.1" 200 221
[20/Jul/2026 22:28:36] "GET /api/cities/bijapur/nearby/?limit=6 HTTP/1.1" 200 622
[20/Jul/2026 22:28:36] "GET /api/cities/bijapur/detail/ HTTP/1.1" 200 221
[20/Jul/2026 22:28:36] "GET /api/cities/bijapur/nearby/?limit=6 HTTP/1.1" 200 622
[20/Jul/2026 22:28:36] "GET /api/cities/Bijapur/places/?page=1&limit=12&sort=alpha HTTP/1.1" 200 4481
[20/Jul/2026 22:28:36] "GET /api/cities/Bijapur/places/?page=1&limit=12&sort=alpha HTTP/1.1" 200 4481
[20/Jul/2026 22:28:43] "GET /api/cities/?page=1&limit=20&sort=alpha HTTP/1.1" 200 5544
[20/Jul/2026 22:28:43] "GET /api/cities/?page=1&limit=20&sort=alpha HTTP/1.1" 200 5544
D:\Travel.IO\ml-service\ml\image_scraper.py changed, reloading.
Watching for file changes with StatReloader
Performing system checks...

[TravelIO] Graph loaded with 10 nodes and 71 edges.
System check identified no issues (0 silenced).

You have 18 unapplied migration(s). Your project may not work properly until you apply the migrations for app(s): admin, auth, contenttypes, sessions.
Run 'python manage.py migrate' to apply them.
July 20, 2026 - 22:29:32
Django version 4.2.30, using settings 'travelio.settings'
Starting development server at http://127.0.0.1:8000/
Quit the server with CTRL-BREAK.

CityIndex: loading places data...
D:\Travel.IO\ml-service\ml\city_index.py:83: FutureWarning: The behavior of DataFrame concatenation with empty or all-NA entries is deprecated. In a future version, this will no longer exclude empty or all-NA columns when determining the result dtypes. To retain the old behavior, exclude the relevant entries before the concat operation.
  merged = pd.concat(frames, ignore_index=True)
  CityIndex: 1135 places across 241 cities in 37 states.
[20/Jul/2026 22:30:30] "GET /api/cities/?page=1&limit=20&sort=alpha HTTP/1.1" 200 4631
[20/Jul/2026 22:30:36] "GET /api/cities/ahmedabad/detail/ HTTP/1.1" 200 219
[20/Jul/2026 22:30:36] "GET /api/cities/ahmedabad/detail/ HTTP/1.1" 200 219
WARNING: All log messages before absl::InitializeLog() is called are written to STDERR
I0000 00:00:1784566844.941229   21948 port.cc:153] oneDNN custom operations are on. You may see slightly different numerical results due to floating-point round-off errors from different computation orders. To turn them off, set the environment variable `TF_ENABLE_ONEDNN_OPTS=0`.
[20/Jul/2026 22:30:45] "GET /api/cities/Ahmedabad/places/?page=1&limit=12&sort=alpha HTTP/1.1" 200 4408
[20/Jul/2026 22:30:45] "GET /api/cities/Ahmedabad/places/?page=1&limit=12&sort=alpha HTTP/1.1" 200 4408
[20/Jul/2026 22:30:49] "GET /api/cities/ahmedabad/nearby/?limit=6 HTTP/1.1" 200 1372
[20/Jul/2026 22:30:49] "GET /api/cities/ahmedabad/nearby/?limit=6 HTTP/1.1" 200 1372
[20/Jul/2026 22:30:59] "GET /api/cities/ahmedabad/places/science-city/detail/ HTTP/1.1" 200 1081
[20/Jul/2026 22:30:59] "GET /api/cities/ahmedabad/places/science-city/detail/ HTTP/1.1" 200 1081
WARNING: All log messages before absl::InitializeLog() is called are written to STDERR
I0000 00:00:1784566863.943402   21948 port.cc:153] oneDNN custom operations are on. You may see slightly different numerical results due to floating-point round-off errors from different computation orders. To turn them off, set the environment variable `TF_ENABLE_ONEDNN_OPTS=0`.
[20/Jul/2026 22:31:17] "GET /api/cities/ahmedabad/detail/ HTTP/1.1" 200 219
[20/Jul/2026 22:31:17] "GET /api/cities/ahmedabad/detail/ HTTP/1.1" 200 219
[20/Jul/2026 22:31:17] "GET /api/cities/ahmedabad/nearby/?limit=6 HTTP/1.1" 200 1372
[20/Jul/2026 22:31:17] "GET /api/cities/ahmedabad/nearby/?limit=6 HTTP/1.1" 200 1372
[20/Jul/2026 22:31:17] "GET /api/cities/Ahmedabad/places/?page=1&limit=12&sort=alpha HTTP/1.1" 200 4408
[20/Jul/2026 22:31:17] "GET /api/cities/Ahmedabad/places/?page=1&limit=12&sort=alpha HTTP/1.1" 200 4408
[20/Jul/2026 22:31:38] "GET /api/cities/?page=1&limit=20&sort=alpha HTTP/1.1" 200 4631
[20/Jul/2026 22:31:38] "GET /api/cities/?page=1&limit=20&sort=alpha HTTP/1.1" 200 4631
WARNING:tensorflow:From C:\Users\KAVYA\AppData\Roaming\Python\Python313\site-packages\tf_keras\src\losses.py:2976: The name tf.losses.sparse_softmax_cross_entropy is deprecated. Please use tf.compat.v1.losses.sparse_softmax_cross_entropy instead.

Initializing Semantic Search Index... (This might take a moment)
[20/Jul/2026 22:31:56] "GET /api/cities/allahabad/detail/ HTTP/1.1" 200 277
[20/Jul/2026 22:31:56] "GET /api/cities/allahabad/detail/ HTTP/1.1" 200 277
[20/Jul/2026 22:31:58] "GET /api/cities/allahabad/nearby/?limit=6 HTTP/1.1" 200 1385
[20/Jul/2026 22:31:58] "GET /api/cities/allahabad/nearby/?limit=6 HTTP/1.1" 200 1385
Found 1167 valid embeddings out of 1167 rows. Parsing...
Success: Loaded 1167 location embeddings into memory.
[20/Jul/2026 22:32:02] "GET /api/cities/?page=1&limit=20&sort=alpha HTTP/1.1" 200 5544
[20/Jul/2026 22:32:19] "GET /api/cities/Allahabad/places/?page=1&limit=12&sort=alpha HTTP/1.1" 200 11244
[20/Jul/2026 22:32:20] "GET /api/cities/Allahabad/places/?page=1&limit=12&sort=alpha HTTP/1.1" 200 11349
[20/Jul/2026 22:32:39] "GET /api/cities/allahabad/places/allahabad-pillar/detail/ HTTP/1.1" 200 1043
[20/Jul/2026 22:32:39] "GET /api/cities/allahabad/places/allahabad-pillar/detail/ HTTP/1.1" 200 1043
[20/Jul/2026 22:32:48] "GET /api/cities/allahabad/detail/ HTTP/1.1" 200 277
[20/Jul/2026 22:32:48] "GET /api/cities/allahabad/nearby/?limit=6 HTTP/1.1" 200 1839
[20/Jul/2026 22:32:48] "GET /api/cities/allahabad/detail/ HTTP/1.1" 200 277
[20/Jul/2026 22:32:48] "GET /api/cities/allahabad/nearby/?limit=6 HTTP/1.1" 200 1839
[20/Jul/2026 22:32:48] "GET /api/cities/Allahabad/places/?page=1&limit=12&sort=alpha HTTP/1.1" 200 11349
[20/Jul/2026 22:32:48] "GET /api/cities/Allahabad/places/?page=1&limit=12&sort=alpha HTTP/1.1" 200 11349
[20/Jul/2026 22:32:53] "GET /api/cities/allahabad/places/chowk-market/detail/ HTTP/1.1" 200 807
[20/Jul/2026 22:32:53] "GET /api/cities/allahabad/places/chowk-market/detail/ HTTP/1.1" 200 807
[20/Jul/2026 22:33:01] "GET /api/cities/allahabad/detail/ HTTP/1.1" 200 277
[20/Jul/2026 22:33:01] "GET /api/cities/allahabad/detail/ HTTP/1.1" 200 277
[20/Jul/2026 22:33:01] "GET /api/cities/allahabad/nearby/?limit=6 HTTP/1.1" 200 1839
[20/Jul/2026 22:33:01] "GET /api/cities/allahabad/nearby/?limit=6 HTTP/1.1" 200 1839
[20/Jul/2026 22:33:01] "GET /api/cities/Allahabad/places/?page=1&limit=12&sort=alpha HTTP/1.1" 200 11349
[20/Jul/2026 22:33:01] "GET /api/cities/Allahabad/places/?page=1&limit=12&sort=alpha HTTP/1.1" 200 11349
[20/Jul/2026 22:33:03] "GET /api/cities/?page=1&limit=20&sort=alpha HTTP/1.1" 200 5544
[20/Jul/2026 22:33:03] "GET /api/cities/?page=1&limit=20&sort=alpha HTTP/1.1" 200 5544
[20/Jul/2026 22:33:11] "GET /api/cities/aurangabad/detail/ HTTP/1.1" 200 240
[20/Jul/2026 22:33:11] "GET /api/cities/aurangabad/detail/ HTTP/1.1" 200 240
[20/Jul/2026 22:33:14] "GET /api/cities/aurangabad/nearby/?limit=6 HTTP/1.1" 200 1473
[20/Jul/2026 22:33:14] "GET /api/cities/aurangabad/nearby/?limit=6 HTTP/1.1" 200 1473
Image Scraper Error: DecodeError: DecodeError('Body collection error: error decoding response body')
[20/Jul/2026 22:33:27] "GET /api/cities/Aurangabad/places/?page=1&limit=12&sort=alpha HTTP/1.1" 200 4611
[20/Jul/2026 22:33:28] "GET /api/cities/Aurangabad/places/?page=1&limit=12&sort=alpha HTTP/1.1" 200 4695
[20/Jul/2026 22:33:41] "GET /api/cities/aurangabad/places/prozone-mall/detail/ HTTP/1.1" 200 917
[20/Jul/2026 22:33:41] "GET /api/cities/aurangabad/places/prozone-mall/detail/ HTTP/1.1" 200 917
[20/Jul/2026 22:34:34] "GET /api/cities/aurangabad/detail/ HTTP/1.1" 200 240
[20/Jul/2026 22:34:34] "GET /api/cities/aurangabad/detail/ HTTP/1.1" 200 240
[20/Jul/2026 22:34:34] "GET /api/cities/aurangabad/nearby/?limit=6 HTTP/1.1" 200 1473
[20/Jul/2026 22:34:34] "GET /api/cities/aurangabad/nearby/?limit=6 HTTP/1.1" 200 1473
[20/Jul/2026 22:34:34] "GET /api/cities/Aurangabad/places/?page=1&limit=12&sort=alpha HTTP/1.1" 200 4695
[20/Jul/2026 22:34:34] "GET /api/cities/Aurangabad/places/?page=1&limit=12&sort=alpha HTTP/1.1" 200 4695
[20/Jul/2026 22:34:42] "GET /api/cities/?page=1&limit=20&sort=alpha HTTP/1.1" 200 5544
[20/Jul/2026 22:34:42] "GET /api/cities/?page=1&limit=20&sort=alpha HTTP/1.1" 200 5544
[20/Jul/2026 22:34:52] "GET /api/cities/auli/detail/ HTTP/1.1" 200 208
[20/Jul/2026 22:34:52] "GET /api/cities/auli/detail/ HTTP/1.1" 200 208
[20/Jul/2026 22:34:58] "GET /api/cities/auli/nearby/?limit=6 HTTP/1.1" 200 1476
[20/Jul/2026 22:34:58] "GET /api/cities/auli/nearby/?limit=6 HTTP/1.1" 200 1476
[20/Jul/2026 22:34:58] "GET /api/cities/Auli/places/?page=1&limit=12&sort=alpha HTTP/1.1" 200 5120
[20/Jul/2026 22:34:58] "GET /api/cities/Auli/places/?page=1&limit=12&sort=alpha HTTP/1.1" 200 5120
[20/Jul/2026 22:35:09] "GET /api/cities/auli/places/chattrakund-lake/detail/ HTTP/1.1" 200 925
[20/Jul/2026 22:35:09] "GET /api/cities/auli/places/chattrakund-lake/detail/ HTTP/1.1" 200 925
[20/Jul/2026 22:35:47] "GET /api/safety/Auli/ HTTP/1.1" 200 188
[20/Jul/2026 22:35:47] "GET /api/safety/Auli/ HTTP/1.1" 200 188
[20/Jul/2026 22:35:51] "GET /api/cities/auli/places/chattrakund-lake/detail/ HTTP/1.1" 200 925
[20/Jul/2026 22:35:51] "GET /api/cities/auli/places/chattrakund-lake/detail/ HTTP/1.1" 200 925
[20/Jul/2026 22:48:48] "GET /api/cities/auli/places/chattrakund-lake/detail/ HTTP/1.1" 200 925
[20/Jul/2026 22:48:48] "GET /api/cities/auli/places/chattrakund-lake/detail/ HTTP/1.1" 200 925
[20/Jul/2026 22:53:59] "GET /api/cities/?page=1&limit=20&sort=alpha HTTP/1.1" 200 5544
[20/Jul/2026 22:53:59] "GET /api/cities/?page=1&limit=20&sort=alpha HTTP/1.1" 200 5544
[20/Jul/2026 22:54:21] "GET /api/cities/?page=1&limit=20&sort=alpha HTTP/1.1" 200 5544
[20/Jul/2026 22:54:21] "GET /api/cities/?page=1&limit=20&sort=alpha HTTP/1.1" 200 5544
[20/Jul/2026 22:59:31] "GET /api/cities/?page=1&limit=20&sort=alpha HTTP/1.1" 200 5544
[20/Jul/2026 22:59:31] "GET /api/cities/?page=1&limit=20&sort=alpha HTTP/1.1" 200 5544
[20/Jul/2026 23:00:14] "GET /api/cities/?page=1&limit=20&sort=alpha HTTP/1.1" 200 5544
[20/Jul/2026 23:00:14] "GET /api/cities/?page=1&limit=20&sort=alpha HTTP/1.1" 200 5544
[20/Jul/2026 23:09:27] "GET /api/cities/?page=1&limit=20&sort=alpha HTTP/1.1" 200 5544
[20/Jul/2026 23:09:27] "GET /api/cities/?page=1&limit=20&sort=alpha HTTP/1.1" 200 5544
[20/Jul/2026 23:13:12] "GET /api/cities/?page=1&limit=20&sort=alpha HTTP/1.1" 200 5544
[20/Jul/2026 23:13:12] "GET /api/cities/?page=1&limit=20&sort=alpha HTTP/1.1" 200 5544
[20/Jul/2026 23:14:24] "GET /api/cities/?page=1&limit=20&sort=alpha HTTP/1.1" 200 5544
[20/Jul/2026 23:14:24] "GET /api/cities/?page=1&limit=20&sort=alpha HTTP/1.1" 200 5544
[20/Jul/2026 23:14:49] "GET /api/cities/ajanta/detail/ HTTP/1.1" 200 213
[20/Jul/2026 23:14:50] "GET /api/cities/ajanta/nearby/?limit=6 HTTP/1.1" 200 1500
[20/Jul/2026 23:14:50] "GET /api/cities/ajanta/detail/ HTTP/1.1" 200 213
[20/Jul/2026 23:14:50] "GET /api/cities/ajanta/nearby/?limit=6 HTTP/1.1" 200 1500
[20/Jul/2026 23:14:56] "GET /api/cities/Ajanta/places/?page=1&limit=12&sort=alpha HTTP/1.1" 200 1186
[20/Jul/2026 23:15:04] "GET /api/cities/ajanta/places/ellora-caves/detail/ HTTP/1.1" 200 1213
[20/Jul/2026 23:15:04] "GET /api/cities/ajanta/places/ellora-caves/detail/ HTTP/1.1" 200 1213
[20/Jul/2026 23:15:31] "GET /api/cities/ajanta/detail/ HTTP/1.1" 200 213
[20/Jul/2026 23:15:31] "GET /api/cities/ajanta/detail/ HTTP/1.1" 200 213
[20/Jul/2026 23:15:31] "GET /api/cities/ajanta/nearby/?limit=6 HTTP/1.1" 200 1500
[20/Jul/2026 23:15:31] "GET /api/cities/ajanta/nearby/?limit=6 HTTP/1.1" 200 1500
[20/Jul/2026 23:15:31] "GET /api/cities/Ajanta/places/?page=1&limit=12&sort=alpha HTTP/1.1" 200 1186
[20/Jul/2026 23:15:31] "GET /api/cities/Ajanta/places/?page=1&limit=12&sort=alpha HTTP/1.1" 200 1186
[20/Jul/2026 23:17:58] "GET /api/cities/matheran/detail/ HTTP/1.1" 200 217
[20/Jul/2026 23:17:58] "GET /api/cities/matheran/nearby/?limit=6 HTTP/1.1" 200 1496
[20/Jul/2026 23:17:58] "GET /api/cities/Ajanta/places/?page=1&limit=12&sort=alpha HTTP/1.1" 200 1186
[20/Jul/2026 23:18:07] "GET /api/cities/Matheran/places/?page=1&limit=12&sort=alpha HTTP/1.1" 200 7047
Not Found: /api/cities/matheran/places/ellora-caves/detail/
[20/Jul/2026 23:18:08] "GET /api/cities/matheran/places/ellora-caves/detail/ HTTP/1.1" 404 60
Not Found: /api/cities/matheran/places/ellora-caves/detail/
[20/Jul/2026 23:18:08] "GET /api/cities/matheran/places/ellora-caves/detail/ HTTP/1.1" 404 60
[20/Jul/2026 23:18:10] "GET /api/cities/matheran/nearby/?limit=6 HTTP/1.1" 200 1496
[20/Jul/2026 23:18:10] "GET /api/cities/matheran/detail/ HTTP/1.1" 200 217
[20/Jul/2026 23:18:10] "GET /api/cities/matheran/nearby/?limit=6 HTTP/1.1" 200 1496
[20/Jul/2026 23:18:10] "GET /api/cities/matheran/detail/ HTTP/1.1" 200 217
[20/Jul/2026 23:18:10] "GET /api/cities/Matheran/places/?page=1&limit=12&sort=alpha HTTP/1.1" 200 7047
[20/Jul/2026 23:18:10] "GET /api/cities/Matheran/places/?page=1&limit=12&sort=alpha HTTP/1.1" 200 7047
D:\Travel.IO\ml-service\ml\embedding_index.py changed, reloading.
[20/Jul/2026 23:18:19] "GET /api/cities/matheran/places/chanderi-caves-trek/detail/ HTTP/1.1" 200 844
[20/Jul/2026 23:18:19] "GET /api/cities/matheran/places/chanderi-caves-trek/detail/ HTTP/1.1" 200 844
Watching for file changes with StatReloader
Performing system checks...

[TravelIO] Graph loaded with 10 nodes and 71 edges.
System check identified no issues (0 silenced).

You have 18 unapplied migration(s). Your project may not work properly until you apply the migrations for app(s): admin, auth, contenttypes, sessions.
Run 'python manage.py migrate' to apply them.
July 20, 2026 - 23:18:46
Django version 4.2.30, using settings 'travelio.settings'
Starting development server at http://127.0.0.1:8000/
Quit the server with CTRL-BREAK.

CityIndex: loading places data...
D:\Travel.IO\ml-service\ml\city_index.py:83: FutureWarning: The behavior of DataFrame concatenation with empty or all-NA entries is deprecated. In a future version, this will no longer exclude empty or all-NA columns when determining the result dtypes. To retain the old behavior, exclude the relevant entries before the concat operation.
  merged = pd.concat(frames, ignore_index=True)
  CityIndex: 1135 places across 241 cities in 37 states.
WARNING: All log messages before absl::InitializeLog() is called are written to STDERR
I0000 00:00:1784569948.033065   21736 port.cc:153] oneDNN custom operations are on. You may see slightly different numerical results due to floating-point round-off errors from different computation orders. To turn them off, set the environment variable `TF_ENABLE_ONEDNN_OPTS=0`.
WARNING: All log messages before absl::InitializeLog() is called are written to STDERR
I0000 00:00:1784569953.519361   21736 port.cc:153] oneDNN custom operations are on. You may see slightly different numerical results due to floating-point round-off errors from different computation orders. To turn them off, set the environment variable `TF_ENABLE_ONEDNN_OPTS=0`.
WARNING:tensorflow:From C:\Users\KAVYA\AppData\Roaming\Python\Python313\site-packages\tf_keras\src\losses.py:2976: The name tf.losses.sparse_softmax_cross_entropy is deprecated. Please use tf.compat.v1.losses.sparse_softmax_cross_entropy instead.

Initializing Semantic Search Index... (This might take a moment)
Found 1167 valid embeddings out of 1167 rows. Parsing...
Success: Loaded 1167 location embeddings into memory.
[20/Jul/2026 23:23:03] "GET /api/cities/?page=1 HTTP/1.1" 200 5550
Image Scraper Error: No results found.
Image Scraper Error: error sending request for url (https://duckduckgo.com/?q=Humayun%27s+Tomb+Delhi+india) > operation timed out
[20/Jul/2026 23:23:24] "GET /api/cities/delhi/places/ HTTP/1.1" 200 9417
[20/Jul/2026 23:28:17] "GET /api/cities/matheran/nearby/?limit=6 HTTP/1.1" 200 1469
[20/Jul/2026 23:28:17] "GET /api/cities/matheran/nearby/?limit=6 HTTP/1.1" 200 1469
[20/Jul/2026 23:28:18] "GET /api/cities/matheran/detail/ HTTP/1.1" 200 243
[20/Jul/2026 23:28:18] "GET /api/cities/matheran/detail/ HTTP/1.1" 200 243
[20/Jul/2026 23:28:18] "GET /api/cities/Matheran/places/?page=1&limit=12&sort=alpha HTTP/1.1" 200 7047
[20/Jul/2026 23:28:18] "GET /api/cities/Matheran/places/?page=1&limit=12&sort=alpha HTTP/1.1" 200 7047
D:\Travel.IO\ml-service\ml\image_scraper.py changed, reloading.
Watching for file changes with StatReloader
Performing system checks...

[TravelIO] Graph loaded with 10 nodes and 71 edges.
System check identified no issues (0 silenced).

You have 18 unapplied migration(s). Your project may not work properly until you apply the migrations for app(s): admin, auth, contenttypes, sessions.
Run 'python manage.py migrate' to apply them.
July 20, 2026 - 23:30:26
Django version 4.2.30, using settings 'travelio.settings'
Starting development server at http://127.0.0.1:8000/
Quit the server with CTRL-BREAK.

CityIndex: loading places data...
D:\Travel.IO\ml-service\ml\city_index.py:83: FutureWarning: The behavior of DataFrame concatenation with empty or all-NA entries is deprecated. In a future version, this will no longer exclude empty or all-NA columns when determining the result dtypes. To retain the old behavior, exclude the relevant entries before the concat operation.
  merged = pd.concat(frames, ignore_index=True)
  CityIndex: 1135 places across 241 cities in 37 states.
WARNING: All log messages before absl::InitializeLog() is called are written to STDERR
I0000 00:00:1784570475.485776    3264 port.cc:153] oneDNN custom operations are on. You may see slightly different numerical results due to floating-point round-off errors from different computation orders. To turn them off, set the environment variable `TF_ENABLE_ONEDNN_OPTS=0`.
WARNING: All log messages before absl::InitializeLog() is called are written to STDERR
I0000 00:00:1784570488.143907    3264 port.cc:153] oneDNN custom operations are on. You may see slightly different numerical results due to floating-point round-off errors from different computation orders. To turn them off, set the environment variable `TF_ENABLE_ONEDNN_OPTS=0`.
WARNING:tensorflow:From C:\Users\KAVYA\AppData\Roaming\Python\Python313\site-packages\tf_keras\src\losses.py:2976: The name tf.losses.sparse_softmax_cross_entropy is deprecated. Please use tf.compat.v1.losses.sparse_softmax_cross_entropy instead.

Initializing Semantic Search Index... (This might take a moment)
Found 1167 valid embeddings out of 1167 rows. Parsing...
Success: Loaded 1167 location embeddings into memory.
[20/Jul/2026 23:32:47] "GET /api/cities/?page=1 HTTP/1.1" 200 5514
Image Scraper Error: No results found.
Image Scraper Error: error sending request for url (https://www.bing.com/images/async?q=Garden+of+Five+Senses+Delhi+india&async=1&first=1&count=35) > operation timed out
[20/Jul/2026 23:35:09] "GET /api/cities/delhi/places/ HTTP/1.1" 200 8517
[20/Jul/2026 23:36:22] "GET /api/cities/?page=1 HTTP/1.1" 200 5514
[20/Jul/2026 23:36:24] "GET /api/cities/?page=1 HTTP/1.1" 200 5514
Image Scraper Error: error sending request for url (https://www.bing.com/images/async?q=Gondacherra+wildlife+sanctuary+Agartala+india&async=1&first=1&count=35) > operation timed out
[20/Jul/2026 23:38:06] "GET /api/cities/agartala/places/?page=1 HTTP/1.1" 200 7174
Image Scraper Error: error sending request for url (https://www.bing.com/images/async?q=Subhash+bazzar+Agra+india&async=1&first=1&count=35) > operation timed out
[20/Jul/2026 23:40:23] "GET /api/cities/agra/places/?page=1 HTTP/1.1" 200 8851
[20/Jul/2026 23:40:47] "GET /api/cities/agra/places/?page=2 HTTP/1.1" 200 1834
[20/Jul/2026 23:41:32] "GET /api/cities/ahemdabad/places/?page=1 HTTP/1.1" 200 2527
[20/Jul/2026 23:42:42] "GET /api/cities/ahmedabad/places/?page=1 HTTP/1.1" 200 4234
[20/Jul/2026 23:42:59] "GET /api/cities/ajanta/places/?page=1 HTTP/1.1" 200 916
[20/Jul/2026 23:44:05] "GET /api/cities/ajmer/places/?page=1 HTTP/1.1" 200 3638
[20/Jul/2026 23:45:46] "GET /api/cities/alappuzha/places/?page=1 HTTP/1.1" 200 7364
[20/Jul/2026 23:46:27] "GET /api/cities/alibaug/places/?page=1 HTTP/1.1" 200 2477
[20/Jul/2026 23:46:31] "GET /api/cities/alibaug/places/?page=1 HTTP/1.1" 200 2477
Image Scraper Error: No results found.
Image Scraper Error: error sending request for url (https://www.bing.com/images/async?q=Rajmangal+Publishers++Aligarh+india&async=1&first=1&count=35) > operation timed out
[20/Jul/2026 23:48:45] "GET /api/cities/aligarh/places/?page=1 HTTP/1.1" 200 8741
[20/Jul/2026 23:51:07] "GET /api/cities/allahabad/places/?page=1 HTTP/1.1" 200 8287
[20/Jul/2026 23:51:40] "GET /api/cities/allahabad/places/?page=2 HTTP/1.1" 200 1662
[20/Jul/2026 23:52:00] "GET /api/cities/almora/places/?page=1 HTTP/1.1" 200 912
[20/Jul/2026 23:52:17] "GET /api/cities/amarkantak/places/?page=1 HTTP/1.1" 200 903
[20/Jul/2026 23:52:32] "GET /api/cities/amravati/places/?page=1 HTTP/1.1" 200 970
[20/Jul/2026 23:54:03] "GET /api/cities/amritsar/places/?page=1 HTTP/1.1" 200 7159
[20/Jul/2026 23:54:15] "GET /api/cities/anantapur/places/?page=1 HTTP/1.1" 200 929
[20/Jul/2026 23:54:31] "GET /api/cities/anantnag/places/?page=1 HTTP/1.1" 200 963
[20/Jul/2026 23:55:58] "GET /api/cities/auli/places/?page=1 HTTP/1.1" 200 4679
[20/Jul/2026 23:57:10] "GET /api/cities/aurangabad/places/?page=1 HTTP/1.1" 200 4055
[20/Jul/2026 23:57:14] "GET /api/cities/aurangabad/places/?page=1 HTTP/1.1" 200 4055
[20/Jul/2026 23:58:39] "GET /api/cities/?page=2 HTTP/1.1" 200 5057
[20/Jul/2026 23:58:58] "GET /api/cities/auroville/places/?page=1 HTTP/1.1" 200 879
Image Scraper Error: error sending request for url (https://www.bing.com/images/async?q=+Kanak+Bhawan++Ayodhya+india&async=1&first=1&count=35) > operation timed out
[21/Jul/2026 00:00:29] "GET /api/cities/ayodhya/places/?page=1 HTTP/1.1" 200 5581
[21/Jul/2026 00:01:34] "GET /api/cities/badami/places/?page=1 HTTP/1.1" 200 2571
[21/Jul/2026 00:02:03] "GET /api/cities/badrinath/places/?page=1 HTTP/1.1" 200 861
Image Scraper Error: No results found.
[21/Jul/2026 00:03:09] "GET /api/cities/balasore/places/?page=1 HTTP/1.1" 200 3755
Image Scraper Error: DecodeError: DecodeError('Body collection error: error decoding response body')
[21/Jul/2026 00:03:23] "GET /api/cities/bandhavgarh/places/?page=1 HTTP/1.1" 200 951
[21/Jul/2026 00:03:40] "GET /api/cities/bandipur/places/?page=1 HTTP/1.1" 200 903
[21/Jul/2026 00:07:02] "GET /api/cities/bangalore/places/?page=1 HTTP/1.1" 200 8045
[21/Jul/2026 00:07:06] "GET /api/cities/baratang-island/places/?page=1 HTTP/1.1" 200 95
[21/Jul/2026 00:07:28] "GET /api/cities/barot/places/?page=1 HTTP/1.1" 200 815
[21/Jul/2026 00:08:44] "GET /api/cities/bastar/places/?page=1 HTTP/1.1" 200 4282
[21/Jul/2026 00:08:58] "GET /api/cities/bekal/places/?page=1 HTTP/1.1" 200 775
[21/Jul/2026 00:09:25] "GET /api/cities/bengaluru/places/?page=1 HTTP/1.1" 200 1821
[21/Jul/2026 00:11:02] "GET /api/cities/berhampur/places/?page=1 HTTP/1.1" 200 4859
[21/Jul/2026 00:11:28] "GET /api/cities/bhimbetka/places/?page=1 HTTP/1.1" 200 915
[21/Jul/2026 00:12:39] "GET /api/cities/matheran/detail/ HTTP/1.1" 200 231
[21/Jul/2026 00:12:39] "GET /api/cities/matheran/detail/ HTTP/1.1" 200 231
[21/Jul/2026 00:12:41] "GET /api/cities/matheran/nearby/?limit=6 HTTP/1.1" 200 1504
[21/Jul/2026 00:12:41] "GET /api/cities/matheran/nearby/?limit=6 HTTP/1.1" 200 1504
[21/Jul/2026 00:13:03] "GET /api/cities/bhopal/places/?page=1 HTTP/1.1" 200 6415
[21/Jul/2026 00:13:19] "GET /api/cities/bhubaneswar/places/?page=1 HTTP/1.1" 200 1884
[21/Jul/2026 00:14:20] "GET /api/cities/Matheran/places/?page=1&limit=12&sort=alpha HTTP/1.1" 200 6846
[21/Jul/2026 00:14:20] "GET /api/cities/Matheran/places/?page=1&limit=12&sort=alpha HTTP/1.1" 200 6792
[21/Jul/2026 00:14:20] "GET /api/cities/bhuj/places/?page=1 HTTP/1.1" 200 4266
[21/Jul/2026 00:14:24] "GET /api/cities/bhuj/places/?page=1 HTTP/1.1" 200 4266
[21/Jul/2026 00:16:00] "GET /api/cities/bijapur/places/?page=1 HTTP/1.1" 200 4805
Image Scraper Error: error sending request for url (https://www.bing.com/images/async?q=Chopta+Uttarakhand+india+tourism&async=1&first=1&count=35) > operation timed out
[21/Jul/2026 00:17:53] "GET /api/cities/?page=3 HTTP/1.1" 200 5035
[21/Jul/2026 00:17:57] "GET /api/cities/bijapur/places/?page=1 HTTP/1.1" 200 4805
[21/Jul/2026 00:18:08] "GET /api/cities/bikaner/places/?page=1 HTTP/1.1" 200 923
[21/Jul/2026 00:18:11] "GET /api/cities/bir-billing/places/?page=1 HTTP/1.1" 200 91
[21/Jul/2026 00:18:15] "GET /api/cities/bodh-gaya/places/?page=1 HTTP/1.1" 200 89
[21/Jul/2026 00:18:39] "GET /api/cities/bolpur/places/?page=1 HTTP/1.1" 200 840
[21/Jul/2026 00:19:01] "GET /api/cities/chamba/places/?page=1 HTTP/1.1" 200 817
Image Scraper Error: error sending request for url (https://duckduckgo.com/?q=Sector+17+Market+Chandigarh+india) > operation timed out
[21/Jul/2026 00:20:39] "GET /api/cities/chandigarh/places/?page=1 HTTP/1.1" 200 6726
[21/Jul/2026 00:23:12] "GET /api/cities/chennai/places/?page=1 HTTP/1.1" 200 9131
[21/Jul/2026 00:24:24] "GET /api/cities/chennai/places/?page=2 HTTP/1.1" 200 4791
[21/Jul/2026 00:26:55] "GET /api/cities/cherrapunji/places/?page=1 HTTP/1.1" 200 7662
[21/Jul/2026 00:27:12] "GET /api/cities/chidambaram/places/?page=1 HTTP/1.1" 200 868
[21/Jul/2026 00:27:52] "GET /api/cities/chikmagalur/places/?page=1 HTTP/1.1" 200 1720
[21/Jul/2026 00:29:25] "GET /api/cities/chikmanglur/places/?page=1 HTTP/1.1" 200 5345
[21/Jul/2026 00:29:29] "GET /api/cities/chikmanglur/places/?page=1 HTTP/1.1" 200 5345
[21/Jul/2026 00:29:43] "GET /api/cities/chilika/places/?page=1 HTTP/1.1" 200 1018
[21/Jul/2026 00:29:46] "GET /api/cities/?page=1&limit=20&sort=alpha HTTP/1.1" 200 5514
[21/Jul/2026 00:29:46] "GET /api/cities/?page=1&limit=20&sort=alpha HTTP/1.1" 200 5514
[21/Jul/2026 00:30:00] "GET /api/cities/chitrakoot/places/?page=1 HTTP/1.1" 200 882
[21/Jul/2026 00:30:19] "GET /api/cities/chittorgarh/places/?page=1 HTTP/1.1" 200 974
[21/Jul/2026 00:30:42] "GET /api/cities/chopta/places/?page=1 HTTP/1.1" 200 830
Internal Server Error: /api/landmark/predict/
[21/Jul/2026 00:31:07] "POST /api/landmark/predict/ HTTP/1.1" 500 331
Internal Server Error: /api/landmark/predict/
[21/Jul/2026 00:31:35] "POST /api/landmark/predict/ HTTP/1.1" 500 331
Internal Server Error: /api/landmark/predict/
[21/Jul/2026 00:32:29] "POST /api/landmark/predict/ HTTP/1.1" 500 331
[21/Jul/2026 00:32:58] "GET /api/cities/coimbatore/places/?page=1 HTTP/1.1" 200 9780
Internal Server Error: /api/landmark/predict/
[21/Jul/2026 00:33:31] "POST /api/landmark/predict/ HTTP/1.1" 500 331
Image Scraper Error: error sending request for url (https://www.bing.com/images/async?q=Velliangiri+hills+Coimbatore+india&async=1&first=1&count=35) > operation timed out
[21/Jul/2026 00:34:14] "GET /api/cities/coimbatore/places/?page=2 HTTP/1.1" 200 5653
[21/Jul/2026 00:34:18] "GET /api/cities/cooch-behar/places/?page=1 HTTP/1.1" 200 91
[21/Jul/2026 00:36:49] "GET /api/cities/coorg/places/?page=1 HTTP/1.1" 200 7592
[21/Jul/2026 00:38:20] "GET /api/cities/?page=4 HTTP/1.1" 200 5260
Image Scraper Error: error sending request for url (https://www.bing.com/images/async?q=Netaji+museum+Cuttack+india&async=1&first=1&count=35) > operation timed out
[21/Jul/2026 00:39:49] "GET /api/cities/cuttack/places/?page=1 HTTP/1.1" 200 6673
[21/Jul/2026 00:42:28] "GET /api/cities/dalhousie/places/?page=1 HTTP/1.1" 200 7546
[21/Jul/2026 00:43:00] "GET /api/cities/daman/places/?page=1 HTTP/1.1" 200 1629
Image Scraper Error: error sending request for url (https://www.bing.com/images/async?q=Chowk+Bazaar+Darjeeling+india&async=1&first=1&count=35) > operation timed out
Image Scraper Error: No results found.
[21/Jul/2026 00:45:04] "GET /api/cities/darjeeling/places/?page=1 HTTP/1.1" 200 9560
Image Scraper Error: error sending request for url (https://www.bing.com/images/async?q=Lepchajagat+village+Darjeeling+india&async=1&first=1&count=35) > operation timed out
[21/Jul/2026 00:47:02] "GET /api/cities/darjeeling/places/?page=2 HTTP/1.1" 200 9212
[21/Jul/2026 00:47:28] "GET /api/cities/darjeeling/places/?page=3 HTTP/1.1" 200 1847
[21/Jul/2026 00:49:00] "GET /api/cities/dehradun/places/?page=1 HTTP/1.1" 200 9079
[21/Jul/2026 00:49:57] "GET /api/cities/dehradun/places/?page=2 HTTP/1.1" 200 3715
[21/Jul/2026 00:50:17] "GET /api/cities/delhi/places/?page=1 HTTP/1.1" 200 8388
Image Scraper Error: No results found.
[21/Jul/2026 00:51:25] "GET /api/cities/delhi/places/?page=2 HTTP/1.1" 200 5987
Image Scraper Error: error sending request for url (https://duckduckgo.com/i.js?o=json&q=Baba+Baidyanath+Temple+Deoghar+india&l=us-en&vqd=4-165730256480924680339977336920030688575&p=1&ct=AT) > operation timed out
[21/Jul/2026 00:51:56] "GET /api/cities/?page=1&limit=20&sort=alpha HTTP/1.1" 200 5514
[21/Jul/2026 00:51:56] "GET /api/cities/?page=1&limit=20&sort=alpha HTTP/1.1" 200 5514
[21/Jul/2026 00:52:16] "GET /api/cities/deoghar/places/?page=1 HTTP/1.1" 200 2766
[21/Jul/2026 00:52:19] "GET /api/cities/?page=1&limit=20&sort=alpha HTTP/1.1" 200 5514
[21/Jul/2026 00:52:19] "GET /api/cities/?page=1&limit=20&sort=alpha HTTP/1.1" 200 5514
Image Scraper Error: No results found.
[21/Jul/2026 00:52:26] "GET /api/cities/digha/places/?page=1 HTTP/1.1" 200 911
[21/Jul/2026 00:53:13] "GET /api/cities/diskit/places/?page=1 HTTP/1.1" 200 3087
[21/Jul/2026 00:55:14] "GET /api/cities/diu/places/?page=1 HTTP/1.1" 200 4420
[21/Jul/2026 00:55:32] "GET /api/cities/dras/places/?page=1 HTTP/1.1" 200 856
[21/Jul/2026 00:55:51] "GET /api/cities/dumboor/places/?page=1 HTTP/1.1" 200 811
[21/Jul/2026 00:56:26] "GET /api/cities/?page=1&limit=20&sort=alpha HTTP/1.1" 200 5514
[21/Jul/2026 00:56:26] "GET /api/cities/?page=1&limit=20&sort=alpha HTTP/1.1" 200 5514
[21/Jul/2026 00:56:49] "GET /api/cities/dwarka/places/?page=1 HTTP/1.1" 200 3288
[21/Jul/2026 00:56:53] "GET /api/cities/dwarka/places/?page=1 HTTP/1.1" 200 3288
[21/Jul/2026 00:56:56] "GET /api/cities/dz%C3%BCkou-valley/places/?page=1 HTTP/1.1" 200 94
[21/Jul/2026 00:57:00] "GET /api/cities/fatehpur-sikri/places/?page=1 HTTP/1.1" 200 94
[21/Jul/2026 00:58:05] "GET /api/cities/gandhinagar/places/?page=1 HTTP/1.1" 200 4436
[21/Jul/2026 00:58:09] "GET /api/cities/gandhinagar/places/?page=1 HTTP/1.1" 200 4436
Image Scraper Error: error sending request for url (https://www.bing.com/images/async?q=Himalayan+Zoological+park+Gangtok+india&async=1&first=1&count=35) > operation timed out
[21/Jul/2026 01:00:35] "GET /api/cities/gangtok/places/?page=1 HTTP/1.1" 200 8195
Image Scraper Error: error sending request for url (https://duckduckgo.com/?q=River+rafting+Gangtok+india) > operation timed out
Image Scraper Error: No results found.
Image Scraper Error: error sending request for url (https://www.bing.com/images/async?q=Sunrise+at+Tashi+view+point+Gangtok+india&async=1&first=1&count=35) > operation timed out
[21/Jul/2026 01:02:26] "GET /api/cities/gangtok/places/?page=2 HTTP/1.1" 200 8423
