Traceback (most recent call last):
  File "<string>", line 1, in <module>
    import urllib.request, json; req = urllib.request.Request('http://localhost:8000/api/search/semantic/', data=json.dumps({'query': 'mountains'}).encode('utf-8'), headers={'Content-Type': 'application/json'}); print(urllib.request.urlopen(req).read().decode('utf-8'))
                                                                                                                                                                                                                          ~~~~~~~~~~~~~~~~~~~~~~^^^^^
  File "C:\Python313\Lib\urllib\request.py", line 189, in urlopen
    return opener.open(url, data, timeout)
           ~~~~~~~~~~~^^^^^^^^^^^^^^^^^^^^
  File "C:\Python313\Lib\urllib\request.py", line 495, in open
    response = meth(req, response)
  File "C:\Python313\Lib\urllib\request.py", line 604, in http_response
    response = self.parent.error(
        'http', request, response, code, msg, hdrs)
  File "C:\Python313\Lib\urllib\request.py", line 533, in error
    return self._call_chain(*args)
           ~~~~~~~~~~~~~~~~^^^^^^^
  File "C:\Python313\Lib\urllib\request.py", line 466, in _call_chain
    result = func(*args)
  File "C:\Python313\Lib\urllib\request.py", line 613, in http_error_default
    raise HTTPError(req.full_url, code, msg, hdrs, fp)
urllib.error.HTTPError: HTTP Error 500: Internal Server Error
