Defaulting to user installation because normal site-packages is not writeable
Collecting ddgs
  Downloading ddgs-9.14.4-py3-none-any.whl.metadata (20 kB)
Requirement already satisfied: click>=8.1.8 in C:\Users\KAVYA\AppData\Roaming\Python\Python313\site-packages (from ddgs) (8.2.1)
Requirement already satisfied: primp>=1.2.3 in C:\Users\KAVYA\AppData\Roaming\Python\Python313\site-packages (from ddgs) (1.3.1)
Requirement already satisfied: lxml>=4.9.4 in C:\Users\KAVYA\AppData\Roaming\Python\Python313\site-packages (from ddgs) (6.0.1)
Requirement already satisfied: httpx>=0.28.1 in C:\Users\KAVYA\AppData\Roaming\Python\Python313\site-packages (from httpx[brotli,http2,socks]>=0.28.1->ddgs) (0.28.1)
Collecting fake-useragent>=2.2.0 (from ddgs)
  Downloading fake_useragent-2.2.0-py3-none-any.whl.metadata (17 kB)
Requirement already satisfied: colorama in C:\Users\KAVYA\AppData\Roaming\Python\Python313\site-packages (from click>=8.1.8->ddgs) (0.4.6)
Requirement already satisfied: anyio in C:\Users\KAVYA\AppData\Roaming\Python\Python313\site-packages (from httpx>=0.28.1->httpx[brotli,http2,socks]>=0.28.1->ddgs) (4.12.1)
Requirement already satisfied: certifi in C:\Users\KAVYA\AppData\Roaming\Python\Python313\site-packages (from httpx>=0.28.1->httpx[brotli,http2,socks]>=0.28.1->ddgs) (2025.8.3)
Requirement already satisfied: httpcore==1.* in C:\Users\KAVYA\AppData\Roaming\Python\Python313\site-packages (from httpx>=0.28.1->httpx[brotli,http2,socks]>=0.28.1->ddgs) (1.0.9)
Requirement already satisfied: idna in C:\Users\KAVYA\AppData\Roaming\Python\Python313\site-packages (from httpx>=0.28.1->httpx[brotli,http2,socks]>=0.28.1->ddgs) (3.10)
Requirement already satisfied: h11>=0.16 in C:\Users\KAVYA\AppData\Roaming\Python\Python313\site-packages (from httpcore==1.*->httpx>=0.28.1->httpx[brotli,http2,socks]>=0.28.1->ddgs) (0.16.0)
Collecting brotli (from httpx[brotli,http2,socks]>=0.28.1->ddgs)
  Downloading brotli-1.2.0-cp313-cp313-win_amd64.whl.metadata (6.3 kB)
Requirement already satisfied: h2<5,>=3 in C:\Users\KAVYA\AppData\Roaming\Python\Python313\site-packages (from httpx[brotli,http2,socks]>=0.28.1->ddgs) (4.3.0)
Collecting socksio==1.* (from httpx[brotli,http2,socks]>=0.28.1->ddgs)
  Downloading socksio-1.0.0-py3-none-any.whl.metadata (6.1 kB)
Requirement already satisfied: hyperframe<7,>=6.1 in C:\Users\KAVYA\AppData\Roaming\Python\Python313\site-packages (from h2<5,>=3->httpx[brotli,http2,socks]>=0.28.1->ddgs) (6.1.0)
Requirement already satisfied: hpack<5,>=4.1 in C:\Users\KAVYA\AppData\Roaming\Python\Python313\site-packages (from h2<5,>=3->httpx[brotli,http2,socks]>=0.28.1->ddgs) (4.1.0)
Downloading ddgs-9.14.4-py3-none-any.whl (70 kB)
Downloading fake_useragent-2.2.0-py3-none-any.whl (161 kB)
Downloading socksio-1.0.0-py3-none-any.whl (12 kB)
Downloading brotli-1.2.0-cp313-cp313-win_amd64.whl (369 kB)
Installing collected packages: brotli, socksio, fake-useragent, ddgs
  WARNING: The script ddgs.exe is installed in 'C:\Users\KAVYA\AppData\Roaming\Python\Python313\Scripts' which is not on PATH.
  Consider adding this directory to PATH or, if you prefer to suppress this warning, use --no-warn-script-location.

Successfully installed brotli-1.2.0 ddgs-9.14.4 fake-useragent-2.2.0 socksio-1.0.0

[notice] A new release of pip is available: 26.0.1 -> 26.1.2
[notice] To update, run: python.exe -m pip install --upgrade pip
