Traceback (most recent call last):
  File "D:\Travel.IO\server\scripts\db_expand_images.py", line 95, in <module>
    main()
    ~~~~^^
  File "D:\Travel.IO\server\scripts\db_expand_images.py", line 37, in main
    all_locations = list(locations.find({}))
  File "C:\Users\KAVYA\AppData\Roaming\Python\Python313\site-packages\pymongo\synchronous\cursor.py", line 1166, in __next__
    return self.next()
           ~~~~~~~~~^^
  File "C:\Users\KAVYA\AppData\Roaming\Python\Python313\site-packages\pymongo\synchronous\cursor.py", line 1142, in next
    if len(self._data) or self._refresh():
                          ~~~~~~~~~~~~~^^
  File "C:\Users\KAVYA\AppData\Roaming\Python\Python313\site-packages\pymongo\synchronous\cursor.py", line 1090, in _refresh
    self._send_message(q)
    ~~~~~~~~~~~~~~~~~~^^^
  File "C:\Users\KAVYA\AppData\Roaming\Python\Python313\site-packages\pymongo\synchronous\cursor.py", line 985, in _send_message
    response = client._run_operation(
        operation, self._unpack_response, address=self._address
    )
  File "C:\Users\KAVYA\AppData\Roaming\Python\Python313\site-packages\pymongo\_csot.py", line 125, in csot_wrapper
    return func(self, *args, **kwargs)
  File "C:\Users\KAVYA\AppData\Roaming\Python\Python313\site-packages\pymongo\synchronous\mongo_client.py", line 1956, in _run_operation
    return self._retryable_read(
           ~~~~~~~~~~~~~~~~~~~~^
        _cmd,
        ^^^^^
    ...<4 lines>...
        operation=operation.name,
        ^^^^^^^^^^^^^^^^^^^^^^^^^
    )
    ^
  File "C:\Users\KAVYA\AppData\Roaming\Python\Python313\site-packages\pymongo\synchronous\mongo_client.py", line 2076, in _retryable_read
    return self._retry_internal(
           ~~~~~~~~~~~~~~~~~~~~^
        func,
        ^^^^^
    ...<9 lines>...
        is_aggregate_write=is_aggregate_write,
        ^^^^^^^^^^^^^^^^^^^^^^^^^^^^^^^^^^^^^^
    )
    ^
  File "C:\Users\KAVYA\AppData\Roaming\Python\Python313\site-packages\pymongo\_csot.py", line 125, in csot_wrapper
    return func(self, *args, **kwargs)
  File "C:\Users\KAVYA\AppData\Roaming\Python\Python313\site-packages\pymongo\synchronous\mongo_client.py", line 2038, in _retry_internal
    ).run()
      ~~~^^
  File "C:\Users\KAVYA\AppData\Roaming\Python\Python313\site-packages\pymongo\synchronous\mongo_client.py", line 2811, in run
    res = self._read() if self._is_read else self._write()
          ~~~~~~~~~~^^
  File "C:\Users\KAVYA\AppData\Roaming\Python\Python313\site-packages\pymongo\synchronous\mongo_client.py", line 3027, in _read
    self._server = self._get_server()
                   ~~~~~~~~~~~~~~~~^^
  File "C:\Users\KAVYA\AppData\Roaming\Python\Python313\site-packages\pymongo\synchronous\mongo_client.py", line 2975, in _get_server
    return self._client._select_server(
           ~~~~~~~~~~~~~~~~~~~~~~~~~~~^
        self._server_selector,
        ^^^^^^^^^^^^^^^^^^^^^^
    ...<4 lines>...
        operation_id=self._operation_id,
        ^^^^^^^^^^^^^^^^^^^^^^^^^^^^^^^^
    )
    ^
  File "C:\Users\KAVYA\AppData\Roaming\Python\Python313\site-packages\pymongo\synchronous\mongo_client.py", line 1851, in _select_server
    server = topology.select_server(
        server_selector,
    ...<2 lines>...
        operation_id=operation_id,
    )
  File "C:\Users\KAVYA\AppData\Roaming\Python\Python313\site-packages\pymongo\synchronous\topology.py", line 428, in select_server
    server = self._select_server(
        selector,
    ...<4 lines>...
        operation_id=operation_id,
    )
  File "C:\Users\KAVYA\AppData\Roaming\Python\Python313\site-packages\pymongo\synchronous\topology.py", line 402, in _select_server
    servers = self.select_servers(
        selector,
    ...<4 lines>...
        deprioritized_servers,
    )
  File "C:\Users\KAVYA\AppData\Roaming\Python\Python313\site-packages\pymongo\synchronous\topology.py", line 298, in select_servers
    server_descriptions = self._select_servers_loop(
        selector,
    ...<4 lines>...
        deprioritized_servers=deprioritized_servers,
    )
  File "C:\Users\KAVYA\AppData\Roaming\Python\Python313\site-packages\pymongo\synchronous\topology.py", line 359, in _select_servers_loop
    raise ServerSelectionTimeoutError(
        f"{self._error_message(selector)}, Timeout: {timeout}s, Topology Description: {self.description!r}"
    )
pymongo.errors.ServerSelectionTimeoutError: localhost:27017: [WinError 10061] No connection could be made because the target machine actively refused it (configured timeouts: socketTimeoutMS: 20000.0ms, connectTimeoutMS: 20000.0ms), Timeout: 30s, Topology Description: <TopologyDescription id: 6a5e5a2af959472375d099f8, topology_type: Unknown, servers: [<ServerDescription ('localhost', 27017) server_type: Unknown, rtt: None, error=AutoReconnect('localhost:27017: [WinError 10061] No connection could be made because the target machine actively refused it (configured timeouts: socketTimeoutMS: 20000.0ms, connectTimeoutMS: 20000.0ms)')>]>
